Archive member included to satisfy reference by file (symbol)

C:\Users\Administrator\Documents\MCUXpressoIDE_10.0.2_411\workspace\lpc_board_nxp_lpcxpresso_1549\Debug\liblpc_board_nxp_lpcxpresso_1549.a(board.o)
                              ./src/lab8e1.o (Board_UARTPutSTR)
C:\Users\Administrator\Documents\MCUXpressoIDE_10.0.2_411\workspace\lpc_board_nxp_lpcxpresso_1549\Debug\liblpc_board_nxp_lpcxpresso_1549.a(board_sysinit.o)
                              ./src/sysinit.o (Board_SystemInit)
C:\Users\Administrator\Documents\MCUXpressoIDE_10.0.2_411\workspace\lpc_chip_15xx\Debug\liblpc_chip_15xx.a(chip_15xx.o)
                              ./src/lab8e1.o (SystemCoreClockUpdate)
C:\Users\Administrator\Documents\MCUXpressoIDE_10.0.2_411\workspace\lpc_chip_15xx\Debug\liblpc_chip_15xx.a(clock_15xx.o)
                              C:\Users\Administrator\Documents\MCUXpressoIDE_10.0.2_411\workspace\lpc_board_nxp_lpcxpresso_1549\Debug\liblpc_board_nxp_lpcxpresso_1549.a(board.o) (Chip_Clock_GetMainClockRate)
C:\Users\Administrator\Documents\MCUXpressoIDE_10.0.2_411\workspace\lpc_chip_15xx\Debug\liblpc_chip_15xx.a(gpio_15xx.o)
                              C:\Users\Administrator\Documents\MCUXpressoIDE_10.0.2_411\workspace\lpc_board_nxp_lpcxpresso_1549\Debug\liblpc_board_nxp_lpcxpresso_1549.a(board.o) (Chip_GPIO_Init)
C:\Users\Administrator\Documents\MCUXpressoIDE_10.0.2_411\workspace\lpc_chip_15xx\Debug\liblpc_chip_15xx.a(iocon_15xx.o)
                              C:\Users\Administrator\Documents\MCUXpressoIDE_10.0.2_411\workspace\lpc_board_nxp_lpcxpresso_1549\Debug\liblpc_board_nxp_lpcxpresso_1549.a(board_sysinit.o) (Chip_IOCON_SetPinMuxing)
C:\Users\Administrator\Documents\MCUXpressoIDE_10.0.2_411\workspace\lpc_chip_15xx\Debug\liblpc_chip_15xx.a(sct_15xx.o)
                              ./src/lab8e1.o (Chip_SCT_Init)
C:\Users\Administrator\Documents\MCUXpressoIDE_10.0.2_411\workspace\lpc_chip_15xx\Debug\liblpc_chip_15xx.a(swm_15xx.o)
                              ./src/ITM_write.o (Chip_SWM_MovablePinAssign)
C:\Users\Administrator\Documents\MCUXpressoIDE_10.0.2_411\workspace\lpc_chip_15xx\Debug\liblpc_chip_15xx.a(sysctl_15xx.o)
                              ./src/lab8e1.o (Chip_SYSCTL_AssertPeriphReset)
C:\Users\Administrator\Documents\MCUXpressoIDE_10.0.2_411\workspace\lpc_chip_15xx\Debug\liblpc_chip_15xx.a(sysinit_15xx.o)
                              C:\Users\Administrator\Documents\MCUXpressoIDE_10.0.2_411\workspace\lpc_board_nxp_lpcxpresso_1549\Debug\liblpc_board_nxp_lpcxpresso_1549.a(board_sysinit.o) (Chip_SetupXtalClocking)
C:\Users\Administrator\Documents\MCUXpressoIDE_10.0.2_411\workspace\lpc_chip_15xx\Debug\liblpc_chip_15xx.a(uart_15xx.o)
                              C:\Users\Administrator\Documents\MCUXpressoIDE_10.0.2_411\workspace\lpc_board_nxp_lpcxpresso_1549\Debug\liblpc_board_nxp_lpcxpresso_1549.a(board.o) (Chip_UART_Init)
C:\Users\Administrator\Documents\MCUXpressoIDE_10.0.2_411\workspace\lpc_chip_15xx\Debug\liblpc_chip_15xx.a(ring_buffer.o)
                              C:\Users\Administrator\Documents\MCUXpressoIDE_10.0.2_411\workspace\lpc_chip_15xx\Debug\liblpc_chip_15xx.a(uart_15xx.o) (RingBuffer_Insert)
C:\Users\Administrator\Documents\MCUXpressoIDE_10.0.2_411\workspace\freertos\Debug\libfreertos.a(queue.o)
                              ./src/lab8e1.o (xQueueGenericCreate)
C:\Users\Administrator\Documents\MCUXpressoIDE_10.0.2_411\workspace\freertos\Debug\libfreertos.a(tasks.o)
                              ./src/lab8e1.o (xTaskGenericCreate)
C:\Users\Administrator\Documents\MCUXpressoIDE_10.0.2_411\workspace\freertos\Debug\libfreertos.a(FreeRTOSCommonHooks.o)
                              C:\Users\Administrator\Documents\MCUXpressoIDE_10.0.2_411\workspace\freertos\Debug\libfreertos.a(tasks.o) (vApplicationStackOverflowHook)
C:\Users\Administrator\Documents\MCUXpressoIDE_10.0.2_411\workspace\freertos\Debug\libfreertos.a(heap_3.o)
                              C:\Users\Administrator\Documents\MCUXpressoIDE_10.0.2_411\workspace\freertos\Debug\libfreertos.a(queue.o) (pvPortMalloc)
C:\Users\Administrator\Documents\MCUXpressoIDE_10.0.2_411\workspace\freertos\Debug\libfreertos.a(list.o)
                              C:\Users\Administrator\Documents\MCUXpressoIDE_10.0.2_411\workspace\freertos\Debug\libfreertos.a(queue.o) (vListInitialise)
C:\Users\Administrator\Documents\MCUXpressoIDE_10.0.2_411\workspace\freertos\Debug\libfreertos.a(port.o)
                              C:\Users\Administrator\Documents\MCUXpressoIDE_10.0.2_411\workspace\freertos\Debug\libfreertos.a(tasks.o) (pxPortInitialiseStack)
c:/nxp/mcuxpressoide_10.0.2_411/ide/tools/bin/../lib/gcc/arm-none-eabi/5.4.1/armv7-m\libgcc.a(_aeabi_uldivmod.o)
                              C:\Users\Administrator\Documents\MCUXpressoIDE_10.0.2_411\workspace\lpc_chip_15xx\Debug\liblpc_chip_15xx.a(clock_15xx.o) (__aeabi_uldivmod)
c:/nxp/mcuxpressoide_10.0.2_411/ide/tools/bin/../lib/gcc/arm-none-eabi/5.4.1/armv7-m\libgcc.a(_udivmoddi4.o)
[...]
Memory Configuration

Name             Origin             Length             Attributes
MFlash256        0x00000000         0x00040000         xr
Ram0_16_32       0x02000000         0x00008000         xrw
Ram2_4           0x02008000         0x00001000         xrw
*default*        0x00000000         0xffffffff

Linker script and memory map

LOAD ./src/DigitalIoPin.o
LOAD ./src/ITM_write.o
LOAD ./src/cr_cpp_config.o
LOAD ./src/cr_startup_lpc15xx.o
LOAD ./src/crp.o
LOAD ./src/lab8e1.o
LOAD ./src/sysinit.o
LOAD C:\Users\Administrator\Documents\MCUXpressoIDE_10.0.2_411\workspace\lpc_board_nxp_lpcxpresso_1549\Debug\liblpc_board_nxp_lpcxpresso_1549.a
LOAD C:\Users\Administrator\Documents\MCUXpressoIDE_10.0.2_411\workspace\lpc_chip_15xx\Debug\liblpc_chip_15xx.a
LOAD C:\Users\Administrator\Documents\MCUXpressoIDE_10.0.2_411\workspace\freertos\Debug\libfreertos.a
START GROUP
LOAD c:/nxp/mcuxpressoide_10.0.2_411/ide/tools/bin/../lib/gcc/arm-none-eabi/5.4.1/armv7-m\libgcc.a
LOAD c:/nxp/mcuxpressoide_10.0.2_411/ide/tools/bin/../lib/gcc/arm-none-eabi/5.4.1/../../../../arm-none-eabi/lib/armv7-m\libc.a
LOAD c:/nxp/mcuxpressoide_10.0.2_411/ide/tools/bin/../lib/gcc/arm-none-eabi/5.4.1/../../../../arm-none-eabi/lib/armv7-m\libstdc++.a
LOAD c:/nxp/mcuxpressoide_10.0.2_411/ide/tools/bin/../lib/gcc/arm-none-eabi/5.4.1/../../../../arm-none-eabi/lib/armv7-m\libm.a
LOAD c:/nxp/mcuxpressoide_10.0.2_411/ide/tools/bin/../lib/gcc/arm-none-eabi/5.4.1/../../../../arm-none-eabi/lib/armv7-m\libcr_newlib_nohost.a
LOAD c:/nxp/mcuxpressoide_10.0.2_411/ide/tools/bin/../lib/gcc/arm-none-eabi/5.4.1/armv7-m\crti.o
LOAD c:/nxp/mcuxpressoide_10.0.2_411/ide/tools/bin/../lib/gcc/arm-none-eabi/5.4.1/armv7-m\crtn.o
LOAD c:/nxp/mcuxpressoide_10.0.2_411/ide/tools/bin/../lib/gcc/arm-none-eabi/5.4.1/armv7-m\crtbegin.o
LOAD c:/nxp/mcuxpressoide_10.0.2_411/ide/tools/bin/../lib/gcc/arm-none-eabi/5.4.1/armv7-m\crtend.o
END GROUP
                0x00000000                __base_MFlash256 = 0x0
                0x00000000                __base_Flash = 0x0
                0x00040000                __top_MFlash256 = 0x40000
                0x00040000                __top_Flash = 0x40000
                0x02000000                __base_Ram0_16_32 = 0x2000000
                0x02000000                __base_RAM = 0x2000000
                0x02008000                __top_Ram0_16_32 = 0x2008000
                0x02008000                __top_RAM = 0x2008000
                0x02008000                __base_Ram2_4 = 0x2008000
                0x02008000                __base_RAM2 = 0x2008000
                0x02009000                __top_Ram2_4 = 0x2009000
                0x02009000                __top_RAM2 = 0x2009000

.text           0x00000000     0x7a30
 FILL mask 0xff
                0x00000000                __vectors_start__ = ABSOLUTE (.)
 *(.isr_vector)
 .isr_vector    0x00000000       0xfc ./src/cr_startup_lpc15xx.o
                0x00000000                g_pfnVectors
                0x000000fc                . = ALIGN (0x4)
                0x000000fc                __section_table_start = .
                0x000000fc                __data_section_table = .
                0x000000fc        0x4 LONG 0x7a38 LOADADDR (.data)
                0x00000100        0x4 LONG 0x2000000 ADDR (.data)
                0x00000104        0x4 LONG 0x9b0 SIZEOF (.data)
                0x00000108        0x4 LONG 0x7a38 LOADADDR (.data_RAM2)
                0x0000010c        0x4 LONG 0x2008000 ADDR (.data_RAM2)
                0x00000110        0x4 LONG 0x0 SIZEOF (.data_RAM2)
                0x00000114                __data_section_table_end = .
                0x00000114                __bss_section_table = .
                0x00000114        0x4 LONG 0x20009b0 ADDR (.bss)
                0x00000118        0x4 LONG 0x1a0 SIZEOF (.bss)
                0x0000011c        0x4 LONG 0x2008000 ADDR (.bss_RAM2)
                0x00000120        0x4 LONG 0x0 SIZEOF (.bss_RAM2)
                0x00000124                __bss_section_table_end = .
                0x00000124                __section_table_end = .
 *(.after_vectors*)
 .after_vectors
                0x00000124      0x158 ./src/cr_startup_lpc15xx.o
                0x00000124                data_init(unsigned int, unsigned int, unsigned int)
                0x00000168                bss_init(unsigned int, unsigned int)
                0x000001a0                ResetISR
                0x0000022c                NMI_Handler
                0x00000234                HardFault_Handler
                0x0000023c                MemManage_Handler
                0x00000244                BusFault_Handler
                0x0000024c                UsageFault_Handler
                0x0000025c                DebugMon_Handler
                0x00000274                UART1_IRQHandler
                0x00000274                RTC_WAKE_IRQHandler
                0x00000274                UART0_IRQHandler
                0x00000274                MRT_IRQHandler
                0x00000274                ADC1_THCMP_IRQHandler
                0x00000274                SPI1_IRQHandler
                0x00000274                PIN_INT6_IRQHandler
                0x00000274                IntDefaultHandler
                0x00000274                PIN_INT4_IRQHandler
                0x00000274                CAN_IRQHandler
                0x00000274                RTC_ALARM_IRQHandler
                0x00000274                ADC1B_IRQHandler
                0x00000274                ADC1_OVR_IRQHandler
                0x00000274                USBWakeup_IRQHandler
                0x00000274                ADC0_OVR_IRQHandler
                0x00000274                PIN_INT5_IRQHandler
                0x00000274                SCT1_IRQHandler
                0x00000274                USB_FIQHandler
                0x00000274                SCT3_IRQHandler
                0x00000274                PIN_INT7_IRQHandler
                0x00000274                I2C0_IRQHandler
                0x00000274                USB_IRQHandler
                0x00000274                BOD_IRQHandler
                0x00000274                ADC0B_IRQHandler
                0x00000274                ACMP0_IRQHandler
                0x00000274                RIT_IRQHandler
                0x00000274                SCT2_IRQHandler
                0x00000274                WDT_IRQHandler
                0x00000274                PIN_INT0_IRQHandler
                0x00000274                QEI_IRQHandler
                0x00000274                ACMP3_IRQHandler
                0x00000274                GINT0_IRQHandler
                0x00000274                DAC_IRQHandler
                0x00000274                SPI0_IRQHandler
                0x00000274                EEPROM_IRQHandler
                0x00000274                ACMP2_IRQHandler
                0x00000274                UART2_IRQHandler
                0x00000274                ADC1A_IRQHandler
                0x00000274                DMA_IRQHandler
                0x00000274                ACMP1_IRQHandler
                0x00000274                SCT0_IRQHandler
                0x00000274                ADC0A_IRQHandler
                0x00000274                FMC_IRQHandler
                0x00000274                GINT1_IRQHandler
                0x00000274                ADC0_THCMP_IRQHandler
 *(.text*)
 .text.NVIC_EnableIRQ
                0x0000027c       0x30 ./src/lab8e1.o
 .text.NVIC_ClearPendingIRQ
                0x000002ac       0x34 ./src/lab8e1.o
 .text.Chip_SYSCTL_PeriphReset
                0x000002e0       0x24 ./src/lab8e1.o
 .text.Chip_IOCON_PinMuxSet
                0x00000304       0x2c ./src/lab8e1.o
 .text.Chip_GPIO_SetPinDIRInput
                0x00000330       0x40 ./src/lab8e1.o
 .text.Chip_PININT_SetPinModeEdge
                0x00000370       0x24 ./src/lab8e1.o
 .text.Chip_PININT_EnableIntLow
                0x00000394       0x1c ./src/lab8e1.o
 .text.Chip_PININT_ClearIntStatus
                0x000003b0       0x1c ./src/lab8e1.o
 .text.Chip_INMUX_PinIntSel
                0x000003cc       0x34 ./src/lab8e1.o
 .text._ZL16prvSetupHardwarev
                0x00000400       0x1c ./src/lab8e1.o
 .text._Z5task1Pv
                0x0000041c       0x84 ./src/lab8e1.o
                0x0000041c                task1(void*)
 .text.PIN_INT1_IRQHandler
                0x000004a0       0x44 ./src/lab8e1.o
                0x000004a0                PIN_INT1_IRQHandler
 .text.PIN_INT2_IRQHandler
                0x000004e4       0x44 ./src/lab8e1.o
                0x000004e4                PIN_INT2_IRQHandler
 .text.PIN_INT3_IRQHandler
                0x00000528       0x44 ./src/lab8e1.o
                0x00000528                PIN_INT3_IRQHandler
 .text.vConfigureTimerForRunTimeStats
                0x0000056c       0x20 ./src/lab8e1.o
                0x0000056c                vConfigureTimerForRunTimeStats
 .text._Z8setupPinv
                0x0000058c       0xf0 ./src/lab8e1.o
                0x0000058c                setupPin()
 .text.main     0x0000067c       0x50 ./src/lab8e1.o
                0x0000067c                main
 .text.SystemInit
                0x000006cc        0xc ./src/sysinit.o
                0x000006cc                SystemInit
 .text.Chip_IOCON_PinMuxSet
                0x000006d8       0x2c C:\Users\Administrator\Documents\MCUXpressoIDE_10.0.2_411\workspace\lpc_board_nxp_lpcxpresso_1549\Debug\liblpc_board_nxp_lpcxpresso_1549.a(board.o)
 .text.Chip_SWM_MovablePortPinAssign
                0x00000704       0x30 C:\Users\Administrator\Documents\MCUXpressoIDE_10.0.2_411\workspace\lpc_board_nxp_lpcxpresso_1549\Debug\liblpc_board_nxp_lpcxpresso_1549.a(board.o)
 .text.Chip_GPIO_SetPinState
                0x00000734       0x38 C:\Users\Administrator\Documents\MCUXpressoIDE_10.0.2_411\workspace\lpc_board_nxp_lpcxpresso_1549\Debug\liblpc_board_nxp_lpcxpresso_1549.a(board.o)
 .text.Chip_GPIO_SetPinDIROutput
                0x0000076c       0x3c C:\Users\Administrator\Documents\MCUXpressoIDE_10.0.2_411\workspace\lpc_board_nxp_lpcxpresso_1549\Debug\liblpc_board_nxp_lpcxpresso_1549.a(board.o)
 .text.Chip_UART_Enable
                0x000007a8       0x20 C:\Users\Administrator\Documents\MCUXpressoIDE_10.0.2_411\workspace\lpc_board_nxp_lpcxpresso_1549\Debug\liblpc_board_nxp_lpcxpresso_1549.a(board.o)
 .text.Chip_UART_TXEnable
                0x000007c8       0x20 C:\Users\Administrator\Documents\MCUXpressoIDE_10.0.2_411\workspace\lpc_board_nxp_lpcxpresso_1549\Debug\liblpc_board_nxp_lpcxpresso_1549.a(board.o)
 .text.Chip_UART_ConfigData
                0x000007e8       0x28 C:\Users\Administrator\Documents\MCUXpressoIDE_10.0.2_411\workspace\lpc_board_nxp_lpcxpresso_1549\Debug\liblpc_board_nxp_lpcxpresso_1549.a(board.o)
 .text.Board_UARTPutChar
                0x00000810       0x24 C:\Users\Administrator\Documents\MCUXpressoIDE_10.0.2_411\workspace\lpc_board_nxp_lpcxpresso_1549\Debug\liblpc_board_nxp_lpcxpresso_1549.a(board.o)
                0x00000810                Board_UARTPutChar
 .text.Board_UARTPutSTR
                0x00000834       0x28 C:\Users\Administrator\Documents\MCUXpressoIDE_10.0.2_411\workspace\lpc_board_nxp_lpcxpresso_1549\Debug\liblpc_board_nxp_lpcxpresso_1549.a(board.o)
                0x00000834                Board_UARTPutSTR
 .text.Board_Debug_Init
                0x0000085c       0x70 C:\Users\Administrator\Documents\MCUXpressoIDE_10.0.2_411\workspace\lpc_board_nxp_lpcxpresso_1549\Debug\liblpc_board_nxp_lpcxpresso_1549.a(board.o)
                0x0000085c                Board_Debug_Init
 .text.Board_LED_Init
                0x000008cc       0x5c C:\Users\Administrator\Documents\MCUXpressoIDE_10.0.2_411\workspace\lpc_board_nxp_lpcxpresso_1549\Debug\liblpc_board_nxp_lpcxpresso_1549.a(board.o)
 .text.Board_LED_Set
                0x00000928       0x54 C:\Users\Administrator\Documents\MCUXpressoIDE_10.0.2_411\workspace\lpc_board_nxp_lpcxpresso_1549\Debug\liblpc_board_nxp_lpcxpresso_1549.a(board.o)
                0x00000928                Board_LED_Set
 .text.Board_Init
                0x0000097c       0x18 C:\Users\Administrator\Documents\MCUXpressoIDE_10.0.2_411\workspace\lpc_board_nxp_lpcxpresso_1549\Debug\liblpc_board_nxp_lpcxpresso_1549.a(board.o)
                0x0000097c                Board_Init
 .text.Chip_SYSCTL_PeriphReset
                0x00000994       0x24 C:\Users\Administrator\Documents\MCUXpressoIDE_10.0.2_411\workspace\lpc_board_nxp_lpcxpresso_1549\Debug\liblpc_board_nxp_lpcxpresso_1549.a(board_sysinit.o)
 .text.Chip_Clock_SetUSBPLLSource
                0x000009b8       0x20 C:\Users\Administrator\Documents\MCUXpressoIDE_10.0.2_411\workspace\lpc_board_nxp_lpcxpresso_1549\Debug\liblpc_board_nxp_lpcxpresso_1549.a(board_sysinit.o)
 .text.Chip_Clock_SetupUSBPLL
                0x000009d8       0x34 C:\Users\Administrator\Documents\MCUXpressoIDE_10.0.2_411\workspace\lpc_board_nxp_lpcxpresso_1549\Debug\liblpc_board_nxp_lpcxpresso_1549.a(board_sysinit.o)
 .text.Chip_Clock_IsUSBPLLLocked
                0x00000a0c       0x24 C:\Users\Administrator\Documents\MCUXpressoIDE_10.0.2_411\workspace\lpc_board_nxp_lpcxpresso_1549\Debug\liblpc_board_nxp_lpcxpresso_1549.a(board_sysinit.o)
 .text.Chip_Clock_SetSysTickClockDiv
                0x00000a30       0x20 C:\Users\Administrator\Documents\MCUXpressoIDE_10.0.2_411\workspace\lpc_board_nxp_lpcxpresso_1549\Debug\liblpc_board_nxp_lpcxpresso_1549.a(board_sysinit.o)
 .text.Chip_SWM_MovablePortPinAssign
                0x00000a50       0x30 C:\Users\Administrator\Documents\MCUXpressoIDE_10.0.2_411\workspace\lpc_board_nxp_lpcxpresso_1549\Debug\liblpc_board_nxp_lpcxpresso_1549.a(board_sysinit.o)
 .text.Board_SetupMuxing
                0x00000a80       0x80 C:\Users\Administrator\Documents\MCUXpressoIDE_10.0.2_411\workspace\lpc_board_nxp_lpcxpresso_1549\Debug\liblpc_board_nxp_lpcxpresso_1549.a(board_sysinit.o)
                0x00000a80                Board_SetupMuxing
 .text.Board_SetupClocking
                0x00000b00       0x3c C:\Users\Administrator\Documents\MCUXpressoIDE_10.0.2_411\workspace\lpc_board_nxp_lpcxpresso_1549\Debug\liblpc_board_nxp_lpcxpresso_1549.a(board_sysinit.o)
                0x00000b00                Board_SetupClocking
 .text.Board_SystemInit
                0x00000b3c       0x1c C:\Users\Administrator\Documents\MCUXpressoIDE_10.0.2_411\workspace\lpc_board_nxp_lpcxpresso_1549\Debug\liblpc_board_nxp_lpcxpresso_1549.a(board_sysinit.o)
                0x00000b3c                Board_SystemInit
 .text.SystemCoreClockUpdate
                0x00000b58       0x18 C:\Users\Administrator\Documents\MCUXpressoIDE_10.0.2_411\workspace\lpc_chip_15xx\Debug\liblpc_chip_15xx.a(chip_15xx.o)
                0x00000b58                SystemCoreClockUpdate
 .text.Chip_Clock_SetMain_A_ClockSource
                0x00000b70       0x20 C:\Users\Administrator\Documents\MCUXpressoIDE_10.0.2_411\workspace\lpc_chip_15xx\Debug\liblpc_chip_15xx.a(clock_15xx.o)
 .text.Chip_Clock_GetMain_A_ClockSource
                0x00000b90       0x18 C:\Users\Administrator\Documents\MCUXpressoIDE_10.0.2_411\workspace\lpc_chip_15xx\Debug\liblpc_chip_15xx.a(clock_15xx.o)
 .text.Chip_Clock_SetMain_B_ClockSource
                0x00000ba8       0x20 C:\Users\Administrator\Documents\MCUXpressoIDE_10.0.2_411\workspace\lpc_chip_15xx\Debug\liblpc_chip_15xx.a(clock_15xx.o)
 .text.Chip_Clock_GetMain_B_ClockSource
                0x00000bc8       0x18 C:\Users\Administrator\Documents\MCUXpressoIDE_10.0.2_411\workspace\lpc_chip_15xx\Debug\liblpc_chip_15xx.a(clock_15xx.o)
 .text.Chip_Clock_SetUARTFRGDivider
                0x00000be0       0x20 C:\Users\Administrator\Documents\MCUXpressoIDE_10.0.2_411\workspace\lpc_chip_15xx\Debug\liblpc_chip_15xx.a(clock_15xx.o)
 .text.Chip_Clock_GetUARTFRGDivider
                0x00000c00       0x18 C:\Users\Administrator\Documents\MCUXpressoIDE_10.0.2_411\workspace\lpc_chip_15xx\Debug\liblpc_chip_15xx.a(clock_15xx.o)
 .text.Chip_Clock_GetMainOscRate
                0x00000c18       0x14 C:\Users\Administrator\Documents\MCUXpressoIDE_10.0.2_411\workspace\lpc_chip_15xx\Debug\liblpc_chip_15xx.a(clock_15xx.o)
 .text.Chip_Clock_GetIntOscRate
                0x00000c2c       0x14 C:\Users\Administrator\Documents\MCUXpressoIDE_10.0.2_411\workspace\lpc_chip_15xx\Debug\liblpc_chip_15xx.a(clock_15xx.o)
 .text.Chip_Clock_GetRTCOscRate
                0x00000c40       0x14 C:\Users\Administrator\Documents\MCUXpressoIDE_10.0.2_411\workspace\lpc_chip_15xx\Debug\liblpc_chip_15xx.a(clock_15xx.o)
 .text.Chip_Clock_GetWDTOSCRate
                0x00000c54       0x14 C:\Users\Administrator\Documents\MCUXpressoIDE_10.0.2_411\workspace\lpc_chip_15xx\Debug\liblpc_chip_15xx.a(clock_15xx.o)
 .text.Chip_Clock_GetPLLFreq
                0x00000c68       0x28 C:\Users\Administrator\Documents\MCUXpressoIDE_10.0.2_411\workspace\lpc_chip_15xx\Debug\liblpc_chip_15xx.a(clock_15xx.o)
 .text.Chip_Clock_GetPLLInClockRate
                0x00000c90       0x38 C:\Users\Administrator\Documents\MCUXpressoIDE_10.0.2_411\workspace\lpc_chip_15xx\Debug\liblpc_chip_15xx.a(clock_15xx.o)
 .text.Chip_Clock_GetSystemPLLInClockRate
                0x00000cc8       0x1c C:\Users\Administrator\Documents\MCUXpressoIDE_10.0.2_411\workspace\lpc_chip_15xx\Debug\liblpc_chip_15xx.a(clock_15xx.o)
                0x00000cc8                Chip_Clock_GetSystemPLLInClockRate
 .text.Chip_Clock_GetSystemPLLOutClockRate
                0x00000ce4       0x24 C:\Users\Administrator\Documents\MCUXpressoIDE_10.0.2_411\workspace\lpc_chip_15xx\Debug\liblpc_chip_15xx.a(clock_15xx.o)
                0x00000ce4                Chip_Clock_GetSystemPLLOutClockRate
 .text.Chip_Clock_GetMain_A_ClockRate
                0x00000d08       0x44 C:\Users\Administrator\Documents\MCUXpressoIDE_10.0.2_411\workspace\lpc_chip_15xx\Debug\liblpc_chip_15xx.a(clock_15xx.o)
                0x00000d08                Chip_Clock_GetMain_A_ClockRate
 .text.Chip_Clock_GetMain_B_ClockRate
                0x00000d4c       0x58 C:\Users\Administrator\Documents\MCUXpressoIDE_10.0.2_411\workspace\lpc_chip_15xx\Debug\liblpc_chip_15xx.a(clock_15xx.o)
                0x00000d4c                Chip_Clock_GetMain_B_ClockRate
 .text.Chip_Clock_SetMainClockSource
                0x00000da4       0x3c C:\Users\Administrator\Documents\MCUXpressoIDE_10.0.2_411\workspace\lpc_chip_15xx\Debug\liblpc_chip_15xx.a(clock_15xx.o)
                0x00000da4                Chip_Clock_SetMainClockSource
 .text.Chip_Clock_GetMainClockRate
                0x00000de0       0x28 C:\Users\Administrator\Documents\MCUXpressoIDE_10.0.2_411\workspace\lpc_chip_15xx\Debug\liblpc_chip_15xx.a(clock_15xx.o)
                0x00000de0                Chip_Clock_GetMainClockRate
 .text.Chip_Clock_EnablePeriphClock
                0x00000e08       0x54 C:\Users\Administrator\Documents\MCUXpressoIDE_10.0.2_411\workspace\lpc_chip_15xx\Debug\liblpc_chip_15xx.a(clock_15xx.o)
                0x00000e08                Chip_Clock_EnablePeriphClock
 .text.Chip_Clock_GetUARTBaseClockRate
                0x00000e5c       0x88 C:\Users\Administrator\Documents\MCUXpressoIDE_10.0.2_411\workspace\lpc_chip_15xx\Debug\liblpc_chip_15xx.a(clock_15xx.o)
                0x00000e5c                Chip_Clock_GetUARTBaseClockRate
 .text.Chip_Clock_SetUARTBaseClockRate
                0x00000ee4       0xa0 C:\Users\Administrator\Documents\MCUXpressoIDE_10.0.2_411\workspace\lpc_chip_15xx\Debug\liblpc_chip_15xx.a(clock_15xx.o)
                0x00000ee4                Chip_Clock_SetUARTBaseClockRate
 .text.Chip_Clock_GetSystemClockRate
                0x00000f84       0x1c C:\Users\Administrator\Documents\MCUXpressoIDE_10.0.2_411\workspace\lpc_chip_15xx\Debug\liblpc_chip_15xx.a(clock_15xx.o)
                0x00000f84                Chip_Clock_GetSystemClockRate
 .text.Chip_SYSCTL_PeriphReset
                0x00000fa0       0x24 C:\Users\Administrator\Documents\MCUXpressoIDE_10.0.2_411\workspace\lpc_chip_15xx\Debug\liblpc_chip_15xx.a(gpio_15xx.o)
 .text.Chip_GPIO_Init
                0x00000fc4       0x30 C:\Users\Administrator\Documents\MCUXpressoIDE_10.0.2_411\workspace\lpc_chip_15xx\Debug\liblpc_chip_15xx.a(gpio_15xx.o)
                0x00000fc4                Chip_GPIO_Init
 .text.Chip_IOCON_PinMuxSet
                0x00000ff4       0x2c C:\Users\Administrator\Documents\MCUXpressoIDE_10.0.2_411\workspace\lpc_chip_15xx\Debug\liblpc_chip_15xx.a(iocon_15xx.o)
 .text.Chip_IOCON_SetPinMuxing
                0x00001020       0x50 C:\Users\Administrator\Documents\MCUXpressoIDE_10.0.2_411\workspace\lpc_chip_15xx\Debug\liblpc_chip_15xx.a(iocon_15xx.o)
                0x00001020                Chip_IOCON_SetPinMuxing
 .text.Chip_SYSCTL_PeriphReset
                0x00001070       0x24 C:\Users\Administrator\Documents\MCUXpressoIDE_10.0.2_411\workspace\lpc_chip_15xx\Debug\liblpc_chip_15xx.a(sct_15xx.o)
 .text.Chip_SCT_Init
                0x00001094       0x3c C:\Users\Administrator\Documents\MCUXpressoIDE_10.0.2_411\workspace\lpc_chip_15xx\Debug\liblpc_chip_15xx.a(sct_15xx.o)
                0x00001094                Chip_SCT_Init
 .text.Chip_SWM_MovablePinAssign
                0x000010d0       0x5c C:\Users\Administrator\Documents\MCUXpressoIDE_10.0.2_411\workspace\lpc_chip_15xx\Debug\liblpc_chip_15xx.a(swm_15xx.o)
                0x000010d0                Chip_SWM_MovablePinAssign
 .text.Chip_SYSCTL_AssertPeriphReset
                0x0000112c       0x48 C:\Users\Administrator\Documents\MCUXpressoIDE_10.0.2_411\workspace\lpc_chip_15xx\Debug\liblpc_chip_15xx.a(sysctl_15xx.o)
                0x0000112c                Chip_SYSCTL_AssertPeriphReset
 .text.Chip_SYSCTL_DeassertPeriphReset
                0x00001174       0x4c C:\Users\Administrator\Documents\MCUXpressoIDE_10.0.2_411\workspace\lpc_chip_15xx\Debug\liblpc_chip_15xx.a(sysctl_15xx.o)
                0x00001174                Chip_SYSCTL_DeassertPeriphReset
 .text.Chip_SYSCTL_PowerDown
                0x000011c0       0x40 C:\Users\Administrator\Documents\MCUXpressoIDE_10.0.2_411\workspace\lpc_chip_15xx\Debug\liblpc_chip_15xx.a(sysctl_15xx.o)
                0x000011c0                Chip_SYSCTL_PowerDown
 .text.Chip_SYSCTL_PowerUp
                0x00001200       0x40 C:\Users\Administrator\Documents\MCUXpressoIDE_10.0.2_411\workspace\lpc_chip_15xx\Debug\liblpc_chip_15xx.a(sysctl_15xx.o)
                0x00001200                Chip_SYSCTL_PowerUp
 .text.Chip_FMC_SetFLASHAccess
                0x00001240       0x38 C:\Users\Administrator\Documents\MCUXpressoIDE_10.0.2_411\workspace\lpc_chip_15xx\Debug\liblpc_chip_15xx.a(sysinit_15xx.o)
 .text.Chip_Clock_SetSystemPLLSource
                0x00001278       0x20 C:\Users\Administrator\Documents\MCUXpressoIDE_10.0.2_411\workspace\lpc_chip_15xx\Debug\liblpc_chip_15xx.a(sysinit_15xx.o)
 .text.Chip_Clock_SetupSystemPLL
                0x00001298       0x34 C:\Users\Administrator\Documents\MCUXpressoIDE_10.0.2_411\workspace\lpc_chip_15xx\Debug\liblpc_chip_15xx.a(sysinit_15xx.o)
 .text.Chip_Clock_IsSystemPLLLocked
                0x000012cc       0x24 C:\Users\Administrator\Documents\MCUXpressoIDE_10.0.2_411\workspace\lpc_chip_15xx\Debug\liblpc_chip_15xx.a(sysinit_15xx.o)
 .text.Chip_Clock_SetSysClockDiv
                0x000012f0       0x20 C:\Users\Administrator\Documents\MCUXpressoIDE_10.0.2_411\workspace\lpc_chip_15xx\Debug\liblpc_chip_15xx.a(sysinit_15xx.o)
 .text.Chip_SetupXtalClocking
                0x00001310       0x6c C:\Users\Administrator\Documents\MCUXpressoIDE_10.0.2_411\workspace\lpc_chip_15xx\Debug\liblpc_chip_15xx.a(sysinit_15xx.o)
                0x00001310                Chip_SetupXtalClocking
 .text.Chip_SYSCTL_PeriphReset
                0x0000137c       0x24 C:\Users\Administrator\Documents\MCUXpressoIDE_10.0.2_411\workspace\lpc_chip_15xx\Debug\liblpc_chip_15xx.a(uart_15xx.o)
 .text.Chip_UART_SendByte
                0x000013a0       0x1c C:\Users\Administrator\Documents\MCUXpressoIDE_10.0.2_411\workspace\lpc_chip_15xx\Debug\liblpc_chip_15xx.a(uart_15xx.o)
 .text.Chip_UART_GetStatus
                0x000013bc       0x18 C:\Users\Administrator\Documents\MCUXpressoIDE_10.0.2_411\workspace\lpc_chip_15xx\Debug\liblpc_chip_15xx.a(uart_15xx.o)
 .text.getUARTClockID
                0x000013d4       0x34 C:\Users\Administrator\Documents\MCUXpressoIDE_10.0.2_411\workspace\lpc_chip_15xx\Debug\liblpc_chip_15xx.a(uart_15xx.o)
 .text.Chip_UART_Init
                0x00001408       0x4c C:\Users\Administrator\Documents\MCUXpressoIDE_10.0.2_411\workspace\lpc_chip_15xx\Debug\liblpc_chip_15xx.a(uart_15xx.o)
                0x00001408                Chip_UART_Init
 .text.Chip_UART_Send
                0x00001454       0x50 C:\Users\Administrator\Documents\MCUXpressoIDE_10.0.2_411\workspace\lpc_chip_15xx\Debug\liblpc_chip_15xx.a(uart_15xx.o)
                0x00001454                Chip_UART_Send
 .text.Chip_UART_SendBlocking
                0x000014a4       0x4c C:\Users\Administrator\Documents\MCUXpressoIDE_10.0.2_411\workspace\lpc_chip_15xx\Debug\liblpc_chip_15xx.a(uart_15xx.o)
                0x000014a4                Chip_UART_SendBlocking
 .text.Chip_UART_SetBaud
                0x000014f0       0x2c C:\Users\Administrator\Documents\MCUXpressoIDE_10.0.2_411\workspace\lpc_chip_15xx\Debug\liblpc_chip_15xx.a(uart_15xx.o)
                0x000014f0                Chip_UART_SetBaud
 .text.xQueueGenericReset
                0x0000151c       0xa4 C:\Users\Administrator\Documents\MCUXpressoIDE_10.0.2_411\workspace\freertos\Debug\libfreertos.a(queue.o)
                0x0000151c                xQueueGenericReset
 .text.xQueueGenericCreate
                0x000015c0       0x78 C:\Users\Administrator\Documents\MCUXpressoIDE_10.0.2_411\workspace\freertos\Debug\libfreertos.a(queue.o)
                0x000015c0                xQueueGenericCreate
 .text.xQueueGenericSendFromISR
                0x00001638       0x88 C:\Users\Administrator\Documents\MCUXpressoIDE_10.0.2_411\workspace\freertos\Debug\libfreertos.a(queue.o)
                0x00001638                xQueueGenericSendFromISR
 .text.xQueueGenericReceive
                0x000016c0      0x16c C:\Users\Administrator\Documents\MCUXpressoIDE_10.0.2_411\workspace\freertos\Debug\libfreertos.a(queue.o)
                0x000016c0                xQueueGenericReceive
 .text.prvCopyDataToQueue
                0x0000182c       0xd0 C:\Users\Administrator\Documents\MCUXpressoIDE_10.0.2_411\workspace\freertos\Debug\libfreertos.a(queue.o)
 .text.prvCopyDataFromQueue
                0x000018fc       0x4c C:\Users\Administrator\Documents\MCUXpressoIDE_10.0.2_411\workspace\freertos\Debug\libfreertos.a(queue.o)
 .text.prvUnlockQueue
                0x00001948       0x98 C:\Users\Administrator\Documents\MCUXpressoIDE_10.0.2_411\workspace\freertos\Debug\libfreertos.a(queue.o)
 .text.prvIsQueueEmpty
                0x000019e0       0x2c C:\Users\Administrator\Documents\MCUXpressoIDE_10.0.2_411\workspace\freertos\Debug\libfreertos.a(queue.o)
 .text.xTaskGenericCreate
                0x00001a0c      0x144 C:\Users\Administrator\Documents\MCUXpressoIDE_10.0.2_411\workspace\freertos\Debug\libfreertos.a(tasks.o)
                0x00001a0c                xTaskGenericCreate
 .text.vTaskStartScheduler
                0x00001b50       0x6c C:\Users\Administrator\Documents\MCUXpressoIDE_10.0.2_411\workspace\freertos\Debug\libfreertos.a(tasks.o)
                0x00001b50                vTaskStartScheduler
 .text.vTaskSuspendAll
                0x00001bbc       0x1c C:\Users\Administrator\Documents\MCUXpressoIDE_10.0.2_411\workspace\freertos\Debug\libfreertos.a(tasks.o)
                0x00001bbc                vTaskSuspendAll
 .text.xTaskResumeAll
                0x00001bd8       0xfc C:\Users\Administrator\Documents\MCUXpressoIDE_10.0.2_411\workspace\freertos\Debug\libfreertos.a(tasks.o)
                0x00001bd8                xTaskResumeAll
 .text.xTaskIncrementTick
                0x00001cd4      0x15c C:\Users\Administrator\Documents\MCUXpressoIDE_10.0.2_411\workspace\freertos\Debug\libfreertos.a(tasks.o)
                0x00001cd4                xTaskIncrementTick
 .text.vTaskSwitchContext
                0x00001e30      0x130 C:\Users\Administrator\Documents\MCUXpressoIDE_10.0.2_411\workspace\freertos\Debug\libfreertos.a(tasks.o)
                0x00001e30                vTaskSwitchContext
 .text.vTaskPlaceOnEventList
                0x00001f60       0x60 C:\Users\Administrator\Documents\MCUXpressoIDE_10.0.2_411\workspace\freertos\Debug\libfreertos.a(tasks.o)
                0x00001f60                vTaskPlaceOnEventList
 .text.xTaskRemoveFromEventList
                0x00001fc0       0xac C:\Users\Administrator\Documents\MCUXpressoIDE_10.0.2_411\workspace\freertos\Debug\libfreertos.a(tasks.o)
                0x00001fc0                xTaskRemoveFromEventList
 .text.vTaskSetTimeOutState
                0x0000206c       0x2c C:\Users\Administrator\Documents\MCUXpressoIDE_10.0.2_411\workspace\freertos\Debug\libfreertos.a(tasks.o)
                0x0000206c                vTaskSetTimeOutState
 .text.xTaskCheckForTimeOut
                0x00002098       0x88 C:\Users\Administrator\Documents\MCUXpressoIDE_10.0.2_411\workspace\freertos\Debug\libfreertos.a(tasks.o)
                0x00002098                xTaskCheckForTimeOut
 .text.vTaskMissedYield
                0x00002120       0x18 C:\Users\Administrator\Documents\MCUXpressoIDE_10.0.2_411\workspace\freertos\Debug\libfreertos.a(tasks.o)
                0x00002120                vTaskMissedYield
 .text.prvIdleTask
                0x00002138       0x20 C:\Users\Administrator\Documents\MCUXpressoIDE_10.0.2_411\workspace\freertos\Debug\libfreertos.a(tasks.o)
 .text.prvInitialiseTCBVariables
                0x00002158      0x11c C:\Users\Administrator\Documents\MCUXpressoIDE_10.0.2_411\workspace\freertos\Debug\libfreertos.a(tasks.o)
 .text.prvInitialiseTaskLists
                0x00002274       0x80 C:\Users\Administrator\Documents\MCUXpressoIDE_10.0.2_411\workspace\freertos\Debug\libfreertos.a(tasks.o)
 .text.prvCheckTasksWaitingTermination
                0x000022f4       0x78 C:\Users\Administrator\Documents\MCUXpressoIDE_10.0.2_411\workspace\freertos\Debug\libfreertos.a(tasks.o)
 .text.prvAddCurrentTaskToDelayedList
                0x0000236c       0x6c C:\Users\Administrator\Documents\MCUXpressoIDE_10.0.2_411\workspace\freertos\Debug\libfreertos.a(tasks.o)
 .text.prvAllocateTCBAndStack
                0x000023d8       0x64 C:\Users\Administrator\Documents\MCUXpressoIDE_10.0.2_411\workspace\freertos\Debug\libfreertos.a(tasks.o)
 .text.prvDeleteTCB
                0x0000243c       0x2c C:\Users\Administrator\Documents\MCUXpressoIDE_10.0.2_411\workspace\freertos\Debug\libfreertos.a(tasks.o)
 .text.prvResetNextTaskUnblockTime
                0x00002468       0x48 C:\Users\Administrator\Documents\MCUXpressoIDE_10.0.2_411\workspace\freertos\Debug\libfreertos.a(tasks.o)
 .text.xTaskGetCurrentTaskHandle
                0x000024b0       0x1c C:\Users\Administrator\Documents\MCUXpressoIDE_10.0.2_411\workspace\freertos\Debug\libfreertos.a(tasks.o)
                0x000024b0                xTaskGetCurrentTaskHandle
 .text.vTaskPriorityInherit
                0x000024cc       0xbc C:\Users\Administrator\Documents\MCUXpressoIDE_10.0.2_411\workspace\freertos\Debug\libfreertos.a(tasks.o)
                0x000024cc                vTaskPriorityInherit
 .text.vTaskPriorityDisinherit
                0x00002588       0x84 C:\Users\Administrator\Documents\MCUXpressoIDE_10.0.2_411\workspace\freertos\Debug\libfreertos.a(tasks.o)
                0x00002588                vTaskPriorityDisinherit
 .text.vApplicationStackOverflowHook
                0x0000260c       0x14 C:\Users\Administrator\Documents\MCUXpressoIDE_10.0.2_411\workspace\freertos\Debug\libfreertos.a(FreeRTOSCommonHooks.o)
                0x0000260c                vApplicationStackOverflowHook
 .text.pvPortMalloc
                0x00002620       0x24 C:\Users\Administrator\Documents\MCUXpressoIDE_10.0.2_411\workspace\freertos\Debug\libfreertos.a(heap_3.o)
                0x00002620                pvPortMalloc
 .text.vPortFree
                0x00002644       0x24 C:\Users\Administrator\Documents\MCUXpressoIDE_10.0.2_411\workspace\freertos\Debug\libfreertos.a(heap_3.o)
                0x00002644                vPortFree
 .text.vListInitialise
                0x00002668       0x40 C:\Users\Administrator\Documents\MCUXpressoIDE_10.0.2_411\workspace\freertos\Debug\libfreertos.a(list.o)
                0x00002668                vListInitialise
 .text.vListInitialiseItem
                0x000026a8       0x18 C:\Users\Administrator\Documents\MCUXpressoIDE_10.0.2_411\workspace\freertos\Debug\libfreertos.a(list.o)
                0x000026a8                vListInitialiseItem
 .text.vListInsertEnd
                0x000026c0       0x48 C:\Users\Administrator\Documents\MCUXpressoIDE_10.0.2_411\workspace\freertos\Debug\libfreertos.a(list.o)
                0x000026c0                vListInsertEnd
 .text.vListInsert
                0x00002708       0x70 C:\Users\Administrator\Documents\MCUXpressoIDE_10.0.2_411\workspace\freertos\Debug\libfreertos.a(list.o)
                0x00002708                vListInsert
 .text.uxListRemove
                0x00002778       0x54 C:\Users\Administrator\Documents\MCUXpressoIDE_10.0.2_411\workspace\freertos\Debug\libfreertos.a(list.o)
                0x00002778                uxListRemove
 .text.pxPortInitialiseStack
                0x000027cc       0x54 C:\Users\Administrator\Documents\MCUXpressoIDE_10.0.2_411\workspace\freertos\Debug\libfreertos.a(port.o)
                0x000027cc                pxPortInitialiseStack
 .text.prvTaskExitError
                0x00002820        0xc C:\Users\Administrator\Documents\MCUXpressoIDE_10.0.2_411\workspace\freertos\Debug\libfreertos.a(port.o)
 .text.SVC_Handler
                0x0000282c       0x28 C:\Users\Administrator\Documents\MCUXpressoIDE_10.0.2_411\workspace\freertos\Debug\libfreertos.a(port.o)
                0x0000282c                SVC_Handler
 .text.prvPortStartFirstTask
                0x00002854       0x20 C:\Users\Administrator\Documents\MCUXpressoIDE_10.0.2_411\workspace\freertos\Debug\libfreertos.a(port.o)
 .text.xPortStartScheduler
                0x00002874       0x3c C:\Users\Administrator\Documents\MCUXpressoIDE_10.0.2_411\workspace\freertos\Debug\libfreertos.a(port.o)
                0x00002874                xPortStartScheduler
 .text.vPortYield
                0x000028b0       0x20 C:\Users\Administrator\Documents\MCUXpressoIDE_10.0.2_411\workspace\freertos\Debug\libfreertos.a(port.o)
                0x000028b0                vPortYield
 .text.vPortEnterCritical
                0x000028d0       0x24 C:\Users\Administrator\Documents\MCUXpressoIDE_10.0.2_411\workspace\freertos\Debug\libfreertos.a(port.o)
                0x000028d0                vPortEnterCritical
 .text.vPortExitCritical
                0x000028f4       0x24 C:\Users\Administrator\Documents\MCUXpressoIDE_10.0.2_411\workspace\freertos\Debug\libfreertos.a(port.o)
                0x000028f4                vPortExitCritical
 .text.ulPortSetInterruptMask
                0x00002918       0x14 C:\Users\Administrator\Documents\MCUXpressoIDE_10.0.2_411\workspace\freertos\Debug\libfreertos.a(port.o)
                0x00002918                ulPortSetInterruptMask
 .text.vPortClearInterruptMask
                0x0000292c        0x8 C:\Users\Administrator\Documents\MCUXpressoIDE_10.0.2_411\workspace\freertos\Debug\libfreertos.a(port.o)
                0x0000292c                vPortClearInterruptMask
 .text.PendSV_Handler
                0x00002934       0x48 C:\Users\Administrator\Documents\MCUXpressoIDE_10.0.2_411\workspace\freertos\Debug\libfreertos.a(port.o)
                0x00002934                PendSV_Handler
 .text.SysTick_Handler
                0x0000297c       0x28 C:\Users\Administrator\Documents\MCUXpressoIDE_10.0.2_411\workspace\freertos\Debug\libfreertos.a(port.o)
                0x0000297c                SysTick_Handler
 .text.vPortSetupTimerInterrupt
                0x000029a4       0x34 C:\Users\Administrator\Documents\MCUXpressoIDE_10.0.2_411\workspace\freertos\Debug\libfreertos.a(port.o)
                0x000029a4                vPortSetupTimerInterrupt
 .text          0x000029d8       0x30 c:/nxp/mcuxpressoide_10.0.2_411/ide/tools/bin/../lib/gcc/arm-none-eabi/5.4.1/armv7-m\libgcc.a(_aeabi_uldivmod.o)
                0x000029d8                __aeabi_uldivmod
 .text          0x00002a08      0x2ec c:/nxp/mcuxpressoide_10.0.2_411/ide/tools/bin/../lib/gcc/arm-none-eabi/5.4.1/armv7-m\libgcc.a(_udivmoddi4.o)
                0x00002a08                __udivmoddi4
 .text          0x00002cf4        0x4 c:/nxp/mcuxpressoide_10.0.2_411/ide/tools/bin/../lib/gcc/arm-none-eabi/5.4.1/armv7-m\libgcc.a(_dvmd_tls.o)
                0x00002cf4                __aeabi_idiv0
                0x00002cf4                __aeabi_ldiv0
 .text.__libc_init_array
                0x00002cf8       0x50 c:/nxp/mcuxpressoide_10.0.2_411/ide/tools/bin/../lib/gcc/arm-none-eabi/5.4.1/../../../../arm-none-eabi/lib/armv7-m\libc.a(lib_a-init.o)
                0x00002cf8                __libc_init_array
 .text.malloc   0x00002d48       0x10 c:/nxp/mcuxpressoide_10.0.2_411/ide/tools/bin/../lib/gcc/arm-none-eabi/5.4.1/../../../../arm-none-eabi/lib/armv7-m\libc.a(lib_a-malloc.o)
                0x00002d48                malloc
 .text.free     0x00002d58       0x10 c:/nxp/mcuxpressoide_10.0.2_411/ide/tools/bin/../lib/gcc/arm-none-eabi/5.4.1/../../../../arm-none-eabi/lib/armv7-m\libc.a(lib_a-malloc.o)
                0x00002d58                free
 .text._malloc_r
                0x00002d68      0x558 c:/nxp/mcuxpressoide_10.0.2_411/ide/tools/bin/../lib/gcc/arm-none-eabi/5.4.1/../../../../arm-none-eabi/lib/armv7-m\libc.a(lib_a-mallocr.o)
                0x00002d68                _malloc_r
 .text.memcmp   0x000032c0       0x64 c:/nxp/mcuxpressoide_10.0.2_411/ide/tools/bin/../lib/gcc/arm-none-eabi/5.4.1/../../../../arm-none-eabi/lib/armv7-m\libc.a(lib_a-memcmp.o)
                0x000032c0                memcmp
 .text          0x00003324       0xec c:/nxp/mcuxpressoide_10.0.2_411/ide/tools/bin/../lib/gcc/arm-none-eabi/5.4.1/../../../../arm-none-eabi/lib/armv7-m\libc.a(lib_a-memcpy.o)
                0x00003324                memcpy
 .text.memset   0x00003410       0x9c c:/nxp/mcuxpressoide_10.0.2_411/ide/tools/bin/../lib/gcc/arm-none-eabi/5.4.1/../../../../arm-none-eabi/lib/armv7-m\libc.a(lib_a-memset.o)
                0x00003410                memset
 .text.__malloc_lock
                0x000034ac        0x4 c:/nxp/mcuxpressoide_10.0.2_411/ide/tools/bin/../lib/gcc/arm-none-eabi/5.4.1/../../../../arm-none-eabi/lib/armv7-m\libc.a(lib_a-mlock.o)
                0x000034ac                __malloc_lock
 .text.__malloc_unlock
                0x000034b0        0x4 c:/nxp/mcuxpressoide_10.0.2_411/ide/tools/bin/../lib/gcc/arm-none-eabi/5.4.1/../../../../arm-none-eabi/lib/armv7-m\libc.a(lib_a-mlock.o)
                0x000034b0                __malloc_unlock
 .text.cleanup_glue
                0x000034b4       0x1c c:/nxp/mcuxpressoide_10.0.2_411/ide/tools/bin/../lib/gcc/arm-none-eabi/5.4.1/../../../../arm-none-eabi/lib/armv7-m\libc.a(lib_a-reent.o)
                0x000034b4                cleanup_glue
 .text._reclaim_reent
                0x000034d0       0x88 c:/nxp/mcuxpressoide_10.0.2_411/ide/tools/bin/../lib/gcc/arm-none-eabi/5.4.1/../../../../arm-none-eabi/lib/armv7-m\libc.a(lib_a-reent.o)
                0x000034d0                _reclaim_reent
 .text._sbrk_r  0x00003558       0x24 c:/nxp/mcuxpressoide_10.0.2_411/ide/tools/bin/../lib/gcc/arm-none-eabi/5.4.1/../../../../arm-none-eabi/lib/armv7-m\libc.a(lib_a-sbrkr.o)
                0x00003558                _sbrk_r
 .text.snprintf
                0x0000357c       0x98 c:/nxp/mcuxpressoide_10.0.2_411/ide/tools/bin/../lib/gcc/arm-none-eabi/5.4.1/../../../../arm-none-eabi/lib/armv7-m\libc.a(lib_a-snprintf.o)
                0x0000357c                snprintf
 .text._svfprintf_r
                0x00003614     0x1760 c:/nxp/mcuxpressoide_10.0.2_411/ide/tools/bin/../lib/gcc/arm-none-eabi/5.4.1/../../../../arm-none-eabi/lib/armv7-m\libc.a(lib_a-svfprintf.o)
                0x00003614                _svfprintf_r
 .text.quorem   0x00004d74      0x12c c:/nxp/mcuxpressoide_10.0.2_411/ide/tools/bin/../lib/gcc/arm-none-eabi/5.4.1/../../../../arm-none-eabi/lib/armv7-m\libc.a(lib_a-dtoa.o)
 .text._dtoa_r  0x00004ea0      0xe4c c:/nxp/mcuxpressoide_10.0.2_411/ide/tools/bin/../lib/gcc/arm-none-eabi/5.4.1/../../../../arm-none-eabi/lib/armv7-m\libc.a(lib_a-dtoa.o)
                0x00004ea0                _dtoa_r
 .text._malloc_trim_r
                0x00005cec       0x9c c:/nxp/mcuxpressoide_10.0.2_411/ide/tools/bin/../lib/gcc/arm-none-eabi/5.4.1/../../../../arm-none-eabi/lib/armv7-m\libc.a(lib_a-freer.o)
                0x00005cec                _malloc_trim_r
 .text._free_r  0x00005d88      0x1d0 c:/nxp/mcuxpressoide_10.0.2_411/ide/tools/bin/../lib/gcc/arm-none-eabi/5.4.1/../../../../arm-none-eabi/lib/armv7-m\libc.a(lib_a-freer.o)
                0x00005d88                _free_r
 .text._localeconv_r
                0x00005f58       0x1c c:/nxp/mcuxpressoide_10.0.2_411/ide/tools/bin/../lib/gcc/arm-none-eabi/5.4.1/../../../../arm-none-eabi/lib/armv7-m\libc.a(lib_a-localeconv.o)
                0x00005f58                _localeconv_r
 .text.memchr   0x00005f74       0x8c c:/nxp/mcuxpressoide_10.0.2_411/ide/tools/bin/../lib/gcc/arm-none-eabi/5.4.1/../../../../arm-none-eabi/lib/armv7-m\libc.a(lib_a-memchr-stub.o)
                0x00005f74                memchr
 .text._Balloc  0x00006000       0x50 c:/nxp/mcuxpressoide_10.0.2_411/ide/tools/bin/../lib/gcc/arm-none-eabi/5.4.1/../../../../arm-none-eabi/lib/armv7-m\libc.a(lib_a-mprec.o)
                0x00006000                _Balloc
 .text._Bfree   0x00006050       0x14 c:/nxp/mcuxpressoide_10.0.2_411/ide/tools/bin/../lib/gcc/arm-none-eabi/5.4.1/../../../../arm-none-eabi/lib/armv7-m\libc.a(lib_a-mprec.o)
                0x00006050                _Bfree
 .text.__multadd
                0x00006064       0x80 c:/nxp/mcuxpressoide_10.0.2_411/ide/tools/bin/../lib/gcc/arm-none-eabi/5.4.1/../../../../arm-none-eabi/lib/armv7-m\libc.a(lib_a-mprec.o)
                0x00006064                __multadd
 .text.__hi0bits
                0x000060e4       0x40 c:/nxp/mcuxpressoide_10.0.2_411/ide/tools/bin/../lib/gcc/arm-none-eabi/5.4.1/../../../../arm-none-eabi/lib/armv7-m\libc.a(lib_a-mprec.o)
                0x000060e4                __hi0bits
 .text.__lo0bits
                0x00006124       0x5c c:/nxp/mcuxpressoide_10.0.2_411/ide/tools/bin/../lib/gcc/arm-none-eabi/5.4.1/../../../../arm-none-eabi/lib/armv7-m\libc.a(lib_a-mprec.o)
                0x00006124                __lo0bits
 .text.__i2b    0x00006180       0x14 c:/nxp/mcuxpressoide_10.0.2_411/ide/tools/bin/../lib/gcc/arm-none-eabi/5.4.1/../../../../arm-none-eabi/lib/armv7-m\libc.a(lib_a-mprec.o)
                0x00006180                __i2b
 .text.__multiply
                0x00006194      0x13c c:/nxp/mcuxpressoide_10.0.2_411/ide/tools/bin/../lib/gcc/arm-none-eabi/5.4.1/../../../../arm-none-eabi/lib/armv7-m\libc.a(lib_a-mprec.o)
                0x00006194                __multiply
 .text.__pow5mult
                0x000062d0       0xa0 c:/nxp/mcuxpressoide_10.0.2_411/ide/tools/bin/../lib/gcc/arm-none-eabi/5.4.1/../../../../arm-none-eabi/lib/armv7-m\libc.a(lib_a-mprec.o)
                0x000062d0                __pow5mult
 .text.__lshift
                0x00006370       0xac c:/nxp/mcuxpressoide_10.0.2_411/ide/tools/bin/../lib/gcc/arm-none-eabi/5.4.1/../../../../arm-none-eabi/lib/armv7-m\libc.a(lib_a-mprec.o)
                0x00006370                __lshift
 .text.__mcmp   0x0000641c       0x40 c:/nxp/mcuxpressoide_10.0.2_411/ide/tools/bin/../lib/gcc/arm-none-eabi/5.4.1/../../../../arm-none-eabi/lib/armv7-m\libc.a(lib_a-mprec.o)
                0x0000641c                __mcmp
 .text.__mdiff  0x0000645c      0x128 c:/nxp/mcuxpressoide_10.0.2_411/ide/tools/bin/../lib/gcc/arm-none-eabi/5.4.1/../../../../arm-none-eabi/lib/armv7-m\libc.a(lib_a-mprec.o)
                0x0000645c                __mdiff
 .text.__d2b    0x00006584       0xa8 c:/nxp/mcuxpressoide_10.0.2_411/ide/tools/bin/../lib/gcc/arm-none-eabi/5.4.1/../../../../arm-none-eabi/lib/armv7-m\libc.a(lib_a-mprec.o)
                0x00006584                __d2b
 .text.strlen   0x0000662c       0x5c c:/nxp/mcuxpressoide_10.0.2_411/ide/tools/bin/../lib/gcc/arm-none-eabi/5.4.1/../../../../arm-none-eabi/lib/armv7-m\libc.a(lib_a-strlen-stub.o)
                0x0000662c                strlen
 .text.__ssprint_r
                0x00006688      0x100 c:/nxp/mcuxpressoide_10.0.2_411/ide/tools/bin/../lib/gcc/arm-none-eabi/5.4.1/../../../../arm-none-eabi/lib/armv7-m\libc.a(lib_a-svfiprintf.o)
                0x00006688                __ssprint_r
 .text._calloc_r
                0x00006788       0x60 c:/nxp/mcuxpressoide_10.0.2_411/ide/tools/bin/../lib/gcc/arm-none-eabi/5.4.1/../../../../arm-none-eabi/lib/armv7-m\libc.a(lib_a-callocr.o)
                0x00006788                _calloc_r
 .text.__ascii_mbtowc
                0x000067e8       0x2c c:/nxp/mcuxpressoide_10.0.2_411/ide/tools/bin/../lib/gcc/arm-none-eabi/5.4.1/../../../../arm-none-eabi/lib/armv7-m\libc.a(lib_a-mbtowc_r.o)
                0x000067e8                __ascii_mbtowc
 .text.memmove  0x00006814       0xc8 c:/nxp/mcuxpressoide_10.0.2_411/ide/tools/bin/../lib/gcc/arm-none-eabi/5.4.1/../../../../arm-none-eabi/lib/armv7-m\libc.a(lib_a-memmove.o)
                0x00006814                memmove
 .text._realloc_r
                0x000068dc      0x3d4 c:/nxp/mcuxpressoide_10.0.2_411/ide/tools/bin/../lib/gcc/arm-none-eabi/5.4.1/../../../../arm-none-eabi/lib/armv7-m\libc.a(lib_a-reallocr.o)
                0x000068dc                _realloc_r
 .text.__ascii_wctomb
                0x00006cb0       0x1c c:/nxp/mcuxpressoide_10.0.2_411/ide/tools/bin/../lib/gcc/arm-none-eabi/5.4.1/../../../../arm-none-eabi/lib/armv7-m\libc.a(lib_a-wctomb_r.o)
                0x00006cb0                __ascii_wctomb
 .text._sbrk    0x00006ccc       0x3c c:/nxp/mcuxpressoide_10.0.2_411/ide/tools/bin/../lib/gcc/arm-none-eabi/5.4.1/../../../../arm-none-eabi/lib/armv7-m\libcr_newlib_nohost.a(_cr_sbrk.o)
                0x00006ccc                _sbrk
 .text.__check_heap_overflow
                0x00006d08       0x18 c:/nxp/mcuxpressoide_10.0.2_411/ide/tools/bin/../lib/gcc/arm-none-eabi/5.4.1/../../../../arm-none-eabi/lib/armv7-m\libcr_newlib_nohost.a(_cr_check_heap.o)
                0x00006d08                __check_heap_overflow
 .text          0x00006d20       0x5c c:/nxp/mcuxpressoide_10.0.2_411/ide/tools/bin/../lib/gcc/arm-none-eabi/5.4.1/armv7-m\crtbegin.o
 .text          0x00006d7c      0x370 c:/nxp/mcuxpressoide_10.0.2_411/ide/tools/bin/../lib/gcc/arm-none-eabi/5.4.1/armv7-m\libgcc.a(_arm_addsubdf3.o)
                0x00006d7c                __aeabi_drsub
                0x00006d84                __aeabi_dsub
                0x00006d84                __subdf3
                0x00006d88                __aeabi_dadd
                0x00006d88                __adddf3
                0x00007000                __floatunsidf
                0x00007000                __aeabi_ui2d
                0x00007020                __floatsidf
                0x00007020                __aeabi_i2d
                0x00007044                __aeabi_f2d
                0x00007044                __extendsfdf2
                0x00007080                __floatundidf
                0x00007080                __aeabi_ul2d
                0x00007090                __floatdidf
                0x00007090                __aeabi_l2d
 .text          0x000070ec      0x424 c:/nxp/mcuxpressoide_10.0.2_411/ide/tools/bin/../lib/gcc/arm-none-eabi/5.4.1/armv7-m\libgcc.a(_arm_muldivdf3.o)
                0x000070ec                __aeabi_dmul
                0x000070ec                __muldf3
                0x00007340                __divdf3
                0x00007340                __aeabi_ddiv
 .text          0x00007510      0x110 c:/nxp/mcuxpressoide_10.0.2_411/ide/tools/bin/../lib/gcc/arm-none-eabi/5.4.1/armv7-m\libgcc.a(_arm_cmpdf2.o)
                0x00007510                __gtdf2
                0x00007510                __gedf2
                0x00007518                __ltdf2
                0x00007518                __ledf2
                0x00007520                __nedf2
                0x00007520                __eqdf2
                0x00007520                __cmpdf2
                0x0000759c                __aeabi_cdrcmple
                0x000075ac                __aeabi_cdcmpeq
                0x000075ac                __aeabi_cdcmple
                0x000075bc                __aeabi_dcmpeq
                0x000075d0                __aeabi_dcmplt
                0x000075e4                __aeabi_dcmple
                0x000075f8                __aeabi_dcmpge
                0x0000760c                __aeabi_dcmpgt
 .text          0x00007620       0x2c c:/nxp/mcuxpressoide_10.0.2_411/ide/tools/bin/../lib/gcc/arm-none-eabi/5.4.1/armv7-m\libgcc.a(_arm_unorddf2.o)
                0x00007620                __unorddf2
                0x00007620                __aeabi_dcmpun
 .text          0x0000764c       0x50 c:/nxp/mcuxpressoide_10.0.2_411/ide/tools/bin/../lib/gcc/arm-none-eabi/5.4.1/armv7-m\libgcc.a(_arm_fixdfsi.o)
                0x0000764c                __aeabi_d2iz
                0x0000764c                __fixdfsi
 .text.__errno  0x0000769c        0xc c:/nxp/mcuxpressoide_10.0.2_411/ide/tools/bin/../lib/gcc/arm-none-eabi/5.4.1/../../../../arm-none-eabi/lib/armv7-m\libc.a(lib_a-errno.o)
                0x0000769c                __errno
 *(.rodata .rodata.* .constdata .constdata.*)
 .rodata        0x000076a8       0x2c ./src/lab8e1.o
 .rodata.OscRateIn
                0x000076d4        0x4 C:\Users\Administrator\Documents\MCUXpressoIDE_10.0.2_411\workspace\lpc_board_nxp_lpcxpresso_1549\Debug\liblpc_board_nxp_lpcxpresso_1549.a(board.o)
                0x000076d4                OscRateIn
 .rodata.RTCOscRateIn
                0x000076d8        0x4 C:\Users\Administrator\Documents\MCUXpressoIDE_10.0.2_411\workspace\lpc_board_nxp_lpcxpresso_1549\Debug\liblpc_board_nxp_lpcxpresso_1549.a(board.o)
                0x000076d8                RTCOscRateIn
 .rodata.ledpins
                0x000076dc        0x3 C:\Users\Administrator\Documents\MCUXpressoIDE_10.0.2_411\workspace\lpc_board_nxp_lpcxpresso_1549\Debug\liblpc_board_nxp_lpcxpresso_1549.a(board.o)
 *fill*         0x000076df        0x1 ff
 .rodata.ledports
                0x000076e0        0x3 C:\Users\Administrator\Documents\MCUXpressoIDE_10.0.2_411\workspace\lpc_board_nxp_lpcxpresso_1549\Debug\liblpc_board_nxp_lpcxpresso_1549.a(board.o)
 *fill*         0x000076e3        0x1 ff
 .rodata.ioconSetup
                0x000076e4       0x74 C:\Users\Administrator\Documents\MCUXpressoIDE_10.0.2_411\workspace\lpc_board_nxp_lpcxpresso_1549\Debug\liblpc_board_nxp_lpcxpresso_1549.a(board_sysinit.o)
 .rodata.swmSetup
                0x00007758        0x6 C:\Users\Administrator\Documents\MCUXpressoIDE_10.0.2_411\workspace\lpc_board_nxp_lpcxpresso_1549\Debug\liblpc_board_nxp_lpcxpresso_1549.a(board_sysinit.o)
 *fill*         0x0000775e        0x2 ff
 .rodata        0x00007760       0x18 C:\Users\Administrator\Documents\MCUXpressoIDE_10.0.2_411\workspace\freertos\Debug\libfreertos.a(tasks.o)
                0x00007768                FreeRTOSDebugConfig
 .rodata.ucExpectedStackBytes.9841
                0x00007778       0x14 C:\Users\Administrator\Documents\MCUXpressoIDE_10.0.2_411\workspace\freertos\Debug\libfreertos.a(tasks.o)
 .rodata.zeroes.7256
                0x0000778c       0x10 c:/nxp/mcuxpressoide_10.0.2_411/ide/tools/bin/../lib/gcc/arm-none-eabi/5.4.1/../../../../arm-none-eabi/lib/armv7-m\libc.a(lib_a-svfprintf.o)
 .rodata.str1.4
                0x0000779c       0x42 c:/nxp/mcuxpressoide_10.0.2_411/ide/tools/bin/../lib/gcc/arm-none-eabi/5.4.1/../../../../arm-none-eabi/lib/armv7-m\libc.a(lib_a-svfprintf.o)
 *fill*         0x000077de        0x2 ff
 .rodata.blanks.7255
                0x000077e0       0x10 c:/nxp/mcuxpressoide_10.0.2_411/ide/tools/bin/../lib/gcc/arm-none-eabi/5.4.1/../../../../arm-none-eabi/lib/armv7-m\libc.a(lib_a-svfprintf.o)
 .rodata.str1.4
                0x000077f0       0x10 c:/nxp/mcuxpressoide_10.0.2_411/ide/tools/bin/../lib/gcc/arm-none-eabi/5.4.1/../../../../arm-none-eabi/lib/armv7-m\libc.a(lib_a-dtoa.o)
                                 0x12 (size before relaxing)
 .rodata.__mprec_tens
                0x00007800       0xc8 c:/nxp/mcuxpressoide_10.0.2_411/ide/tools/bin/../lib/gcc/arm-none-eabi/5.4.1/../../../../arm-none-eabi/lib/armv7-m\libc.a(lib_a-mprec.o)
                0x00007800                __mprec_tens
 .rodata.p05.6085
                0x000078c8        0xc c:/nxp/mcuxpressoide_10.0.2_411/ide/tools/bin/../lib/gcc/arm-none-eabi/5.4.1/../../../../arm-none-eabi/lib/armv7-m\libc.a(lib_a-mprec.o)
 *fill*         0x000078d4        0x4 ff
 .rodata.__mprec_bigtens
                0x000078d8       0x28 c:/nxp/mcuxpressoide_10.0.2_411/ide/tools/bin/../lib/gcc/arm-none-eabi/5.4.1/../../../../arm-none-eabi/lib/armv7-m\libc.a(lib_a-mprec.o)
                0x000078d8                __mprec_bigtens
 .rodata.str1.4
                0x00007900       0x10 c:/nxp/mcuxpressoide_10.0.2_411/ide/tools/bin/../lib/gcc/arm-none-eabi/5.4.1/../../../../arm-none-eabi/lib/armv7-m\libc.a(lib_a-locale.o)
                                 0x12 (size before relaxing)
 .rodata._ctype_
                0x00007910      0x101 c:/nxp/mcuxpressoide_10.0.2_411/ide/tools/bin/../lib/gcc/arm-none-eabi/5.4.1/../../../../arm-none-eabi/lib/armv7-m\libc.a(lib_a-ctype_.o)
                0x00007910                _ctype_
                0x00007a14                . = ALIGN (0x4)
 *fill*         0x00007a11        0x3 ff
                0x00007a14                . = ALIGN (0x4)
 *(.init)
 .init          0x00007a14        0x4 c:/nxp/mcuxpressoide_10.0.2_411/ide/tools/bin/../lib/gcc/arm-none-eabi/5.4.1/armv7-m\crti.o
                0x00007a14                _init
 .init          0x00007a18        0x8 c:/nxp/mcuxpressoide_10.0.2_411/ide/tools/bin/../lib/gcc/arm-none-eabi/5.4.1/armv7-m\crtn.o
                0x00007a20                . = ALIGN (0x4)
                0x00007a20                __preinit_array_start = .
 *(.preinit_array)
                0x00007a20                __preinit_array_end = .
                0x00007a20                . = ALIGN (0x4)
                0x00007a20                __init_array_start = .
 *(SORT(.init_array.*))
 *(.init_array)
 .init_array    0x00007a20        0x4 c:/nxp/mcuxpressoide_10.0.2_411/ide/tools/bin/../lib/gcc/arm-none-eabi/5.4.1/armv7-m\crtbegin.o
                0x00007a24                __init_array_end = .
 *(.fini)
 .fini          0x00007a24        0x4 c:/nxp/mcuxpressoide_10.0.2_411/ide/tools/bin/../lib/gcc/arm-none-eabi/5.4.1/armv7-m\crti.o
                0x00007a24                _fini
 .fini          0x00007a28        0x8 c:/nxp/mcuxpressoide_10.0.2_411/ide/tools/bin/../lib/gcc/arm-none-eabi/5.4.1/armv7-m\crtn.o
                0x00007a30                . = ALIGN (0x4)
 *crtbegin.o(.ctors)
 *(EXCLUDE_FILE(*crtend.o) .ctors)
 *(SORT(.ctors.*))
 *crtend.o(.ctors)
                0x00007a30                . = ALIGN (0x4)
 *crtbegin.o(.dtors)
 *(EXCLUDE_FILE(*crtend.o) .dtors)
 *(SORT(.dtors.*))
 *crtend.o(.dtors)
                0x00007a30                . = ALIGN (0x4)

.glue_7         0x00007a30        0x0
 .glue_7        0x00007a30        0x0 linker stubs

.glue_7t        0x00007a30        0x0
 .glue_7t       0x00007a30        0x0 linker stubs

.vfp11_veneer   0x00007a30        0x0
 .vfp11_veneer  0x00007a30        0x0 linker stubs

.v4_bx          0x00007a30        0x0
 .v4_bx         0x00007a30        0x0 linker stubs

.iplt           0x00007a30        0x0
 .iplt          0x00007a30        0x0 ./src/DigitalIoPin.o

.ARM.extab
 *(.ARM.extab* .gnu.linkonce.armextab.*)
                0x00007a30                __exidx_start = .

.ARM.exidx      0x00007a30        0x8
 *(.ARM.exidx* .gnu.linkonce.armexidx.*)
 .ARM.exidx     0x00007a30        0x8 c:/nxp/mcuxpressoide_10.0.2_411/ide/tools/bin/../lib/gcc/arm-none-eabi/5.4.1/armv7-m\libgcc.a(_udivmoddi4.o)
                0x00007a38                __exidx_end = .
                0x00007a38                _etext = .

.rel.dyn        0x00007a38        0x0
 .rel.iplt      0x00007a38        0x0 ./src/DigitalIoPin.o

.eh_frame       0x00007a38        0x0
 .eh_frame      0x00007a38        0x0 c:/nxp/mcuxpressoide_10.0.2_411/ide/tools/bin/../lib/gcc/arm-none-eabi/5.4.1/armv7-m\crtbegin.o

.data_RAM2      0x02008000        0x0 load address 0x00007a38
 FILL mask 0xff
                [!provide]                PROVIDE (__start_data_RAM2, .)
 *(.ramfunc.$RAM2)
 *(.ramfunc.$Ram2_4)
 *(.data.$RAM2*)
 *(.data.$Ram2_4*)
                0x02008000                . = ALIGN (0x4)
                [!provide]                PROVIDE (__end_data_RAM2, .)

.uninit_RESERVED
                0x02000000        0x0
 *(.bss.$RESERVED*)
                0x02000000                . = ALIGN (0x4)
                0x02000000                _end_uninit_RESERVED = .

.data           0x02000000      0x9b0 load address 0x00007a38
 FILL mask 0xff
                0x02000000                _data = .
 *(vtable)
 *(.ramfunc*)
 *(.data*)
 .data.xNextTaskUnblockTime
                0x02000000        0x4 C:\Users\Administrator\Documents\MCUXpressoIDE_10.0.2_411\workspace\freertos\Debug\libfreertos.a(tasks.o)
 .data.uxCriticalNesting
                0x02000004        0x4 C:\Users\Administrator\Documents\MCUXpressoIDE_10.0.2_411\workspace\freertos\Debug\libfreertos.a(port.o)
 .data.impure_data
                0x02000008      0x428 c:/nxp/mcuxpressoide_10.0.2_411/ide/tools/bin/../lib/gcc/arm-none-eabi/5.4.1/../../../../arm-none-eabi/lib/armv7-m\libc.a(lib_a-impure.o)
 .data._impure_ptr
                0x02000430        0x4 c:/nxp/mcuxpressoide_10.0.2_411/ide/tools/bin/../lib/gcc/arm-none-eabi/5.4.1/../../../../arm-none-eabi/lib/armv7-m\libc.a(lib_a-impure.o)
                0x02000430                _impure_ptr
 .data.__malloc_av_
                0x02000434      0x408 c:/nxp/mcuxpressoide_10.0.2_411/ide/tools/bin/../lib/gcc/arm-none-eabi/5.4.1/../../../../arm-none-eabi/lib/armv7-m\libc.a(lib_a-mallocr.o)
                0x02000434                __malloc_av_
 .data.__malloc_trim_threshold
                0x0200083c        0x4 c:/nxp/mcuxpressoide_10.0.2_411/ide/tools/bin/../lib/gcc/arm-none-eabi/5.4.1/../../../../arm-none-eabi/lib/armv7-m\libc.a(lib_a-mallocr.o)
                0x0200083c                __malloc_trim_threshold
 .data.__malloc_sbrk_base
                0x02000840        0x4 c:/nxp/mcuxpressoide_10.0.2_411/ide/tools/bin/../lib/gcc/arm-none-eabi/5.4.1/../../../../arm-none-eabi/lib/armv7-m\libc.a(lib_a-mallocr.o)
                0x02000840                __malloc_sbrk_base
 .data.__global_locale
                0x02000844      0x16c c:/nxp/mcuxpressoide_10.0.2_411/ide/tools/bin/../lib/gcc/arm-none-eabi/5.4.1/../../../../arm-none-eabi/lib/armv7-m\libc.a(lib_a-locale.o)
                0x02000844                __global_locale
                0x020009b0                . = ALIGN (0x4)
                0x020009b0                _edata = .

.igot.plt       0x020009b0        0x0 load address 0x000083e8
 .igot.plt      0x020009b0        0x0 ./src/DigitalIoPin.o

.jcr            0x020009b0        0x0 load address 0x000083e8
 .jcr           0x020009b0        0x0 c:/nxp/mcuxpressoide_10.0.2_411/ide/tools/bin/../lib/gcc/arm-none-eabi/5.4.1/armv7-m\crtbegin.o

.bss_RAM2       0x02008000        0x0
                [!provide]                PROVIDE (__start_bss_RAM2, .)
 *(.bss.$RAM2*)
 *(.bss.$Ram2_4*)
                0x02008000                . = ALIGN ((. != 0x0)?0x4:0x1)
                [!provide]                PROVIDE (__end_bss_RAM2, .)

.bss            0x020009b0      0x1a0
                0x020009b0                _bss = .
 *(.bss*)
 .bss.queue     0x020009b0        0x4 ./src/lab8e1.o
                0x020009b0                queue
 .bss.pxCurrentTCB
                0x020009b4        0x4 C:\Users\Administrator\Documents\MCUXpressoIDE_10.0.2_411\workspace\freertos\Debug\libfreertos.a(tasks.o)
                0x020009b4                pxCurrentTCB
 .bss.pxReadyTasksLists
                0x020009b8       0xa0 C:\Users\Administrator\Documents\MCUXpressoIDE_10.0.2_411\workspace\freertos\Debug\libfreertos.a(tasks.o)
 .bss.xDelayedTaskList1
                0x02000a58       0x14 C:\Users\Administrator\Documents\MCUXpressoIDE_10.0.2_411\workspace\freertos\Debug\libfreertos.a(tasks.o)
 .bss.xDelayedTaskList2
                0x02000a6c       0x14 C:\Users\Administrator\Documents\MCUXpressoIDE_10.0.2_411\workspace\freertos\Debug\libfreertos.a(tasks.o)
 .bss.pxDelayedTaskList
                0x02000a80        0x4 C:\Users\Administrator\Documents\MCUXpressoIDE_10.0.2_411\workspace\freertos\Debug\libfreertos.a(tasks.o)
 .bss.pxOverflowDelayedTaskList
                0x02000a84        0x4 C:\Users\Administrator\Documents\MCUXpressoIDE_10.0.2_411\workspace\freertos\Debug\libfreertos.a(tasks.o)
 .bss.xPendingReadyList
                0x02000a88       0x14 C:\Users\Administrator\Documents\MCUXpressoIDE_10.0.2_411\workspace\freertos\Debug\libfreertos.a(tasks.o)
 .bss.xTasksWaitingTermination
                0x02000a9c       0x14 C:\Users\Administrator\Documents\MCUXpressoIDE_10.0.2_411\workspace\freertos\Debug\libfreertos.a(tasks.o)
 .bss.uxTasksDeleted
                0x02000ab0        0x4 C:\Users\Administrator\Documents\MCUXpressoIDE_10.0.2_411\workspace\freertos\Debug\libfreertos.a(tasks.o)
 .bss.xSuspendedTaskList
                0x02000ab4       0x14 C:\Users\Administrator\Documents\MCUXpressoIDE_10.0.2_411\workspace\freertos\Debug\libfreertos.a(tasks.o)
 .bss.uxCurrentNumberOfTasks
                0x02000ac8        0x4 C:\Users\Administrator\Documents\MCUXpressoIDE_10.0.2_411\workspace\freertos\Debug\libfreertos.a(tasks.o)
 .bss.xTickCount
                0x02000acc        0x4 C:\Users\Administrator\Documents\MCUXpressoIDE_10.0.2_411\workspace\freertos\Debug\libfreertos.a(tasks.o)
 .bss.uxTopReadyPriority
                0x02000ad0        0x4 C:\Users\Administrator\Documents\MCUXpressoIDE_10.0.2_411\workspace\freertos\Debug\libfreertos.a(tasks.o)
 .bss.xSchedulerRunning
                0x02000ad4        0x4 C:\Users\Administrator\Documents\MCUXpressoIDE_10.0.2_411\workspace\freertos\Debug\libfreertos.a(tasks.o)
 .bss.uxPendedTicks
                0x02000ad8        0x4 C:\Users\Administrator\Documents\MCUXpressoIDE_10.0.2_411\workspace\freertos\Debug\libfreertos.a(tasks.o)
 .bss.xYieldPending
                0x02000adc        0x4 C:\Users\Administrator\Documents\MCUXpressoIDE_10.0.2_411\workspace\freertos\Debug\libfreertos.a(tasks.o)
 .bss.xNumOfOverflows
                0x02000ae0        0x4 C:\Users\Administrator\Documents\MCUXpressoIDE_10.0.2_411\workspace\freertos\Debug\libfreertos.a(tasks.o)
 .bss.uxTaskNumber
                0x02000ae4        0x4 C:\Users\Administrator\Documents\MCUXpressoIDE_10.0.2_411\workspace\freertos\Debug\libfreertos.a(tasks.o)
 .bss.uxSchedulerSuspended
                0x02000ae8        0x4 C:\Users\Administrator\Documents\MCUXpressoIDE_10.0.2_411\workspace\freertos\Debug\libfreertos.a(tasks.o)
 .bss.ulTaskSwitchedInTime
                0x02000aec        0x4 C:\Users\Administrator\Documents\MCUXpressoIDE_10.0.2_411\workspace\freertos\Debug\libfreertos.a(tasks.o)
 .bss.ulTotalRunTime
                0x02000af0        0x4 C:\Users\Administrator\Documents\MCUXpressoIDE_10.0.2_411\workspace\freertos\Debug\libfreertos.a(tasks.o)
 .bss.__malloc_max_total_mem
                0x02000af4        0x4 c:/nxp/mcuxpressoide_10.0.2_411/ide/tools/bin/../lib/gcc/arm-none-eabi/5.4.1/../../../../arm-none-eabi/lib/armv7-m\libc.a(lib_a-mallocr.o)
                0x02000af4                __malloc_max_total_mem
 .bss.__malloc_max_sbrked_mem
                0x02000af8        0x4 c:/nxp/mcuxpressoide_10.0.2_411/ide/tools/bin/../lib/gcc/arm-none-eabi/5.4.1/../../../../arm-none-eabi/lib/armv7-m\libc.a(lib_a-mallocr.o)
                0x02000af8                __malloc_max_sbrked_mem
 .bss.__malloc_top_pad
                0x02000afc        0x4 c:/nxp/mcuxpressoide_10.0.2_411/ide/tools/bin/../lib/gcc/arm-none-eabi/5.4.1/../../../../arm-none-eabi/lib/armv7-m\libc.a(lib_a-mallocr.o)
                0x02000afc                __malloc_top_pad
 .bss.__malloc_current_mallinfo
                0x02000b00       0x28 c:/nxp/mcuxpressoide_10.0.2_411/ide/tools/bin/../lib/gcc/arm-none-eabi/5.4.1/../../../../arm-none-eabi/lib/armv7-m\libc.a(lib_a-mallocr.o)
                0x02000b00                __malloc_current_mallinfo
 .bss.__end_of_heap
                0x02000b28        0x4 c:/nxp/mcuxpressoide_10.0.2_411/ide/tools/bin/../lib/gcc/arm-none-eabi/5.4.1/../../../../arm-none-eabi/lib/armv7-m\libcr_newlib_nohost.a(_cr_sbrk.o)
                0x02000b28                __end_of_heap
 .bss           0x02000b2c       0x1c c:/nxp/mcuxpressoide_10.0.2_411/ide/tools/bin/../lib/gcc/arm-none-eabi/5.4.1/armv7-m\crtbegin.o
 *(COMMON)
 COMMON         0x02000b48        0x4 C:\Users\Administrator\Documents\MCUXpressoIDE_10.0.2_411\workspace\lpc_chip_15xx\Debug\liblpc_chip_15xx.a(chip_15xx.o)
                0x02000b48                SystemCoreClock
 COMMON         0x02000b4c        0x4 c:/nxp/mcuxpressoide_10.0.2_411/ide/tools/bin/../lib/gcc/arm-none-eabi/5.4.1/../../../../arm-none-eabi/lib/armv7-m\libc.a(lib_a-reent.o)
                0x02000b4c                errno
                0x02000b50                . = ALIGN (0x4)
                0x02000b50                _ebss = .
                [!provide]                PROVIDE (end, .)

.noinit_RAM2    0x02008000        0x0
 *(.noinit.$RAM2*)
 *(.noinit.$Ram2_4*)
                0x02008000                . = ALIGN (0x4)

.noinit         0x02000b50        0x0
                0x02000b50                _noinit = .
 *(.noinit*)
                0x02000b50                . = ALIGN (0x4)
                0x02000b50                _end_noinit = .
                0x02000b50                PROVIDE (_pvHeapStart, DEFINED (__user_heap_base)?__user_heap_base:.)
                0x02008000                PROVIDE (_vStackTop, DEFINED (__user_stack_top)?__user_stack_top:(__top_Ram0_16_32 - 0x0))
                0xfdff732e                PROVIDE (__valid_user_code_checksum, (0x0 - ((((((_vStackTop + (ResetISR + 0x1)) + (NMI_Handler + 0x1)) + (HardFault_Handler + 0x1)) + (DEFINED (MemManage_Handler)?MemManage_Handler:0x0 + 0x1)) + (DEFINED (BusFault_Handler)?BusFault_Handler:0x0 + 0x1)) + (DEFINED (UsageFault_Handler)?UsageFault_Handler:0x0 + 0x1))))
OUTPUT(lab8e1.axf elf32-littlearm)

.debug_info     0x00000000     0xc9da
 .debug_info    0x00000000      0x281 ./src/cr_startup_lpc15xx.o
 .debug_info    0x00000281     0x2df1 ./src/lab8e1.o
 .debug_info    0x00003072       0xee ./src/sysinit.o
 .debug_info    0x00003160      0xb0d C:\Users\Administrator\Documents\MCUXpressoIDE_10.0.2_411\workspace\lpc_board_nxp_lpcxpresso_1549\Debug\liblpc_board_nxp_lpcxpresso_1549.a(board.o)
 .debug_info    0x00003c6d      0xcbc C:\Users\Administrator\Documents\MCUXpressoIDE_10.0.2_411\workspace\lpc_board_nxp_lpcxpresso_1549\Debug\liblpc_board_nxp_lpcxpresso_1549.a(board_sysinit.o)
 .debug_info    0x00004929      0x9ae C:\Users\Administrator\Documents\MCUXpressoIDE_10.0.2_411\workspace\lpc_chip_15xx\Debug\liblpc_chip_15xx.a(chip_15xx.o)
 .debug_info    0x000052d7      0xd6a C:\Users\Administrator\Documents\MCUXpressoIDE_10.0.2_411\workspace\lpc_chip_15xx\Debug\liblpc_chip_15xx.a(clock_15xx.o)
 .debug_info    0x00006041      0x645 C:\Users\Administrator\Documents\MCUXpressoIDE_10.0.2_411\workspace\lpc_chip_15xx\Debug\liblpc_chip_15xx.a(gpio_15xx.o)
 .debug_info    0x00006686      0x21a C:\Users\Administrator\Documents\MCUXpressoIDE_10.0.2_411\workspace\lpc_chip_15xx\Debug\liblpc_chip_15xx.a(iocon_15xx.o)
 .debug_info    0x000068a0      0xa58 C:\Users\Administrator\Documents\MCUXpressoIDE_10.0.2_411\workspace\lpc_chip_15xx\Debug\liblpc_chip_15xx.a(sct_15xx.o)
 .debug_info    0x000072f8      0x60b C:\Users\Administrator\Documents\MCUXpressoIDE_10.0.2_411\workspace\lpc_chip_15xx\Debug\liblpc_chip_15xx.a(swm_15xx.o)
 .debug_info    0x00007903      0x76d C:\Users\Administrator\Documents\MCUXpressoIDE_10.0.2_411\workspace\lpc_chip_15xx\Debug\liblpc_chip_15xx.a(sysctl_15xx.o)
 .debug_info    0x00008070      0x748 C:\Users\Administrator\Documents\MCUXpressoIDE_10.0.2_411\workspace\lpc_chip_15xx\Debug\liblpc_chip_15xx.a(sysinit_15xx.o)
 .debug_info    0x000087b8      0x8f4 C:\Users\Administrator\Documents\MCUXpressoIDE_10.0.2_411\workspace\lpc_chip_15xx\Debug\liblpc_chip_15xx.a(uart_15xx.o)
 .debug_info    0x000090ac      0xcb2 C:\Users\Administrator\Documents\MCUXpressoIDE_10.0.2_411\workspace\freertos\Debug\libfreertos.a(queue.o)
 .debug_info    0x00009d5e     0x2181 C:\Users\Administrator\Documents\MCUXpressoIDE_10.0.2_411\workspace\freertos\Debug\libfreertos.a(tasks.o)
 .debug_info    0x0000bedf      0x1ae C:\Users\Administrator\Documents\MCUXpressoIDE_10.0.2_411\workspace\freertos\Debug\libfreertos.a(FreeRTOSCommonHooks.o)
 .debug_info    0x0000c08d      0x143 C:\Users\Administrator\Documents\MCUXpressoIDE_10.0.2_411\workspace\freertos\Debug\libfreertos.a(heap_3.o)
 .debug_info    0x0000c1d0      0x2ee C:\Users\Administrator\Documents\MCUXpressoIDE_10.0.2_411\workspace\freertos\Debug\libfreertos.a(list.o)
 .debug_info    0x0000c4be      0x38e C:\Users\Administrator\Documents\MCUXpressoIDE_10.0.2_411\workspace\freertos\Debug\libfreertos.a(port.o)
 .debug_info    0x0000c84c      0x124 c:/nxp/mcuxpressoide_10.0.2_411/ide/tools/bin/../lib/gcc/arm-none-eabi/5.4.1/../../../../arm-none-eabi/lib/armv7-m\libcr_newlib_nohost.a(_cr_sbrk.o)
 .debug_info    0x0000c970       0x6a c:/nxp/mcuxpressoide_10.0.2_411/ide/tools/bin/../lib/gcc/arm-none-eabi/5.4.1/../../../../arm-none-eabi/lib/armv7-m\libcr_newlib_nohost.a(_cr_check_heap.o)

.debug_abbrev   0x00000000     0x23cc
 .debug_abbrev  0x00000000       0xe7 ./src/cr_startup_lpc15xx.o
 .debug_abbrev  0x000000e7      0x425 ./src/lab8e1.o
 .debug_abbrev  0x0000050c       0x82 ./src/sysinit.o
 .debug_abbrev  0x0000058e      0x240 C:\Users\Administrator\Documents\MCUXpressoIDE_10.0.2_411\workspace\lpc_board_nxp_lpcxpresso_1549\Debug\liblpc_board_nxp_lpcxpresso_1549.a(board.o)
 .debug_abbrev  0x000007ce      0x208 C:\Users\Administrator\Documents\MCUXpressoIDE_10.0.2_411\workspace\lpc_board_nxp_lpcxpresso_1549\Debug\liblpc_board_nxp_lpcxpresso_1549.a(board_sysinit.o)
 .debug_abbrev  0x000009d6      0x1b3 C:\Users\Administrator\Documents\MCUXpressoIDE_10.0.2_411\workspace\lpc_chip_15xx\Debug\liblpc_chip_15xx.a(chip_15xx.o)
 .debug_abbrev  0x00000b89      0x285 C:\Users\Administrator\Documents\MCUXpressoIDE_10.0.2_411\workspace\lpc_chip_15xx\Debug\liblpc_chip_15xx.a(clock_15xx.o)
 .debug_abbrev  0x00000e0e      0x16a C:\Users\Administrator\Documents\MCUXpressoIDE_10.0.2_411\workspace\lpc_chip_15xx\Debug\liblpc_chip_15xx.a(gpio_15xx.o)
 .debug_abbrev  0x00000f78      0x137 C:\Users\Administrator\Documents\MCUXpressoIDE_10.0.2_411\workspace\lpc_chip_15xx\Debug\liblpc_chip_15xx.a(iocon_15xx.o)
 .debug_abbrev  0x000010af      0x200 C:\Users\Administrator\Documents\MCUXpressoIDE_10.0.2_411\workspace\lpc_chip_15xx\Debug\liblpc_chip_15xx.a(sct_15xx.o)
 .debug_abbrev  0x000012af      0x13e C:\Users\Administrator\Documents\MCUXpressoIDE_10.0.2_411\workspace\lpc_chip_15xx\Debug\liblpc_chip_15xx.a(swm_15xx.o)
 .debug_abbrev  0x000013ed      0x12b C:\Users\Administrator\Documents\MCUXpressoIDE_10.0.2_411\workspace\lpc_chip_15xx\Debug\liblpc_chip_15xx.a(sysctl_15xx.o)
 .debug_abbrev  0x00001518      0x18c C:\Users\Administrator\Documents\MCUXpressoIDE_10.0.2_411\workspace\lpc_chip_15xx\Debug\liblpc_chip_15xx.a(sysinit_15xx.o)
 .debug_abbrev  0x000016a4      0x1e6 C:\Users\Administrator\Documents\MCUXpressoIDE_10.0.2_411\workspace\lpc_chip_15xx\Debug\liblpc_chip_15xx.a(uart_15xx.o)
 .debug_abbrev  0x0000188a      0x1f7 C:\Users\Administrator\Documents\MCUXpressoIDE_10.0.2_411\workspace\freertos\Debug\libfreertos.a(queue.o)
 .debug_abbrev  0x00001a81      0x384 C:\Users\Administrator\Documents\MCUXpressoIDE_10.0.2_411\workspace\freertos\Debug\libfreertos.a(tasks.o)
 .debug_abbrev  0x00001e05      0x129 C:\Users\Administrator\Documents\MCUXpressoIDE_10.0.2_411\workspace\freertos\Debug\libfreertos.a(FreeRTOSCommonHooks.o)
 .debug_abbrev  0x00001f2e       0xd4 C:\Users\Administrator\Documents\MCUXpressoIDE_10.0.2_411\workspace\freertos\Debug\libfreertos.a(heap_3.o)
 .debug_abbrev  0x00002002       0xec C:\Users\Administrator\Documents\MCUXpressoIDE_10.0.2_411\workspace\freertos\Debug\libfreertos.a(list.o)
 .debug_abbrev  0x000020ee      0x1ad C:\Users\Administrator\Documents\MCUXpressoIDE_10.0.2_411\workspace\freertos\Debug\libfreertos.a(port.o)
 .debug_abbrev  0x0000229b       0xcf c:/nxp/mcuxpressoide_10.0.2_411/ide/tools/bin/../lib/gcc/arm-none-eabi/5.4.1/../../../../arm-none-eabi/lib/armv7-m\libcr_newlib_nohost.a(_cr_sbrk.o)
 .debug_abbrev  0x0000236a       0x62 c:/nxp/mcuxpressoide_10.0.2_411/ide/tools/bin/../lib/gcc/arm-none-eabi/5.4.1/../../../../arm-none-eabi/lib/armv7-m\libcr_newlib_nohost.a(_cr_check_heap.o)

.debug_aranges  0x00000000      0xa60
 .debug_aranges
                0x00000000       0x80 ./src/cr_startup_lpc15xx.o
 .debug_aranges
                0x00000080       0xa0 ./src/lab8e1.o
 .debug_aranges
                0x00000120       0x20 ./src/sysinit.o
 .debug_aranges
                0x00000140       0xd0 C:\Users\Administrator\Documents\MCUXpressoIDE_10.0.2_411\workspace\lpc_board_nxp_lpcxpresso_1549\Debug\liblpc_board_nxp_lpcxpresso_1549.a(board.o)
 .debug_aranges
                0x00000210       0x60 C:\Users\Administrator\Documents\MCUXpressoIDE_10.0.2_411\workspace\lpc_board_nxp_lpcxpresso_1549\Debug\liblpc_board_nxp_lpcxpresso_1549.a(board_sysinit.o)
 .debug_aranges
                0x00000270       0x50 C:\Users\Administrator\Documents\MCUXpressoIDE_10.0.2_411\workspace\lpc_chip_15xx\Debug\liblpc_chip_15xx.a(chip_15xx.o)
 .debug_aranges
                0x000002c0      0x128 C:\Users\Administrator\Documents\MCUXpressoIDE_10.0.2_411\workspace\lpc_chip_15xx\Debug\liblpc_chip_15xx.a(clock_15xx.o)
 .debug_aranges
                0x000003e8       0x70 C:\Users\Administrator\Documents\MCUXpressoIDE_10.0.2_411\workspace\lpc_chip_15xx\Debug\liblpc_chip_15xx.a(gpio_15xx.o)
 .debug_aranges
                0x00000458       0x28 C:\Users\Administrator\Documents\MCUXpressoIDE_10.0.2_411\workspace\lpc_chip_15xx\Debug\liblpc_chip_15xx.a(iocon_15xx.o)
 .debug_aranges
                0x00000480       0x50 C:\Users\Administrator\Documents\MCUXpressoIDE_10.0.2_411\workspace\lpc_chip_15xx\Debug\liblpc_chip_15xx.a(sct_15xx.o)
 .debug_aranges
                0x000004d0       0x40 C:\Users\Administrator\Documents\MCUXpressoIDE_10.0.2_411\workspace\lpc_chip_15xx\Debug\liblpc_chip_15xx.a(swm_15xx.o)
 .debug_aranges
                0x00000510       0x50 C:\Users\Administrator\Documents\MCUXpressoIDE_10.0.2_411\workspace\lpc_chip_15xx\Debug\liblpc_chip_15xx.a(sysctl_15xx.o)
 .debug_aranges
                0x00000560       0x58 C:\Users\Administrator\Documents\MCUXpressoIDE_10.0.2_411\workspace\lpc_chip_15xx\Debug\liblpc_chip_15xx.a(sysinit_15xx.o)
 .debug_aranges
                0x000005b8       0xc8 C:\Users\Administrator\Documents\MCUXpressoIDE_10.0.2_411\workspace\lpc_chip_15xx\Debug\liblpc_chip_15xx.a(uart_15xx.o)
 .debug_aranges
                0x00000680       0xf0 C:\Users\Administrator\Documents\MCUXpressoIDE_10.0.2_411\workspace\freertos\Debug\libfreertos.a(queue.o)
 .debug_aranges
                0x00000770      0x180 C:\Users\Administrator\Documents\MCUXpressoIDE_10.0.2_411\workspace\freertos\Debug\libfreertos.a(tasks.o)
 .debug_aranges
                0x000008f0       0x40 C:\Users\Administrator\Documents\MCUXpressoIDE_10.0.2_411\workspace\freertos\Debug\libfreertos.a(FreeRTOSCommonHooks.o)
 .debug_aranges
                0x00000930       0x28 C:\Users\Administrator\Documents\MCUXpressoIDE_10.0.2_411\workspace\freertos\Debug\libfreertos.a(heap_3.o)
 .debug_aranges
                0x00000958       0x40 C:\Users\Administrator\Documents\MCUXpressoIDE_10.0.2_411\workspace\freertos\Debug\libfreertos.a(list.o)
 .debug_aranges
                0x00000998       0x88 C:\Users\Administrator\Documents\MCUXpressoIDE_10.0.2_411\workspace\freertos\Debug\libfreertos.a(port.o)
 .debug_aranges
                0x00000a20       0x20 c:/nxp/mcuxpressoide_10.0.2_411/ide/tools/bin/../lib/gcc/arm-none-eabi/5.4.1/../../../../arm-none-eabi/lib/armv7-m\libcr_newlib_nohost.a(_cr_sbrk.o)
 .debug_aranges
                0x00000a40       0x20 c:/nxp/mcuxpressoide_10.0.2_411/ide/tools/bin/../lib/gcc/arm-none-eabi/5.4.1/../../../../arm-none-eabi/lib/armv7-m\libcr_newlib_nohost.a(_cr_check_heap.o)

.debug_ranges   0x00000000      0x918
 .debug_ranges  0x00000000       0x70 ./src/cr_startup_lpc15xx.o
 .debug_ranges  0x00000070       0x90 ./src/lab8e1.o
 .debug_ranges  0x00000100       0x10 ./src/sysinit.o
 .debug_ranges  0x00000110       0xd8 C:\Users\Administrator\Documents\MCUXpressoIDE_10.0.2_411\workspace\lpc_board_nxp_lpcxpresso_1549\Debug\liblpc_board_nxp_lpcxpresso_1549.a(board.o)
 .debug_ranges  0x000001e8       0x50 C:\Users\Administrator\Documents\MCUXpressoIDE_10.0.2_411\workspace\lpc_board_nxp_lpcxpresso_1549\Debug\liblpc_board_nxp_lpcxpresso_1549.a(board_sysinit.o)
 .debug_ranges  0x00000238       0x40 C:\Users\Administrator\Documents\MCUXpressoIDE_10.0.2_411\workspace\lpc_chip_15xx\Debug\liblpc_chip_15xx.a(chip_15xx.o)
 .debug_ranges  0x00000278      0x118 C:\Users\Administrator\Documents\MCUXpressoIDE_10.0.2_411\workspace\lpc_chip_15xx\Debug\liblpc_chip_15xx.a(clock_15xx.o)
 .debug_ranges  0x00000390       0x60 C:\Users\Administrator\Documents\MCUXpressoIDE_10.0.2_411\workspace\lpc_chip_15xx\Debug\liblpc_chip_15xx.a(gpio_15xx.o)
 .debug_ranges  0x000003f0       0x18 C:\Users\Administrator\Documents\MCUXpressoIDE_10.0.2_411\workspace\lpc_chip_15xx\Debug\liblpc_chip_15xx.a(iocon_15xx.o)
 .debug_ranges  0x00000408       0x40 C:\Users\Administrator\Documents\MCUXpressoIDE_10.0.2_411\workspace\lpc_chip_15xx\Debug\liblpc_chip_15xx.a(sct_15xx.o)
 .debug_ranges  0x00000448       0x30 C:\Users\Administrator\Documents\MCUXpressoIDE_10.0.2_411\workspace\lpc_chip_15xx\Debug\liblpc_chip_15xx.a(swm_15xx.o)
 .debug_ranges  0x00000478       0x40 C:\Users\Administrator\Documents\MCUXpressoIDE_10.0.2_411\workspace\lpc_chip_15xx\Debug\liblpc_chip_15xx.a(sysctl_15xx.o)
 .debug_ranges  0x000004b8       0x48 C:\Users\Administrator\Documents\MCUXpressoIDE_10.0.2_411\workspace\lpc_chip_15xx\Debug\liblpc_chip_15xx.a(sysinit_15xx.o)
 .debug_ranges  0x00000500       0xb8 C:\Users\Administrator\Documents\MCUXpressoIDE_10.0.2_411\workspace\lpc_chip_15xx\Debug\liblpc_chip_15xx.a(uart_15xx.o)
 .debug_ranges  0x000005b8       0xe0 C:\Users\Administrator\Documents\MCUXpressoIDE_10.0.2_411\workspace\freertos\Debug\libfreertos.a(queue.o)
 .debug_ranges  0x00000698      0x170 C:\Users\Administrator\Documents\MCUXpressoIDE_10.0.2_411\workspace\freertos\Debug\libfreertos.a(tasks.o)
 .debug_ranges  0x00000808       0x30 C:\Users\Administrator\Documents\MCUXpressoIDE_10.0.2_411\workspace\freertos\Debug\libfreertos.a(FreeRTOSCommonHooks.o)
 .debug_ranges  0x00000838       0x18 C:\Users\Administrator\Documents\MCUXpressoIDE_10.0.2_411\workspace\freertos\Debug\libfreertos.a(heap_3.o)
 .debug_ranges  0x00000850       0x30 C:\Users\Administrator\Documents\MCUXpressoIDE_10.0.2_411\workspace\freertos\Debug\libfreertos.a(list.o)
 .debug_ranges  0x00000880       0x78 C:\Users\Administrator\Documents\MCUXpressoIDE_10.0.2_411\workspace\freertos\Debug\libfreertos.a(port.o)
 .debug_ranges  0x000008f8       0x10 c:/nxp/mcuxpressoide_10.0.2_411/ide/tools/bin/../lib/gcc/arm-none-eabi/5.4.1/../../../../arm-none-eabi/lib/armv7-m\libcr_newlib_nohost.a(_cr_sbrk.o)
 .debug_ranges  0x00000908       0x10 c:/nxp/mcuxpressoide_10.0.2_411/ide/tools/bin/../lib/gcc/arm-none-eabi/5.4.1/../../../../arm-none-eabi/lib/armv7-m\libcr_newlib_nohost.a(_cr_check_heap.o)

.debug_macro    0x00000000     0x724e
 .debug_macro   0x00000000       0x23 ./src/cr_startup_lpc15xx.o
 .debug_macro   0x00000023      0x474 ./src/lab8e1.o
 .debug_macro   0x00000497       0x34 ./src/lab8e1.o
 .debug_macro   0x000004cb       0x52 ./src/lab8e1.o
 .debug_macro   0x0000051d       0x16 ./src/lab8e1.o
 .debug_macro   0x00000533       0x97 ./src/lab8e1.o
 .debug_macro   0x000005ca      0x104 ./src/lab8e1.o
 .debug_macro   0x000006ce       0x10 ./src/lab8e1.o
 .debug_macro   0x000006de       0x10 ./src/lab8e1.o
 .debug_macro   0x000006ee       0xb6 ./src/lab8e1.o
 .debug_macro   0x000007a4       0x16 ./src/lab8e1.o
 .debug_macro   0x000007ba      0x145 ./src/lab8e1.o
 .debug_macro   0x000008ff       0x20 ./src/lab8e1.o
 .debug_macro   0x0000091f       0x82 ./src/lab8e1.o
 .debug_macro   0x000009a1       0x40 ./src/lab8e1.o
 .debug_macro   0x000009e1      0x114 ./src/lab8e1.o
 .debug_macro   0x00000af5       0xaf ./src/lab8e1.o
 .debug_macro   0x00000ba4       0x12 ./src/lab8e1.o
 .debug_macro   0x00000bb6       0x1f ./src/lab8e1.o
 .debug_macro   0x00000bd5      0x34c ./src/lab8e1.o
 .debug_macro   0x00000f21       0x79 ./src/lab8e1.o
 .debug_macro   0x00000f9a       0x69 ./src/lab8e1.o
 .debug_macro   0x00001003      0x136 ./src/lab8e1.o
 .debug_macro   0x00001139      0x353 ./src/lab8e1.o
 .debug_macro   0x0000148c      0x100 ./src/lab8e1.o
 .debug_macro   0x0000158c       0x16 ./src/lab8e1.o
 .debug_macro   0x000015a2       0x35 ./src/lab8e1.o
 .debug_macro   0x000015d7       0x8e ./src/lab8e1.o
 .debug_macro   0x00001665       0x40 ./src/lab8e1.o
 .debug_macro   0x000016a5       0xb0 ./src/lab8e1.o
 .debug_macro   0x00001755      0x36c ./src/sysinit.o
 .debug_macro   0x00001ac1       0x9c ./src/sysinit.o
 .debug_macro   0x00001b5d       0x97 ./src/sysinit.o
 .debug_macro   0x00001bf4      0x30d ./src/sysinit.o
 .debug_macro   0x00001f01       0xfd ./src/sysinit.o
 .debug_macro   0x00001ffe       0x43 ./src/sysinit.o
 .debug_macro   0x00002041      0x3db C:\Users\Administrator\Documents\MCUXpressoIDE_10.0.2_411\workspace\lpc_board_nxp_lpcxpresso_1549\Debug\liblpc_board_nxp_lpcxpresso_1549.a(board.o)
 .debug_macro   0x0000241c      0x88c C:\Users\Administrator\Documents\MCUXpressoIDE_10.0.2_411\workspace\lpc_board_nxp_lpcxpresso_1549\Debug\liblpc_board_nxp_lpcxpresso_1549.a(board.o)
 .debug_macro   0x00002ca8       0x87 C:\Users\Administrator\Documents\MCUXpressoIDE_10.0.2_411\workspace\lpc_board_nxp_lpcxpresso_1549\Debug\liblpc_board_nxp_lpcxpresso_1549.a(board.o)
 .debug_macro   0x00002d2f       0x1c C:\Users\Administrator\Documents\MCUXpressoIDE_10.0.2_411\workspace\lpc_board_nxp_lpcxpresso_1549\Debug\liblpc_board_nxp_lpcxpresso_1549.a(board.o)
 .debug_macro   0x00002d4b       0x52 C:\Users\Administrator\Documents\MCUXpressoIDE_10.0.2_411\workspace\lpc_board_nxp_lpcxpresso_1549\Debug\liblpc_board_nxp_lpcxpresso_1549.a(board.o)
 .debug_macro   0x00002d9d       0x40 C:\Users\Administrator\Documents\MCUXpressoIDE_10.0.2_411\workspace\lpc_board_nxp_lpcxpresso_1549\Debug\liblpc_board_nxp_lpcxpresso_1549.a(board.o)
 .debug_macro   0x00002ddd       0x10 C:\Users\Administrator\Documents\MCUXpressoIDE_10.0.2_411\workspace\lpc_board_nxp_lpcxpresso_1549\Debug\liblpc_board_nxp_lpcxpresso_1549.a(board.o)
 .debug_macro   0x00002ded       0x40 C:\Users\Administrator\Documents\MCUXpressoIDE_10.0.2_411\workspace\lpc_board_nxp_lpcxpresso_1549\Debug\liblpc_board_nxp_lpcxpresso_1549.a(board.o)
 .debug_macro   0x00002e2d       0xd7 C:\Users\Administrator\Documents\MCUXpressoIDE_10.0.2_411\workspace\lpc_board_nxp_lpcxpresso_1549\Debug\liblpc_board_nxp_lpcxpresso_1549.a(board.o)
 .debug_macro   0x00002f04      0x18b C:\Users\Administrator\Documents\MCUXpressoIDE_10.0.2_411\workspace\lpc_board_nxp_lpcxpresso_1549\Debug\liblpc_board_nxp_lpcxpresso_1549.a(board.o)
 .debug_macro   0x0000308f       0x12 C:\Users\Administrator\Documents\MCUXpressoIDE_10.0.2_411\workspace\lpc_board_nxp_lpcxpresso_1549\Debug\liblpc_board_nxp_lpcxpresso_1549.a(board.o)
 .debug_macro   0x000030a1      0x3f2 C:\Users\Administrator\Documents\MCUXpressoIDE_10.0.2_411\workspace\lpc_board_nxp_lpcxpresso_1549\Debug\liblpc_board_nxp_lpcxpresso_1549.a(board_sysinit.o)
 .debug_macro   0x00003493       0x35 C:\Users\Administrator\Documents\MCUXpressoIDE_10.0.2_411\workspace\lpc_board_nxp_lpcxpresso_1549\Debug\liblpc_board_nxp_lpcxpresso_1549.a(board_sysinit.o)
 .debug_macro   0x000034c8      0x260 C:\Users\Administrator\Documents\MCUXpressoIDE_10.0.2_411\workspace\lpc_chip_15xx\Debug\liblpc_chip_15xx.a(chip_15xx.o)
 .debug_macro   0x00003728      0x260 C:\Users\Administrator\Documents\MCUXpressoIDE_10.0.2_411\workspace\lpc_chip_15xx\Debug\liblpc_chip_15xx.a(clock_15xx.o)
 .debug_macro   0x00003988      0x260 C:\Users\Administrator\Documents\MCUXpressoIDE_10.0.2_411\workspace\lpc_chip_15xx\Debug\liblpc_chip_15xx.a(gpio_15xx.o)
 .debug_macro   0x00003be8      0x260 C:\Users\Administrator\Documents\MCUXpressoIDE_10.0.2_411\workspace\lpc_chip_15xx\Debug\liblpc_chip_15xx.a(iocon_15xx.o)
 .debug_macro   0x00003e48      0x260 C:\Users\Administrator\Documents\MCUXpressoIDE_10.0.2_411\workspace\lpc_chip_15xx\Debug\liblpc_chip_15xx.a(sct_15xx.o)
 .debug_macro   0x000040a8      0x26c C:\Users\Administrator\Documents\MCUXpressoIDE_10.0.2_411\workspace\lpc_chip_15xx\Debug\liblpc_chip_15xx.a(swm_15xx.o)
 .debug_macro   0x00004314      0x278 C:\Users\Administrator\Documents\MCUXpressoIDE_10.0.2_411\workspace\lpc_chip_15xx\Debug\liblpc_chip_15xx.a(sysctl_15xx.o)
 .debug_macro   0x0000458c      0x260 C:\Users\Administrator\Documents\MCUXpressoIDE_10.0.2_411\workspace\lpc_chip_15xx\Debug\liblpc_chip_15xx.a(sysinit_15xx.o)
 .debug_macro   0x000047ec      0x260 C:\Users\Administrator\Documents\MCUXpressoIDE_10.0.2_411\workspace\lpc_chip_15xx\Debug\liblpc_chip_15xx.a(uart_15xx.o)
 .debug_macro   0x00004a4c      0x4c6 C:\Users\Administrator\Documents\MCUXpressoIDE_10.0.2_411\workspace\freertos\Debug\libfreertos.a(queue.o)
 .debug_macro   0x00004f12      0x89e C:\Users\Administrator\Documents\MCUXpressoIDE_10.0.2_411\workspace\freertos\Debug\libfreertos.a(queue.o)
 .debug_macro   0x000057b0      0x10e C:\Users\Administrator\Documents\MCUXpressoIDE_10.0.2_411\workspace\freertos\Debug\libfreertos.a(queue.o)
 .debug_macro   0x000058be       0x8d C:\Users\Administrator\Documents\MCUXpressoIDE_10.0.2_411\workspace\freertos\Debug\libfreertos.a(queue.o)
 .debug_macro   0x0000594b       0x16 C:\Users\Administrator\Documents\MCUXpressoIDE_10.0.2_411\workspace\freertos\Debug\libfreertos.a(queue.o)
 .debug_macro   0x00005961       0x29 C:\Users\Administrator\Documents\MCUXpressoIDE_10.0.2_411\workspace\freertos\Debug\libfreertos.a(queue.o)
 .debug_macro   0x0000598a       0x11 C:\Users\Administrator\Documents\MCUXpressoIDE_10.0.2_411\workspace\freertos\Debug\libfreertos.a(queue.o)
 .debug_macro   0x0000599b       0x1c C:\Users\Administrator\Documents\MCUXpressoIDE_10.0.2_411\workspace\freertos\Debug\libfreertos.a(queue.o)
 .debug_macro   0x000059b7      0x10e C:\Users\Administrator\Documents\MCUXpressoIDE_10.0.2_411\workspace\freertos\Debug\libfreertos.a(queue.o)
 .debug_macro   0x00005ac5      0x513 C:\Users\Administrator\Documents\MCUXpressoIDE_10.0.2_411\workspace\freertos\Debug\libfreertos.a(tasks.o)
 .debug_macro   0x00005fd8       0x91 C:\Users\Administrator\Documents\MCUXpressoIDE_10.0.2_411\workspace\freertos\Debug\libfreertos.a(tasks.o)
 .debug_macro   0x00006069       0x17 C:\Users\Administrator\Documents\MCUXpressoIDE_10.0.2_411\workspace\freertos\Debug\libfreertos.a(tasks.o)
 .debug_macro   0x00006080       0x16 C:\Users\Administrator\Documents\MCUXpressoIDE_10.0.2_411\workspace\freertos\Debug\libfreertos.a(tasks.o)
 .debug_macro   0x00006096      0x441 C:\Users\Administrator\Documents\MCUXpressoIDE_10.0.2_411\workspace\freertos\Debug\libfreertos.a(FreeRTOSCommonHooks.o)
 .debug_macro   0x000064d7      0x465 C:\Users\Administrator\Documents\MCUXpressoIDE_10.0.2_411\workspace\freertos\Debug\libfreertos.a(heap_3.o)
 .debug_macro   0x0000693c      0x44a C:\Users\Administrator\Documents\MCUXpressoIDE_10.0.2_411\workspace\freertos\Debug\libfreertos.a(list.o)
 .debug_macro   0x00006d86      0x4c8 C:\Users\Administrator\Documents\MCUXpressoIDE_10.0.2_411\workspace\freertos\Debug\libfreertos.a(port.o)

.debug_line     0x00000000     0x9237
 .debug_line    0x00000000       0xd5 ./src/cr_startup_lpc15xx.o
 .debug_line    0x000000d5      0x9f1 ./src/lab8e1.o
 .debug_line    0x00000ac6      0x62c ./src/sysinit.o
 .debug_line    0x000010f2      0x8c8 C:\Users\Administrator\Documents\MCUXpressoIDE_10.0.2_411\workspace\lpc_board_nxp_lpcxpresso_1549\Debug\liblpc_board_nxp_lpcxpresso_1549.a(board.o)
 .debug_line    0x000019ba      0x78f C:\Users\Administrator\Documents\MCUXpressoIDE_10.0.2_411\workspace\lpc_board_nxp_lpcxpresso_1549\Debug\liblpc_board_nxp_lpcxpresso_1549.a(board_sysinit.o)
 .debug_line    0x00002149      0x58a C:\Users\Administrator\Documents\MCUXpressoIDE_10.0.2_411\workspace\lpc_chip_15xx\Debug\liblpc_chip_15xx.a(chip_15xx.o)
 .debug_line    0x000026d3      0x7de C:\Users\Administrator\Documents\MCUXpressoIDE_10.0.2_411\workspace\lpc_chip_15xx\Debug\liblpc_chip_15xx.a(clock_15xx.o)
 .debug_line    0x00002eb1      0x5e2 C:\Users\Administrator\Documents\MCUXpressoIDE_10.0.2_411\workspace\lpc_chip_15xx\Debug\liblpc_chip_15xx.a(gpio_15xx.o)
 .debug_line    0x00003493      0x52a C:\Users\Administrator\Documents\MCUXpressoIDE_10.0.2_411\workspace\lpc_chip_15xx\Debug\liblpc_chip_15xx.a(iocon_15xx.o)
 .debug_line    0x000039bd      0x583 C:\Users\Administrator\Documents\MCUXpressoIDE_10.0.2_411\workspace\lpc_chip_15xx\Debug\liblpc_chip_15xx.a(sct_15xx.o)
 .debug_line    0x00003f40      0x555 C:\Users\Administrator\Documents\MCUXpressoIDE_10.0.2_411\workspace\lpc_chip_15xx\Debug\liblpc_chip_15xx.a(swm_15xx.o)
 .debug_line    0x00004495      0x58c C:\Users\Administrator\Documents\MCUXpressoIDE_10.0.2_411\workspace\lpc_chip_15xx\Debug\liblpc_chip_15xx.a(sysctl_15xx.o)
 .debug_line    0x00004a21      0x5bf C:\Users\Administrator\Documents\MCUXpressoIDE_10.0.2_411\workspace\lpc_chip_15xx\Debug\liblpc_chip_15xx.a(sysinit_15xx.o)
 .debug_line    0x00004fe0      0x704 C:\Users\Administrator\Documents\MCUXpressoIDE_10.0.2_411\workspace\lpc_chip_15xx\Debug\liblpc_chip_15xx.a(uart_15xx.o)
 .debug_line    0x000056e4      0xb14 C:\Users\Administrator\Documents\MCUXpressoIDE_10.0.2_411\workspace\freertos\Debug\libfreertos.a(queue.o)
 .debug_line    0x000061f8      0xf63 C:\Users\Administrator\Documents\MCUXpressoIDE_10.0.2_411\workspace\freertos\Debug\libfreertos.a(tasks.o)
 .debug_line    0x0000715b      0x7ce C:\Users\Administrator\Documents\MCUXpressoIDE_10.0.2_411\workspace\freertos\Debug\libfreertos.a(FreeRTOSCommonHooks.o)
 .debug_line    0x00007929      0x78b C:\Users\Administrator\Documents\MCUXpressoIDE_10.0.2_411\workspace\freertos\Debug\libfreertos.a(heap_3.o)
 .debug_line    0x000080b4      0x7d7 C:\Users\Administrator\Documents\MCUXpressoIDE_10.0.2_411\workspace\freertos\Debug\libfreertos.a(list.o)
 .debug_line    0x0000888b      0x864 C:\Users\Administrator\Documents\MCUXpressoIDE_10.0.2_411\workspace\freertos\Debug\libfreertos.a(port.o)
 .debug_line    0x000090ef       0xfb c:/nxp/mcuxpressoide_10.0.2_411/ide/tools/bin/../lib/gcc/arm-none-eabi/5.4.1/../../../../arm-none-eabi/lib/armv7-m\libcr_newlib_nohost.a(_cr_sbrk.o)
 .debug_line    0x000091ea       0x4d c:/nxp/mcuxpressoide_10.0.2_411/ide/tools/bin/../lib/gcc/arm-none-eabi/5.4.1/../../../../arm-none-eabi/lib/armv7-m\libcr_newlib_nohost.a(_cr_check_heap.o)

.debug_str      0x00000000    0x1e892
 .debug_str     0x00000000     0x29ad ./src/cr_startup_lpc15xx.o
                               0x29eb (size before relaxing)
 .debug_str     0x000029ad    0x16af4 ./src/lab8e1.o
                              0x19697 (size before relaxing)
 .debug_str     0x000194a1      0x281 ./src/sysinit.o
                              0x11b79 (size before relaxing)
 .debug_str     0x00019722      0xe8e C:\Users\Administrator\Documents\MCUXpressoIDE_10.0.2_411\workspace\lpc_board_nxp_lpcxpresso_1549\Debug\liblpc_board_nxp_lpcxpresso_1549.a(board.o)
                              0x12fd9 (size before relaxing)
 .debug_str     0x0001a5b0      0x38b C:\Users\Administrator\Documents\MCUXpressoIDE_10.0.2_411\workspace\lpc_board_nxp_lpcxpresso_1549\Debug\liblpc_board_nxp_lpcxpresso_1549.a(board_sysinit.o)
                              0x135f3 (size before relaxing)
 .debug_str     0x0001a93b       0xd4 C:\Users\Administrator\Documents\MCUXpressoIDE_10.0.2_411\workspace\lpc_chip_15xx\Debug\liblpc_chip_15xx.a(chip_15xx.o)
                               0xf43f (size before relaxing)
 .debug_str     0x0001aa0f      0x64e C:\Users\Administrator\Documents\MCUXpressoIDE_10.0.2_411\workspace\lpc_chip_15xx\Debug\liblpc_chip_15xx.a(clock_15xx.o)
                               0xf84a (size before relaxing)
 .debug_str     0x0001b05d       0xd7 C:\Users\Administrator\Documents\MCUXpressoIDE_10.0.2_411\workspace\lpc_chip_15xx\Debug\liblpc_chip_15xx.a(gpio_15xx.o)
                               0xeeec (size before relaxing)
 .debug_str     0x0001b134       0x41 C:\Users\Administrator\Documents\MCUXpressoIDE_10.0.2_411\workspace\lpc_chip_15xx\Debug\liblpc_chip_15xx.a(iocon_15xx.o)
                               0xea09 (size before relaxing)
 .debug_str     0x0001b175       0x9c C:\Users\Administrator\Documents\MCUXpressoIDE_10.0.2_411\workspace\lpc_chip_15xx\Debug\liblpc_chip_15xx.a(sct_15xx.o)
                               0xf022 (size before relaxing)
 .debug_str     0x0001b211      0x55d C:\Users\Administrator\Documents\MCUXpressoIDE_10.0.2_411\workspace\lpc_chip_15xx\Debug\liblpc_chip_15xx.a(swm_15xx.o)
                               0xf411 (size before relaxing)
 .debug_str     0x0001b76e      0x183 C:\Users\Administrator\Documents\MCUXpressoIDE_10.0.2_411\workspace\lpc_chip_15xx\Debug\liblpc_chip_15xx.a(sysctl_15xx.o)
                               0xeef7 (size before relaxing)
 .debug_str     0x0001b8f1      0x13f C:\Users\Administrator\Documents\MCUXpressoIDE_10.0.2_411\workspace\lpc_chip_15xx\Debug\liblpc_chip_15xx.a(sysinit_15xx.o)
                               0xeee5 (size before relaxing)
 .debug_str     0x0001ba30      0x20f C:\Users\Administrator\Documents\MCUXpressoIDE_10.0.2_411\workspace\lpc_chip_15xx\Debug\liblpc_chip_15xx.a(uart_15xx.o)