Archive member included to satisfy reference by file (symbol)

C:\Users\Administrator\Documents\MCUXpressoIDE_10.0.2_411\workspace\lpc_board_nxp_lpcxpresso_1549\Debug\liblpc_board_nxp_lpcxpresso_1549.a(board.o)
                              ./src/lab3e1.o (Board_UARTPutChar)
C:\Users\Administrator\Documents\MCUXpressoIDE_10.0.2_411\workspace\lpc_board_nxp_lpcxpresso_1549\Debug\liblpc_board_nxp_lpcxpresso_1549.a(board_sysinit.o)
                              ./src/sysinit.o (Board_SystemInit)
C:\Users\Administrator\Documents\MCUXpressoIDE_10.0.2_411\workspace\lpc_chip_15xx\Debug\liblpc_chip_15xx.a(chip_15xx.o)
                              ./src/lab3e1.o (SystemCoreClockUpdate)
C:\Users\Administrator\Documents\MCUXpressoIDE_10.0.2_411\workspace\lpc_chip_15xx\Debug\liblpc_chip_15xx.a(clock_15xx.o)
                              C:\Users\Administrator\Documents\MCUXpressoIDE_10.0.2_411\workspace\lpc_board_nxp_lpcxpresso_1549\Debug\liblpc_board_nxp_lpcxpresso_1549.a(board.o) (Chip_Clock_GetMainClockRate)
C:\Users\Administrator\Documents\MCUXpressoIDE_10.0.2_411\workspace\lpc_chip_15xx\Debug\liblpc_chip_15xx.a(gpio_15xx.o)
                              C:\Users\Administrator\Documents\MCUXpressoIDE_10.0.2_411\workspace\lpc_board_nxp_lpcxpresso_1549\Debug\liblpc_board_nxp_lpcxpresso_1549.a(board.o) (Chip_GPIO_Init)
C:\Users\Administrator\Documents\MCUXpressoIDE_10.0.2_411\workspace\lpc_chip_15xx\Debug\liblpc_chip_15xx.a(iocon_15xx.o)
                              C:\Users\Administrator\Documents\MCUXpressoIDE_10.0.2_411\workspace\lpc_board_nxp_lpcxpresso_1549\Debug\liblpc_board_nxp_lpcxpresso_1549.a(board_sysinit.o) (Chip_IOCON_SetPinMuxing)
C:\Users\Administrator\Documents\MCUXpressoIDE_10.0.2_411\workspace\lpc_chip_15xx\Debug\liblpc_chip_15xx.a(sct_15xx.o)
                              ./src/lab3e1.o (Chip_SCT_Init)
C:\Users\Administrator\Documents\MCUXpressoIDE_10.0.2_411\workspace\lpc_chip_15xx\Debug\liblpc_chip_15xx.a(swm_15xx.o)
                              C:\Users\Administrator\Documents\MCUXpressoIDE_10.0.2_411\workspace\lpc_board_nxp_lpcxpresso_1549\Debug\liblpc_board_nxp_lpcxpresso_1549.a(board.o) (Chip_SWM_MovablePinAssign)
C:\Users\Administrator\Documents\MCUXpressoIDE_10.0.2_411\workspace\lpc_chip_15xx\Debug\liblpc_chip_15xx.a(sysctl_15xx.o)
                              C:\Users\Administrator\Documents\MCUXpressoIDE_10.0.2_411\workspace\lpc_board_nxp_lpcxpresso_1549\Debug\liblpc_board_nxp_lpcxpresso_1549.a(board_sysinit.o) (Chip_SYSCTL_AssertPeriphReset)
C:\Users\Administrator\Documents\MCUXpressoIDE_10.0.2_411\workspace\lpc_chip_15xx\Debug\liblpc_chip_15xx.a(sysinit_15xx.o)
                              C:\Users\Administrator\Documents\MCUXpressoIDE_10.0.2_411\workspace\lpc_board_nxp_lpcxpresso_1549\Debug\liblpc_board_nxp_lpcxpresso_1549.a(board_sysinit.o) (Chip_SetupXtalClocking)
C:\Users\Administrator\Documents\MCUXpressoIDE_10.0.2_411\workspace\lpc_chip_15xx\Debug\liblpc_chip_15xx.a(uart_15xx.o)
                              C:\Users\Administrator\Documents\MCUXpressoIDE_10.0.2_411\workspace\lpc_board_nxp_lpcxpresso_1549\Debug\liblpc_board_nxp_lpcxpresso_1549.a(board.o) (Chip_UART_Init)
C:\Users\Administrator\Documents\MCUXpressoIDE_10.0.2_411\workspace\lpc_chip_15xx\Debug\liblpc_chip_15xx.a(ring_buffer.o)
                              C:\Users\Administrator\Documents\MCUXpressoIDE_10.0.2_411\workspace\lpc_chip_15xx\Debug\liblpc_chip_15xx.a(uart_15xx.o) (RingBuffer_Insert)
C:\Users\Administrator\Documents\MCUXpressoIDE_10.0.2_411\workspace\freertos\Debug\libfreertos.a(queue.o)
                              ./src/lab3e1.o (xQueueGenericCreate)
C:\Users\Administrator\Documents\MCUXpressoIDE_10.0.2_411\workspace\freertos\Debug\libfreertos.a(tasks.o)
                              ./src/lab3e1.o (xTaskGenericCreate)
C:\Users\Administrator\Documents\MCUXpressoIDE_10.0.2_411\workspace\freertos\Debug\libfreertos.a(FreeRTOSCommonHooks.o)
                              C:\Users\Administrator\Documents\MCUXpressoIDE_10.0.2_411\workspace\freertos\Debug\libfreertos.a(tasks.o) (vApplicationStackOverflowHook)
C:\Users\Administrator\Documents\MCUXpressoIDE_10.0.2_411\workspace\freertos\Debug\libfreertos.a(heap_3.o)
                              C:\Users\Administrator\Documents\MCUXpressoIDE_10.0.2_411\workspace\freertos\Debug\libfreertos.a(queue.o) (pvPortMalloc)
C:\Users\Administrator\Documents\MCUXpressoIDE_10.0.2_411\workspace\freertos\Debug\libfreertos.a(list.o)
                              C:\Users\Administrator\Documents\MCUXpressoIDE_10.0.2_411\workspace\freertos\Debug\libfreertos.a(queue.o) (vListInitialise)
C:\Users\Administrator\Documents\MCUXpressoIDE_10.0.2_411\workspace\freertos\Debug\libfreertos.a(port.o)
                              C:\Users\Administrator\Documents\MCUXpressoIDE_10.0.2_411\workspace\freertos\Debug\libfreertos.a(tasks.o) (pxPortInitialiseStack)
c:/nxp/mcuxpressoide_10.0.2_411/ide/tools/bin/../lib/gcc/arm-none-eabi/5.4.1/armv7-m\libgcc.a(_aeabi_uldivmod.o)
[...]
Memory Configuration

Name             Origin             Length             Attributes
MFlash256        0x00000000         0x00040000         xr
Ram0_16_32       0x02000000         0x00008000         xrw
Ram2_4           0x02008000         0x00001000         xrw
*default*        0x00000000         0xffffffff

Linker script and memory map

LOAD ./src/DigitalIoPin.o
LOAD ./src/cr_cpp_config.o
LOAD ./src/cr_startup_lpc15xx.o
LOAD ./src/crp.o
LOAD ./src/lab3e1.o
LOAD ./src/sysinit.o
LOAD C:\Users\Administrator\Documents\MCUXpressoIDE_10.0.2_411\workspace\lpc_board_nxp_lpcxpresso_1549\Debug\liblpc_board_nxp_lpcxpresso_1549.a
LOAD C:\Users\Administrator\Documents\MCUXpressoIDE_10.0.2_411\workspace\lpc_chip_15xx\Debug\liblpc_chip_15xx.a
LOAD C:\Users\Administrator\Documents\MCUXpressoIDE_10.0.2_411\workspace\freertos\Debug\libfreertos.a
START GROUP
LOAD c:/nxp/mcuxpressoide_10.0.2_411/ide/tools/bin/../lib/gcc/arm-none-eabi/5.4.1/armv7-m\libgcc.a
LOAD c:/nxp/mcuxpressoide_10.0.2_411/ide/tools/bin/../lib/gcc/arm-none-eabi/5.4.1/../../../../arm-none-eabi/lib/armv7-m\libc.a
LOAD c:/nxp/mcuxpressoide_10.0.2_411/ide/tools/bin/../lib/gcc/arm-none-eabi/5.4.1/../../../../arm-none-eabi/lib/armv7-m\libstdc++.a
LOAD c:/nxp/mcuxpressoide_10.0.2_411/ide/tools/bin/../lib/gcc/arm-none-eabi/5.4.1/../../../../arm-none-eabi/lib/armv7-m\libm.a
LOAD c:/nxp/mcuxpressoide_10.0.2_411/ide/tools/bin/../lib/gcc/arm-none-eabi/5.4.1/../../../../arm-none-eabi/lib/armv7-m\libcr_newlib_nohost.a
LOAD c:/nxp/mcuxpressoide_10.0.2_411/ide/tools/bin/../lib/gcc/arm-none-eabi/5.4.1/armv7-m\crti.o
LOAD c:/nxp/mcuxpressoide_10.0.2_411/ide/tools/bin/../lib/gcc/arm-none-eabi/5.4.1/armv7-m\crtn.o
LOAD c:/nxp/mcuxpressoide_10.0.2_411/ide/tools/bin/../lib/gcc/arm-none-eabi/5.4.1/armv7-m\crtbegin.o
LOAD c:/nxp/mcuxpressoide_10.0.2_411/ide/tools/bin/../lib/gcc/arm-none-eabi/5.4.1/armv7-m\crtend.o
END GROUP
                0x00000000                __base_MFlash256 = 0x0
                0x00000000                __base_Flash = 0x0
                0x00040000                __top_MFlash256 = 0x40000
                0x00040000                __top_Flash = 0x40000
                0x02000000                __base_Ram0_16_32 = 0x2000000
                0x02000000                __base_RAM = 0x2000000
                0x02008000                __top_Ram0_16_32 = 0x2008000
                0x02008000                __top_RAM = 0x2008000
                0x02008000                __base_Ram2_4 = 0x2008000
                0x02008000                __base_RAM2 = 0x2008000
                0x02009000                __top_Ram2_4 = 0x2009000
                0x02009000                __top_RAM2 = 0x2009000

.text           0x00000000     0x879c
 FILL mask 0xff
                0x00000000                __vectors_start__ = ABSOLUTE (.)
 *(.isr_vector)
 .isr_vector    0x00000000       0xfc ./src/cr_startup_lpc15xx.o
                0x00000000                g_pfnVectors
                0x000000fc                . = ALIGN (0x4)
                0x000000fc                __section_table_start = .
                0x000000fc                __data_section_table = .
                0x000000fc        0x4 LONG 0x87a4 LOADADDR (.data)
                0x00000100        0x4 LONG 0x2000000 ADDR (.data)
                0x00000104        0x4 LONG 0x9b0 SIZEOF (.data)
                0x00000108        0x4 LONG 0x87a4 LOADADDR (.data_RAM2)
                0x0000010c        0x4 LONG 0x2008000 ADDR (.data_RAM2)
                0x00000110        0x4 LONG 0x0 SIZEOF (.data_RAM2)
                0x00000114                __data_section_table_end = .
                0x00000114                __bss_section_table = .
                0x00000114        0x4 LONG 0x20009b0 ADDR (.bss)
                0x00000118        0x4 LONG 0x198 SIZEOF (.bss)
                0x0000011c        0x4 LONG 0x2008000 ADDR (.bss_RAM2)
                0x00000120        0x4 LONG 0x0 SIZEOF (.bss_RAM2)
                0x00000124                __bss_section_table_end = .
                0x00000124                __section_table_end = .
 *(.after_vectors*)
 .after_vectors
                0x00000124      0x158 ./src/cr_startup_lpc15xx.o
                0x00000124                data_init(unsigned int, unsigned int, unsigned int)
                0x00000168                bss_init(unsigned int, unsigned int)
                0x000001a0                ResetISR
                0x0000022c                NMI_Handler
                0x00000234                HardFault_Handler
                0x0000023c                MemManage_Handler
                0x00000244                BusFault_Handler
                0x0000024c                UsageFault_Handler
                0x0000025c                DebugMon_Handler
                0x00000274                UART1_IRQHandler
                0x00000274                RTC_WAKE_IRQHandler
                0x00000274                UART0_IRQHandler
                0x00000274                MRT_IRQHandler
                0x00000274                ADC1_THCMP_IRQHandler
                0x00000274                SPI1_IRQHandler
                0x00000274                PIN_INT6_IRQHandler
                0x00000274                IntDefaultHandler
                0x00000274                PIN_INT4_IRQHandler
                0x00000274                CAN_IRQHandler
                0x00000274                RTC_ALARM_IRQHandler
                0x00000274                ADC1B_IRQHandler
                0x00000274                ADC1_OVR_IRQHandler
                0x00000274                USBWakeup_IRQHandler
                0x00000274                UART2_IRQHandler
                0x00000274                ADC0_OVR_IRQHandler
                0x00000274                SCT1_IRQHandler
                0x00000274                PIN_INT2_IRQHandler
                0x00000274                USB_FIQHandler
                0x00000274                SCT3_IRQHandler
                0x00000274                PIN_INT7_IRQHandler
                0x00000274                I2C0_IRQHandler
                0x00000274                PIN_INT1_IRQHandler
                0x00000274                USB_IRQHandler
                0x00000274                BOD_IRQHandler
                0x00000274                ADC0B_IRQHandler
                0x00000274                ACMP0_IRQHandler
                0x00000274                RIT_IRQHandler
                0x00000274                SCT2_IRQHandler
                0x00000274                WDT_IRQHandler
                0x00000274                PIN_INT0_IRQHandler
                0x00000274                QEI_IRQHandler
                0x00000274                ACMP3_IRQHandler
                0x00000274                GINT0_IRQHandler
                0x00000274                DAC_IRQHandler
                0x00000274                SPI0_IRQHandler
                0x00000274                EEPROM_IRQHandler
                0x00000274                ACMP2_IRQHandler
                0x00000274                PIN_INT5_IRQHandler
                0x00000274                ADC1A_IRQHandler
                0x00000274                DMA_IRQHandler
                0x00000274                PIN_INT3_IRQHandler
                0x00000274                ACMP1_IRQHandler
                0x00000274                SCT0_IRQHandler
                0x00000274                ADC0A_IRQHandler
                0x00000274                FMC_IRQHandler
                0x00000274                GINT1_IRQHandler
                0x00000274                ADC0_THCMP_IRQHandler
 *(.text*)
 .text.Chip_IOCON_PinMuxSet
                0x0000027c       0x2c ./src/DigitalIoPin.o
 .text.Chip_GPIO_GetPinState
                0x000002a8       0x34 ./src/DigitalIoPin.o
 .text.Chip_GPIO_SetPinDIROutput
                0x000002dc       0x3c ./src/DigitalIoPin.o
 .text.Chip_GPIO_SetPinDIRInput
                0x00000318       0x40 ./src/DigitalIoPin.o
 .text._ZN12DigitalIoPinC2EiiNS_7pinModeEb
                0x00000358       0xc0 ./src/DigitalIoPin.o
                0x00000358                DigitalIoPin::DigitalIoPin(int, int, DigitalIoPin::pinMode, bool)
                0x00000358                DigitalIoPin::DigitalIoPin(int, int, DigitalIoPin::pinMode, bool)
 .text._ZN12DigitalIoPinD2Ev
                0x00000418       0x28 ./src/DigitalIoPin.o
                0x00000418                DigitalIoPin::~DigitalIoPin()
                0x00000418                DigitalIoPin::~DigitalIoPin()
 .text._ZN12DigitalIoPinD0Ev
                0x00000440       0x20 ./src/DigitalIoPin.o
                0x00000440                DigitalIoPin::~DigitalIoPin()
 .text._ZN12DigitalIoPin4readEv
                0x00000460       0x28 ./src/DigitalIoPin.o
                0x00000460                DigitalIoPin::read()
 .text._ZdlPv   0x00000488       0x18 ./src/cr_cpp_config.o
                0x00000488                operator delete(void*)
 .text._ZL16prvSetupHardwarev
                0x000004a0       0x18 ./src/lab3e1.o
 .text._Z5task1Pv
                0x000004b8       0x54 ./src/lab3e1.o
                0x000004b8                task1(void*)
 .text._Z5task2Pv
                0x0000050c       0xb0 ./src/lab3e1.o
                0x0000050c                task2(void*)
 .text._Z5task3Pv
                0x000005bc       0x48 ./src/lab3e1.o
                0x000005bc                task3(void*)
 .text.vConfigureTimerForRunTimeStats
                0x00000604       0x20 ./src/lab3e1.o
                0x00000604                vConfigureTimerForRunTimeStats
 .text.main     0x00000624       0x84 ./src/lab3e1.o
                0x00000624                main
 .text._Z41__static_initialization_and_destruction_0ii
                0x000006a8       0x38 ./src/lab3e1.o
 .text._GLOBAL__sub_I_queue
                0x000006e0       0x10 ./src/lab3e1.o
 .text.SystemInit
                0x000006f0        0xc ./src/sysinit.o
                0x000006f0                SystemInit
 .text.Chip_IOCON_PinMuxSet
                0x000006fc       0x2c C:\Users\Administrator\Documents\MCUXpressoIDE_10.0.2_411\workspace\lpc_board_nxp_lpcxpresso_1549\Debug\liblpc_board_nxp_lpcxpresso_1549.a(board.o)
 .text.Chip_SWM_MovablePortPinAssign
                0x00000728       0x30 C:\Users\Administrator\Documents\MCUXpressoIDE_10.0.2_411\workspace\lpc_board_nxp_lpcxpresso_1549\Debug\liblpc_board_nxp_lpcxpresso_1549.a(board.o)
 .text.Chip_GPIO_SetPinState
                0x00000758       0x38 C:\Users\Administrator\Documents\MCUXpressoIDE_10.0.2_411\workspace\lpc_board_nxp_lpcxpresso_1549\Debug\liblpc_board_nxp_lpcxpresso_1549.a(board.o)
 .text.Chip_GPIO_SetPinDIROutput
                0x00000790       0x3c C:\Users\Administrator\Documents\MCUXpressoIDE_10.0.2_411\workspace\lpc_board_nxp_lpcxpresso_1549\Debug\liblpc_board_nxp_lpcxpresso_1549.a(board.o)
 .text.Chip_UART_Enable
                0x000007cc       0x20 C:\Users\Administrator\Documents\MCUXpressoIDE_10.0.2_411\workspace\lpc_board_nxp_lpcxpresso_1549\Debug\liblpc_board_nxp_lpcxpresso_1549.a(board.o)
 .text.Chip_UART_TXEnable
                0x000007ec       0x20 C:\Users\Administrator\Documents\MCUXpressoIDE_10.0.2_411\workspace\lpc_board_nxp_lpcxpresso_1549\Debug\liblpc_board_nxp_lpcxpresso_1549.a(board.o)
 .text.Chip_UART_ConfigData
                0x0000080c       0x28 C:\Users\Administrator\Documents\MCUXpressoIDE_10.0.2_411\workspace\lpc_board_nxp_lpcxpresso_1549\Debug\liblpc_board_nxp_lpcxpresso_1549.a(board.o)
 .text._write   0x00000834       0x38 C:\Users\Administrator\Documents\MCUXpressoIDE_10.0.2_411\workspace\lpc_board_nxp_lpcxpresso_1549\Debug\liblpc_board_nxp_lpcxpresso_1549.a(board.o)
                0x00000834                _write
 .text._read    0x0000086c       0x48 C:\Users\Administrator\Documents\MCUXpressoIDE_10.0.2_411\workspace\lpc_board_nxp_lpcxpresso_1549\Debug\liblpc_board_nxp_lpcxpresso_1549.a(board.o)
                0x0000086c                _read
 .text.Board_UARTPutChar
                0x000008b4       0x24 C:\Users\Administrator\Documents\MCUXpressoIDE_10.0.2_411\workspace\lpc_board_nxp_lpcxpresso_1549\Debug\liblpc_board_nxp_lpcxpresso_1549.a(board.o)
                0x000008b4                Board_UARTPutChar
 .text.Board_UARTGetChar
                0x000008d8       0x2c C:\Users\Administrator\Documents\MCUXpressoIDE_10.0.2_411\workspace\lpc_board_nxp_lpcxpresso_1549\Debug\liblpc_board_nxp_lpcxpresso_1549.a(board.o)
                0x000008d8                Board_UARTGetChar
 .text.Board_Debug_Init
                0x00000904       0x70 C:\Users\Administrator\Documents\MCUXpressoIDE_10.0.2_411\workspace\lpc_board_nxp_lpcxpresso_1549\Debug\liblpc_board_nxp_lpcxpresso_1549.a(board.o)
                0x00000904                Board_Debug_Init
 .text.Board_LED_Init
                0x00000974       0x5c C:\Users\Administrator\Documents\MCUXpressoIDE_10.0.2_411\workspace\lpc_board_nxp_lpcxpresso_1549\Debug\liblpc_board_nxp_lpcxpresso_1549.a(board.o)
 .text.Board_LED_Set
                0x000009d0       0x54 C:\Users\Administrator\Documents\MCUXpressoIDE_10.0.2_411\workspace\lpc_board_nxp_lpcxpresso_1549\Debug\liblpc_board_nxp_lpcxpresso_1549.a(board.o)
                0x000009d0                Board_LED_Set
 .text.Board_Init
                0x00000a24       0x18 C:\Users\Administrator\Documents\MCUXpressoIDE_10.0.2_411\workspace\lpc_board_nxp_lpcxpresso_1549\Debug\liblpc_board_nxp_lpcxpresso_1549.a(board.o)
                0x00000a24                Board_Init
 .text.Chip_SYSCTL_PeriphReset
                0x00000a3c       0x24 C:\Users\Administrator\Documents\MCUXpressoIDE_10.0.2_411\workspace\lpc_board_nxp_lpcxpresso_1549\Debug\liblpc_board_nxp_lpcxpresso_1549.a(board_sysinit.o)
 .text.Chip_Clock_SetUSBPLLSource
                0x00000a60       0x20 C:\Users\Administrator\Documents\MCUXpressoIDE_10.0.2_411\workspace\lpc_board_nxp_lpcxpresso_1549\Debug\liblpc_board_nxp_lpcxpresso_1549.a(board_sysinit.o)
 .text.Chip_Clock_SetupUSBPLL
                0x00000a80       0x34 C:\Users\Administrator\Documents\MCUXpressoIDE_10.0.2_411\workspace\lpc_board_nxp_lpcxpresso_1549\Debug\liblpc_board_nxp_lpcxpresso_1549.a(board_sysinit.o)
 .text.Chip_Clock_IsUSBPLLLocked
                0x00000ab4       0x24 C:\Users\Administrator\Documents\MCUXpressoIDE_10.0.2_411\workspace\lpc_board_nxp_lpcxpresso_1549\Debug\liblpc_board_nxp_lpcxpresso_1549.a(board_sysinit.o)
 .text.Chip_Clock_SetSysTickClockDiv
                0x00000ad8       0x20 C:\Users\Administrator\Documents\MCUXpressoIDE_10.0.2_411\workspace\lpc_board_nxp_lpcxpresso_1549\Debug\liblpc_board_nxp_lpcxpresso_1549.a(board_sysinit.o)
 .text.Chip_SWM_MovablePortPinAssign
                0x00000af8       0x30 C:\Users\Administrator\Documents\MCUXpressoIDE_10.0.2_411\workspace\lpc_board_nxp_lpcxpresso_1549\Debug\liblpc_board_nxp_lpcxpresso_1549.a(board_sysinit.o)
 .text.Board_SetupMuxing
                0x00000b28       0x80 C:\Users\Administrator\Documents\MCUXpressoIDE_10.0.2_411\workspace\lpc_board_nxp_lpcxpresso_1549\Debug\liblpc_board_nxp_lpcxpresso_1549.a(board_sysinit.o)
                0x00000b28                Board_SetupMuxing
 .text.Board_SetupClocking
                0x00000ba8       0x3c C:\Users\Administrator\Documents\MCUXpressoIDE_10.0.2_411\workspace\lpc_board_nxp_lpcxpresso_1549\Debug\liblpc_board_nxp_lpcxpresso_1549.a(board_sysinit.o)
                0x00000ba8                Board_SetupClocking
 .text.Board_SystemInit
                0x00000be4       0x1c C:\Users\Administrator\Documents\MCUXpressoIDE_10.0.2_411\workspace\lpc_board_nxp_lpcxpresso_1549\Debug\liblpc_board_nxp_lpcxpresso_1549.a(board_sysinit.o)
                0x00000be4                Board_SystemInit
 .text.SystemCoreClockUpdate
                0x00000c00       0x18 C:\Users\Administrator\Documents\MCUXpressoIDE_10.0.2_411\workspace\lpc_chip_15xx\Debug\liblpc_chip_15xx.a(chip_15xx.o)
                0x00000c00                SystemCoreClockUpdate
 .text.Chip_Clock_SetMain_A_ClockSource
                0x00000c18       0x20 C:\Users\Administrator\Documents\MCUXpressoIDE_10.0.2_411\workspace\lpc_chip_15xx\Debug\liblpc_chip_15xx.a(clock_15xx.o)
 .text.Chip_Clock_GetMain_A_ClockSource
                0x00000c38       0x18 C:\Users\Administrator\Documents\MCUXpressoIDE_10.0.2_411\workspace\lpc_chip_15xx\Debug\liblpc_chip_15xx.a(clock_15xx.o)
 .text.Chip_Clock_SetMain_B_ClockSource
                0x00000c50       0x20 C:\Users\Administrator\Documents\MCUXpressoIDE_10.0.2_411\workspace\lpc_chip_15xx\Debug\liblpc_chip_15xx.a(clock_15xx.o)
 .text.Chip_Clock_GetMain_B_ClockSource
                0x00000c70       0x18 C:\Users\Administrator\Documents\MCUXpressoIDE_10.0.2_411\workspace\lpc_chip_15xx\Debug\liblpc_chip_15xx.a(clock_15xx.o)
 .text.Chip_Clock_SetUARTFRGDivider
                0x00000c88       0x20 C:\Users\Administrator\Documents\MCUXpressoIDE_10.0.2_411\workspace\lpc_chip_15xx\Debug\liblpc_chip_15xx.a(clock_15xx.o)
 .text.Chip_Clock_GetUARTFRGDivider
                0x00000ca8       0x18 C:\Users\Administrator\Documents\MCUXpressoIDE_10.0.2_411\workspace\lpc_chip_15xx\Debug\liblpc_chip_15xx.a(clock_15xx.o)
 .text.Chip_Clock_GetMainOscRate
                0x00000cc0       0x14 C:\Users\Administrator\Documents\MCUXpressoIDE_10.0.2_411\workspace\lpc_chip_15xx\Debug\liblpc_chip_15xx.a(clock_15xx.o)
 .text.Chip_Clock_GetIntOscRate
                0x00000cd4       0x14 C:\Users\Administrator\Documents\MCUXpressoIDE_10.0.2_411\workspace\lpc_chip_15xx\Debug\liblpc_chip_15xx.a(clock_15xx.o)
 .text.Chip_Clock_GetRTCOscRate
                0x00000ce8       0x14 C:\Users\Administrator\Documents\MCUXpressoIDE_10.0.2_411\workspace\lpc_chip_15xx\Debug\liblpc_chip_15xx.a(clock_15xx.o)
 .text.Chip_Clock_GetWDTOSCRate
                0x00000cfc       0x14 C:\Users\Administrator\Documents\MCUXpressoIDE_10.0.2_411\workspace\lpc_chip_15xx\Debug\liblpc_chip_15xx.a(clock_15xx.o)
 .text.Chip_Clock_GetPLLFreq
                0x00000d10       0x28 C:\Users\Administrator\Documents\MCUXpressoIDE_10.0.2_411\workspace\lpc_chip_15xx\Debug\liblpc_chip_15xx.a(clock_15xx.o)
 .text.Chip_Clock_GetPLLInClockRate
                0x00000d38       0x38 C:\Users\Administrator\Documents\MCUXpressoIDE_10.0.2_411\workspace\lpc_chip_15xx\Debug\liblpc_chip_15xx.a(clock_15xx.o)
 .text.Chip_Clock_GetSystemPLLInClockRate
                0x00000d70       0x1c C:\Users\Administrator\Documents\MCUXpressoIDE_10.0.2_411\workspace\lpc_chip_15xx\Debug\liblpc_chip_15xx.a(clock_15xx.o)
                0x00000d70                Chip_Clock_GetSystemPLLInClockRate
 .text.Chip_Clock_GetSystemPLLOutClockRate
                0x00000d8c       0x24 C:\Users\Administrator\Documents\MCUXpressoIDE_10.0.2_411\workspace\lpc_chip_15xx\Debug\liblpc_chip_15xx.a(clock_15xx.o)
                0x00000d8c                Chip_Clock_GetSystemPLLOutClockRate
 .text.Chip_Clock_GetMain_A_ClockRate
                0x00000db0       0x44 C:\Users\Administrator\Documents\MCUXpressoIDE_10.0.2_411\workspace\lpc_chip_15xx\Debug\liblpc_chip_15xx.a(clock_15xx.o)
                0x00000db0                Chip_Clock_GetMain_A_ClockRate
 .text.Chip_Clock_GetMain_B_ClockRate
                0x00000df4       0x58 C:\Users\Administrator\Documents\MCUXpressoIDE_10.0.2_411\workspace\lpc_chip_15xx\Debug\liblpc_chip_15xx.a(clock_15xx.o)
                0x00000df4                Chip_Clock_GetMain_B_ClockRate
 .text.Chip_Clock_SetMainClockSource
                0x00000e4c       0x3c C:\Users\Administrator\Documents\MCUXpressoIDE_10.0.2_411\workspace\lpc_chip_15xx\Debug\liblpc_chip_15xx.a(clock_15xx.o)
                0x00000e4c                Chip_Clock_SetMainClockSource
 .text.Chip_Clock_GetMainClockRate
                0x00000e88       0x28 C:\Users\Administrator\Documents\MCUXpressoIDE_10.0.2_411\workspace\lpc_chip_15xx\Debug\liblpc_chip_15xx.a(clock_15xx.o)
                0x00000e88                Chip_Clock_GetMainClockRate
 .text.Chip_Clock_EnablePeriphClock
                0x00000eb0       0x54 C:\Users\Administrator\Documents\MCUXpressoIDE_10.0.2_411\workspace\lpc_chip_15xx\Debug\liblpc_chip_15xx.a(clock_15xx.o)
                0x00000eb0                Chip_Clock_EnablePeriphClock
 .text.Chip_Clock_GetUARTBaseClockRate
                0x00000f04       0x88 C:\Users\Administrator\Documents\MCUXpressoIDE_10.0.2_411\workspace\lpc_chip_15xx\Debug\liblpc_chip_15xx.a(clock_15xx.o)
                0x00000f04                Chip_Clock_GetUARTBaseClockRate
 .text.Chip_Clock_SetUARTBaseClockRate
                0x00000f8c       0xa0 C:\Users\Administrator\Documents\MCUXpressoIDE_10.0.2_411\workspace\lpc_chip_15xx\Debug\liblpc_chip_15xx.a(clock_15xx.o)
                0x00000f8c                Chip_Clock_SetUARTBaseClockRate
 .text.Chip_Clock_GetSystemClockRate
                0x0000102c       0x1c C:\Users\Administrator\Documents\MCUXpressoIDE_10.0.2_411\workspace\lpc_chip_15xx\Debug\liblpc_chip_15xx.a(clock_15xx.o)
                0x0000102c                Chip_Clock_GetSystemClockRate
 .text.Chip_SYSCTL_PeriphReset
                0x00001048       0x24 C:\Users\Administrator\Documents\MCUXpressoIDE_10.0.2_411\workspace\lpc_chip_15xx\Debug\liblpc_chip_15xx.a(gpio_15xx.o)
 .text.Chip_GPIO_Init
                0x0000106c       0x30 C:\Users\Administrator\Documents\MCUXpressoIDE_10.0.2_411\workspace\lpc_chip_15xx\Debug\liblpc_chip_15xx.a(gpio_15xx.o)
                0x0000106c                Chip_GPIO_Init
 .text.Chip_IOCON_PinMuxSet
                0x0000109c       0x2c C:\Users\Administrator\Documents\MCUXpressoIDE_10.0.2_411\workspace\lpc_chip_15xx\Debug\liblpc_chip_15xx.a(iocon_15xx.o)
 .text.Chip_IOCON_SetPinMuxing
                0x000010c8       0x50 C:\Users\Administrator\Documents\MCUXpressoIDE_10.0.2_411\workspace\lpc_chip_15xx\Debug\liblpc_chip_15xx.a(iocon_15xx.o)
                0x000010c8                Chip_IOCON_SetPinMuxing
 .text.Chip_SYSCTL_PeriphReset
                0x00001118       0x24 C:\Users\Administrator\Documents\MCUXpressoIDE_10.0.2_411\workspace\lpc_chip_15xx\Debug\liblpc_chip_15xx.a(sct_15xx.o)
 .text.Chip_SCT_Init
                0x0000113c       0x3c C:\Users\Administrator\Documents\MCUXpressoIDE_10.0.2_411\workspace\lpc_chip_15xx\Debug\liblpc_chip_15xx.a(sct_15xx.o)
                0x0000113c                Chip_SCT_Init
 .text.Chip_SWM_MovablePinAssign
                0x00001178       0x5c C:\Users\Administrator\Documents\MCUXpressoIDE_10.0.2_411\workspace\lpc_chip_15xx\Debug\liblpc_chip_15xx.a(swm_15xx.o)
                0x00001178                Chip_SWM_MovablePinAssign
 .text.Chip_SYSCTL_AssertPeriphReset
                0x000011d4       0x48 C:\Users\Administrator\Documents\MCUXpressoIDE_10.0.2_411\workspace\lpc_chip_15xx\Debug\liblpc_chip_15xx.a(sysctl_15xx.o)
                0x000011d4                Chip_SYSCTL_AssertPeriphReset
 .text.Chip_SYSCTL_DeassertPeriphReset
                0x0000121c       0x4c C:\Users\Administrator\Documents\MCUXpressoIDE_10.0.2_411\workspace\lpc_chip_15xx\Debug\liblpc_chip_15xx.a(sysctl_15xx.o)
                0x0000121c                Chip_SYSCTL_DeassertPeriphReset
 .text.Chip_SYSCTL_PowerDown
                0x00001268       0x40 C:\Users\Administrator\Documents\MCUXpressoIDE_10.0.2_411\workspace\lpc_chip_15xx\Debug\liblpc_chip_15xx.a(sysctl_15xx.o)
                0x00001268                Chip_SYSCTL_PowerDown
 .text.Chip_SYSCTL_PowerUp
                0x000012a8       0x40 C:\Users\Administrator\Documents\MCUXpressoIDE_10.0.2_411\workspace\lpc_chip_15xx\Debug\liblpc_chip_15xx.a(sysctl_15xx.o)
                0x000012a8                Chip_SYSCTL_PowerUp
 .text.Chip_FMC_SetFLASHAccess
                0x000012e8       0x38 C:\Users\Administrator\Documents\MCUXpressoIDE_10.0.2_411\workspace\lpc_chip_15xx\Debug\liblpc_chip_15xx.a(sysinit_15xx.o)
 .text.Chip_Clock_SetSystemPLLSource
                0x00001320       0x20 C:\Users\Administrator\Documents\MCUXpressoIDE_10.0.2_411\workspace\lpc_chip_15xx\Debug\liblpc_chip_15xx.a(sysinit_15xx.o)
 .text.Chip_Clock_SetupSystemPLL
                0x00001340       0x34 C:\Users\Administrator\Documents\MCUXpressoIDE_10.0.2_411\workspace\lpc_chip_15xx\Debug\liblpc_chip_15xx.a(sysinit_15xx.o)
 .text.Chip_Clock_IsSystemPLLLocked
                0x00001374       0x24 C:\Users\Administrator\Documents\MCUXpressoIDE_10.0.2_411\workspace\lpc_chip_15xx\Debug\liblpc_chip_15xx.a(sysinit_15xx.o)
 .text.Chip_Clock_SetSysClockDiv
                0x00001398       0x20 C:\Users\Administrator\Documents\MCUXpressoIDE_10.0.2_411\workspace\lpc_chip_15xx\Debug\liblpc_chip_15xx.a(sysinit_15xx.o)
 .text.Chip_SetupXtalClocking
                0x000013b8       0x6c C:\Users\Administrator\Documents\MCUXpressoIDE_10.0.2_411\workspace\lpc_chip_15xx\Debug\liblpc_chip_15xx.a(sysinit_15xx.o)
                0x000013b8                Chip_SetupXtalClocking
 .text.Chip_SYSCTL_PeriphReset
                0x00001424       0x24 C:\Users\Administrator\Documents\MCUXpressoIDE_10.0.2_411\workspace\lpc_chip_15xx\Debug\liblpc_chip_15xx.a(uart_15xx.o)
 .text.Chip_UART_SendByte
                0x00001448       0x1c C:\Users\Administrator\Documents\MCUXpressoIDE_10.0.2_411\workspace\lpc_chip_15xx\Debug\liblpc_chip_15xx.a(uart_15xx.o)
 .text.Chip_UART_ReadByte
                0x00001464       0x1c C:\Users\Administrator\Documents\MCUXpressoIDE_10.0.2_411\workspace\lpc_chip_15xx\Debug\liblpc_chip_15xx.a(uart_15xx.o)
 .text.Chip_UART_GetStatus
                0x00001480       0x18 C:\Users\Administrator\Documents\MCUXpressoIDE_10.0.2_411\workspace\lpc_chip_15xx\Debug\liblpc_chip_15xx.a(uart_15xx.o)
 .text.getUARTClockID
                0x00001498       0x34 C:\Users\Administrator\Documents\MCUXpressoIDE_10.0.2_411\workspace\lpc_chip_15xx\Debug\liblpc_chip_15xx.a(uart_15xx.o)
 .text.Chip_UART_Init
                0x000014cc       0x4c C:\Users\Administrator\Documents\MCUXpressoIDE_10.0.2_411\workspace\lpc_chip_15xx\Debug\liblpc_chip_15xx.a(uart_15xx.o)
                0x000014cc                Chip_UART_Init
 .text.Chip_UART_Send
                0x00001518       0x50 C:\Users\Administrator\Documents\MCUXpressoIDE_10.0.2_411\workspace\lpc_chip_15xx\Debug\liblpc_chip_15xx.a(uart_15xx.o)
                0x00001518                Chip_UART_Send
 .text.Chip_UART_SendBlocking
                0x00001568       0x4c C:\Users\Administrator\Documents\MCUXpressoIDE_10.0.2_411\workspace\lpc_chip_15xx\Debug\liblpc_chip_15xx.a(uart_15xx.o)
                0x00001568                Chip_UART_SendBlocking
 .text.Chip_UART_Read
                0x000015b4       0x54 C:\Users\Administrator\Documents\MCUXpressoIDE_10.0.2_411\workspace\lpc_chip_15xx\Debug\liblpc_chip_15xx.a(uart_15xx.o)
                0x000015b4                Chip_UART_Read
 .text.Chip_UART_SetBaud
                0x00001608       0x2c C:\Users\Administrator\Documents\MCUXpressoIDE_10.0.2_411\workspace\lpc_chip_15xx\Debug\liblpc_chip_15xx.a(uart_15xx.o)
                0x00001608                Chip_UART_SetBaud
 .text.xQueueGenericReset
                0x00001634       0xa4 C:\Users\Administrator\Documents\MCUXpressoIDE_10.0.2_411\workspace\freertos\Debug\libfreertos.a(queue.o)
                0x00001634                xQueueGenericReset
 .text.xQueueGenericCreate
                0x000016d8       0x78 C:\Users\Administrator\Documents\MCUXpressoIDE_10.0.2_411\workspace\freertos\Debug\libfreertos.a(queue.o)
                0x000016d8                xQueueGenericCreate
 .text.xQueueGenericSend
                0x00001750      0x110 C:\Users\Administrator\Documents\MCUXpressoIDE_10.0.2_411\workspace\freertos\Debug\libfreertos.a(queue.o)
                0x00001750                xQueueGenericSend
 .text.xQueueGenericReceive
                0x00001860      0x16c C:\Users\Administrator\Documents\MCUXpressoIDE_10.0.2_411\workspace\freertos\Debug\libfreertos.a(queue.o)
                0x00001860                xQueueGenericReceive
 .text.prvCopyDataToQueue
                0x000019cc       0xd0 C:\Users\Administrator\Documents\MCUXpressoIDE_10.0.2_411\workspace\freertos\Debug\libfreertos.a(queue.o)
 .text.prvCopyDataFromQueue
                0x00001a9c       0x4c C:\Users\Administrator\Documents\MCUXpressoIDE_10.0.2_411\workspace\freertos\Debug\libfreertos.a(queue.o)
 .text.prvUnlockQueue
                0x00001ae8       0x98 C:\Users\Administrator\Documents\MCUXpressoIDE_10.0.2_411\workspace\freertos\Debug\libfreertos.a(queue.o)
 .text.prvIsQueueEmpty
                0x00001b80       0x2c C:\Users\Administrator\Documents\MCUXpressoIDE_10.0.2_411\workspace\freertos\Debug\libfreertos.a(queue.o)
 .text.prvIsQueueFull
                0x00001bac       0x30 C:\Users\Administrator\Documents\MCUXpressoIDE_10.0.2_411\workspace\freertos\Debug\libfreertos.a(queue.o)
 .text.xTaskGenericCreate
                0x00001bdc      0x144 C:\Users\Administrator\Documents\MCUXpressoIDE_10.0.2_411\workspace\freertos\Debug\libfreertos.a(tasks.o)
                0x00001bdc                xTaskGenericCreate
 .text.vTaskDelay
                0x00001d20       0x54 C:\Users\Administrator\Documents\MCUXpressoIDE_10.0.2_411\workspace\freertos\Debug\libfreertos.a(tasks.o)
                0x00001d20                vTaskDelay
 .text.vTaskStartScheduler
                0x00001d74       0x6c C:\Users\Administrator\Documents\MCUXpressoIDE_10.0.2_411\workspace\freertos\Debug\libfreertos.a(tasks.o)
                0x00001d74                vTaskStartScheduler
 .text.vTaskSuspendAll
                0x00001de0       0x1c C:\Users\Administrator\Documents\MCUXpressoIDE_10.0.2_411\workspace\freertos\Debug\libfreertos.a(tasks.o)
                0x00001de0                vTaskSuspendAll
 .text.xTaskResumeAll
                0x00001dfc       0xfc C:\Users\Administrator\Documents\MCUXpressoIDE_10.0.2_411\workspace\freertos\Debug\libfreertos.a(tasks.o)
                0x00001dfc                xTaskResumeAll
 .text.xTaskIncrementTick
                0x00001ef8      0x15c C:\Users\Administrator\Documents\MCUXpressoIDE_10.0.2_411\workspace\freertos\Debug\libfreertos.a(tasks.o)
                0x00001ef8                xTaskIncrementTick
 .text.vTaskSwitchContext
                0x00002054       0xf4 C:\Users\Administrator\Documents\MCUXpressoIDE_10.0.2_411\workspace\freertos\Debug\libfreertos.a(tasks.o)
                0x00002054                vTaskSwitchContext
 .text.vTaskPlaceOnEventList
                0x00002148       0x60 C:\Users\Administrator\Documents\MCUXpressoIDE_10.0.2_411\workspace\freertos\Debug\libfreertos.a(tasks.o)
                0x00002148                vTaskPlaceOnEventList
 .text.xTaskRemoveFromEventList
                0x000021a8       0xac C:\Users\Administrator\Documents\MCUXpressoIDE_10.0.2_411\workspace\freertos\Debug\libfreertos.a(tasks.o)
                0x000021a8                xTaskRemoveFromEventList
 .text.vTaskSetTimeOutState
                0x00002254       0x2c C:\Users\Administrator\Documents\MCUXpressoIDE_10.0.2_411\workspace\freertos\Debug\libfreertos.a(tasks.o)
                0x00002254                vTaskSetTimeOutState
 .text.xTaskCheckForTimeOut
                0x00002280       0x88 C:\Users\Administrator\Documents\MCUXpressoIDE_10.0.2_411\workspace\freertos\Debug\libfreertos.a(tasks.o)
                0x00002280                xTaskCheckForTimeOut
 .text.vTaskMissedYield
                0x00002308       0x18 C:\Users\Administrator\Documents\MCUXpressoIDE_10.0.2_411\workspace\freertos\Debug\libfreertos.a(tasks.o)
                0x00002308                vTaskMissedYield
 .text.prvIdleTask
                0x00002320       0x20 C:\Users\Administrator\Documents\MCUXpressoIDE_10.0.2_411\workspace\freertos\Debug\libfreertos.a(tasks.o)
 .text.prvInitialiseTCBVariables
                0x00002340      0x118 C:\Users\Administrator\Documents\MCUXpressoIDE_10.0.2_411\workspace\freertos\Debug\libfreertos.a(tasks.o)
 .text.prvInitialiseTaskLists
                0x00002458       0x80 C:\Users\Administrator\Documents\MCUXpressoIDE_10.0.2_411\workspace\freertos\Debug\libfreertos.a(tasks.o)
 .text.prvCheckTasksWaitingTermination
                0x000024d8       0x78 C:\Users\Administrator\Documents\MCUXpressoIDE_10.0.2_411\workspace\freertos\Debug\libfreertos.a(tasks.o)
 .text.prvAddCurrentTaskToDelayedList
                0x00002550       0x6c C:\Users\Administrator\Documents\MCUXpressoIDE_10.0.2_411\workspace\freertos\Debug\libfreertos.a(tasks.o)
 .text.prvAllocateTCBAndStack
                0x000025bc       0x64 C:\Users\Administrator\Documents\MCUXpressoIDE_10.0.2_411\workspace\freertos\Debug\libfreertos.a(tasks.o)
 .text.prvDeleteTCB
                0x00002620       0x2c C:\Users\Administrator\Documents\MCUXpressoIDE_10.0.2_411\workspace\freertos\Debug\libfreertos.a(tasks.o)
 .text.prvResetNextTaskUnblockTime
                0x0000264c       0x48 C:\Users\Administrator\Documents\MCUXpressoIDE_10.0.2_411\workspace\freertos\Debug\libfreertos.a(tasks.o)
 .text.xTaskGetCurrentTaskHandle
                0x00002694       0x1c C:\Users\Administrator\Documents\MCUXpressoIDE_10.0.2_411\workspace\freertos\Debug\libfreertos.a(tasks.o)
                0x00002694                xTaskGetCurrentTaskHandle
 .text.vTaskPriorityInherit
                0x000026b0       0xbc C:\Users\Administrator\Documents\MCUXpressoIDE_10.0.2_411\workspace\freertos\Debug\libfreertos.a(tasks.o)
                0x000026b0                vTaskPriorityInherit
 .text.vTaskPriorityDisinherit
                0x0000276c       0x84 C:\Users\Administrator\Documents\MCUXpressoIDE_10.0.2_411\workspace\freertos\Debug\libfreertos.a(tasks.o)
                0x0000276c                vTaskPriorityDisinherit
 .text.vApplicationStackOverflowHook
                0x000027f0       0x14 C:\Users\Administrator\Documents\MCUXpressoIDE_10.0.2_411\workspace\freertos\Debug\libfreertos.a(FreeRTOSCommonHooks.o)
                0x000027f0                vApplicationStackOverflowHook
 .text.pvPortMalloc
                0x00002804       0x24 C:\Users\Administrator\Documents\MCUXpressoIDE_10.0.2_411\workspace\freertos\Debug\libfreertos.a(heap_3.o)
                0x00002804                pvPortMalloc
 .text.vPortFree
                0x00002828       0x24 C:\Users\Administrator\Documents\MCUXpressoIDE_10.0.2_411\workspace\freertos\Debug\libfreertos.a(heap_3.o)
                0x00002828                vPortFree
 .text.vListInitialise
                0x0000284c       0x40 C:\Users\Administrator\Documents\MCUXpressoIDE_10.0.2_411\workspace\freertos\Debug\libfreertos.a(list.o)
                0x0000284c                vListInitialise
 .text.vListInitialiseItem
                0x0000288c       0x18 C:\Users\Administrator\Documents\MCUXpressoIDE_10.0.2_411\workspace\freertos\Debug\libfreertos.a(list.o)
                0x0000288c                vListInitialiseItem
 .text.vListInsertEnd
                0x000028a4       0x48 C:\Users\Administrator\Documents\MCUXpressoIDE_10.0.2_411\workspace\freertos\Debug\libfreertos.a(list.o)
                0x000028a4                vListInsertEnd
 .text.vListInsert
                0x000028ec       0x70 C:\Users\Administrator\Documents\MCUXpressoIDE_10.0.2_411\workspace\freertos\Debug\libfreertos.a(list.o)
                0x000028ec                vListInsert
 .text.uxListRemove
                0x0000295c       0x54 C:\Users\Administrator\Documents\MCUXpressoIDE_10.0.2_411\workspace\freertos\Debug\libfreertos.a(list.o)
                0x0000295c                uxListRemove
 .text.pxPortInitialiseStack
                0x000029b0       0x54 C:\Users\Administrator\Documents\MCUXpressoIDE_10.0.2_411\workspace\freertos\Debug\libfreertos.a(port.o)
                0x000029b0                pxPortInitialiseStack
 .text.prvTaskExitError
                0x00002a04        0xc C:\Users\Administrator\Documents\MCUXpressoIDE_10.0.2_411\workspace\freertos\Debug\libfreertos.a(port.o)
 .text.SVC_Handler
                0x00002a10       0x28 C:\Users\Administrator\Documents\MCUXpressoIDE_10.0.2_411\workspace\freertos\Debug\libfreertos.a(port.o)
                0x00002a10                SVC_Handler
 .text.prvPortStartFirstTask
                0x00002a38       0x20 C:\Users\Administrator\Documents\MCUXpressoIDE_10.0.2_411\workspace\freertos\Debug\libfreertos.a(port.o)
 .text.xPortStartScheduler
                0x00002a58       0x3c C:\Users\Administrator\Documents\MCUXpressoIDE_10.0.2_411\workspace\freertos\Debug\libfreertos.a(port.o)
                0x00002a58                xPortStartScheduler
 .text.vPortYield
                0x00002a94       0x20 C:\Users\Administrator\Documents\MCUXpressoIDE_10.0.2_411\workspace\freertos\Debug\libfreertos.a(port.o)
                0x00002a94                vPortYield
 .text.vPortEnterCritical
                0x00002ab4       0x24 C:\Users\Administrator\Documents\MCUXpressoIDE_10.0.2_411\workspace\freertos\Debug\libfreertos.a(port.o)
                0x00002ab4                vPortEnterCritical
 .text.vPortExitCritical
                0x00002ad8       0x24 C:\Users\Administrator\Documents\MCUXpressoIDE_10.0.2_411\workspace\freertos\Debug\libfreertos.a(port.o)
                0x00002ad8                vPortExitCritical
 .text.ulPortSetInterruptMask
                0x00002afc       0x14 C:\Users\Administrator\Documents\MCUXpressoIDE_10.0.2_411\workspace\freertos\Debug\libfreertos.a(port.o)
                0x00002afc                ulPortSetInterruptMask
 .text.vPortClearInterruptMask
                0x00002b10        0x8 C:\Users\Administrator\Documents\MCUXpressoIDE_10.0.2_411\workspace\freertos\Debug\libfreertos.a(port.o)
                0x00002b10                vPortClearInterruptMask
 .text.PendSV_Handler
                0x00002b18       0x48 C:\Users\Administrator\Documents\MCUXpressoIDE_10.0.2_411\workspace\freertos\Debug\libfreertos.a(port.o)
                0x00002b18                PendSV_Handler
 .text.SysTick_Handler
                0x00002b60       0x28 C:\Users\Administrator\Documents\MCUXpressoIDE_10.0.2_411\workspace\freertos\Debug\libfreertos.a(port.o)
                0x00002b60                SysTick_Handler
 .text.vPortSetupTimerInterrupt
                0x00002b88       0x34 C:\Users\Administrator\Documents\MCUXpressoIDE_10.0.2_411\workspace\freertos\Debug\libfreertos.a(port.o)
                0x00002b88                vPortSetupTimerInterrupt
 .text          0x00002bbc       0x30 c:/nxp/mcuxpressoide_10.0.2_411/ide/tools/bin/../lib/gcc/arm-none-eabi/5.4.1/armv7-m\libgcc.a(_aeabi_uldivmod.o)
                0x00002bbc                __aeabi_uldivmod
 .text          0x00002bec      0x2ec c:/nxp/mcuxpressoide_10.0.2_411/ide/tools/bin/../lib/gcc/arm-none-eabi/5.4.1/armv7-m\libgcc.a(_udivmoddi4.o)
                0x00002bec                __udivmoddi4
 .text          0x00002ed8        0x4 c:/nxp/mcuxpressoide_10.0.2_411/ide/tools/bin/../lib/gcc/arm-none-eabi/5.4.1/armv7-m\libgcc.a(_dvmd_tls.o)
                0x00002ed8                __aeabi_idiv0
                0x00002ed8                __aeabi_ldiv0
 .text.__libc_init_array
                0x00002edc       0x50 c:/nxp/mcuxpressoide_10.0.2_411/ide/tools/bin/../lib/gcc/arm-none-eabi/5.4.1/../../../../arm-none-eabi/lib/armv7-m\libc.a(lib_a-init.o)
                0x00002edc                __libc_init_array
 .text.malloc   0x00002f2c       0x10 c:/nxp/mcuxpressoide_10.0.2_411/ide/tools/bin/../lib/gcc/arm-none-eabi/5.4.1/../../../../arm-none-eabi/lib/armv7-m\libc.a(lib_a-malloc.o)
                0x00002f2c                malloc
 .text.free     0x00002f3c       0x10 c:/nxp/mcuxpressoide_10.0.2_411/ide/tools/bin/../lib/gcc/arm-none-eabi/5.4.1/../../../../arm-none-eabi/lib/armv7-m\libc.a(lib_a-malloc.o)
                0x00002f3c                free
 .text._malloc_r
                0x00002f4c      0x558 c:/nxp/mcuxpressoide_10.0.2_411/ide/tools/bin/../lib/gcc/arm-none-eabi/5.4.1/../../../../arm-none-eabi/lib/armv7-m\libc.a(lib_a-mallocr.o)
                0x00002f4c                _malloc_r
 .text.memcmp   0x000034a4       0x64 c:/nxp/mcuxpressoide_10.0.2_411/ide/tools/bin/../lib/gcc/arm-none-eabi/5.4.1/../../../../arm-none-eabi/lib/armv7-m\libc.a(lib_a-memcmp.o)
                0x000034a4                memcmp
 .text          0x00003508       0xec c:/nxp/mcuxpressoide_10.0.2_411/ide/tools/bin/../lib/gcc/arm-none-eabi/5.4.1/../../../../arm-none-eabi/lib/armv7-m\libc.a(lib_a-memcpy.o)
                0x00003508                memcpy
 .text.memset   0x000035f4       0x9c c:/nxp/mcuxpressoide_10.0.2_411/ide/tools/bin/../lib/gcc/arm-none-eabi/5.4.1/../../../../arm-none-eabi/lib/armv7-m\libc.a(lib_a-memset.o)
                0x000035f4                memset
 .text.__malloc_lock
                0x00003690        0x4 c:/nxp/mcuxpressoide_10.0.2_411/ide/tools/bin/../lib/gcc/arm-none-eabi/5.4.1/../../../../arm-none-eabi/lib/armv7-m\libc.a(lib_a-mlock.o)
                0x00003690                __malloc_lock
 .text.__malloc_unlock
                0x00003694        0x4 c:/nxp/mcuxpressoide_10.0.2_411/ide/tools/bin/../lib/gcc/arm-none-eabi/5.4.1/../../../../arm-none-eabi/lib/armv7-m\libc.a(lib_a-mlock.o)
                0x00003694                __malloc_unlock
 .text.printf   0x00003698       0x28 c:/nxp/mcuxpressoide_10.0.2_411/ide/tools/bin/../lib/gcc/arm-none-eabi/5.4.1/../../../../arm-none-eabi/lib/armv7-m\libc.a(lib_a-printf.o)
                0x00003698                printf
 .text.cleanup_glue
                0x000036c0       0x1c c:/nxp/mcuxpressoide_10.0.2_411/ide/tools/bin/../lib/gcc/arm-none-eabi/5.4.1/../../../../arm-none-eabi/lib/armv7-m\libc.a(lib_a-reent.o)
                0x000036c0                cleanup_glue
 .text._reclaim_reent
                0x000036dc       0x88 c:/nxp/mcuxpressoide_10.0.2_411/ide/tools/bin/../lib/gcc/arm-none-eabi/5.4.1/../../../../arm-none-eabi/lib/armv7-m\libc.a(lib_a-reent.o)
                0x000036dc                _reclaim_reent
 .text._sbrk_r  0x00003764       0x24 c:/nxp/mcuxpressoide_10.0.2_411/ide/tools/bin/../lib/gcc/arm-none-eabi/5.4.1/../../../../arm-none-eabi/lib/armv7-m\libc.a(lib_a-sbrkr.o)
                0x00003764                _sbrk_r
 .text._vfprintf_r
                0x00003788     0x1798 c:/nxp/mcuxpressoide_10.0.2_411/ide/tools/bin/../lib/gcc/arm-none-eabi/5.4.1/../../../../arm-none-eabi/lib/armv7-m\libc.a(lib_a-vfprintf.o)
                0x00003788                _vfprintf_r
 .text.__sbprintf
                0x00004f20       0x6c c:/nxp/mcuxpressoide_10.0.2_411/ide/tools/bin/../lib/gcc/arm-none-eabi/5.4.1/../../../../arm-none-eabi/lib/armv7-m\libc.a(lib_a-vfprintf.o)
 .text.__swsetup_r
                0x00004f8c       0xc8 c:/nxp/mcuxpressoide_10.0.2_411/ide/tools/bin/../lib/gcc/arm-none-eabi/5.4.1/../../../../arm-none-eabi/lib/armv7-m\libc.a(lib_a-wsetup.o)
                0x00004f8c                __swsetup_r
 .text.quorem   0x00005054      0x12c c:/nxp/mcuxpressoide_10.0.2_411/ide/tools/bin/../lib/gcc/arm-none-eabi/5.4.1/../../../../arm-none-eabi/lib/armv7-m\libc.a(lib_a-dtoa.o)
 .text._dtoa_r  0x00005180      0xe4c c:/nxp/mcuxpressoide_10.0.2_411/ide/tools/bin/../lib/gcc/arm-none-eabi/5.4.1/../../../../arm-none-eabi/lib/armv7-m\libc.a(lib_a-dtoa.o)
                0x00005180                _dtoa_r
 .text.__sflush_r
                0x00005fcc      0x148 c:/nxp/mcuxpressoide_10.0.2_411/ide/tools/bin/../lib/gcc/arm-none-eabi/5.4.1/../../../../arm-none-eabi/lib/armv7-m\libc.a(lib_a-fflush.o)
                0x00005fcc                __sflush_r
 .text._fflush_r
                0x00006114       0x2c c:/nxp/mcuxpressoide_10.0.2_411/ide/tools/bin/../lib/gcc/arm-none-eabi/5.4.1/../../../../arm-none-eabi/lib/armv7-m\libc.a(lib_a-fflush.o)
                0x00006114                _fflush_r
 .text._cleanup_r
                0x00006140        0xc c:/nxp/mcuxpressoide_10.0.2_411/ide/tools/bin/../lib/gcc/arm-none-eabi/5.4.1/../../../../arm-none-eabi/lib/armv7-m\libc.a(lib_a-findfp.o)
                0x00006140                _cleanup_r
 .text.__sinit.part.1
                0x0000614c       0xf0 c:/nxp/mcuxpressoide_10.0.2_411/ide/tools/bin/../lib/gcc/arm-none-eabi/5.4.1/../../../../arm-none-eabi/lib/armv7-m\libc.a(lib_a-findfp.o)
 .text.__sinit  0x0000623c        0xc c:/nxp/mcuxpressoide_10.0.2_411/ide/tools/bin/../lib/gcc/arm-none-eabi/5.4.1/../../../../arm-none-eabi/lib/armv7-m\libc.a(lib_a-findfp.o)
                0x0000623c                __sinit
 .text.__sfp_lock_acquire
                0x00006248        0x4 c:/nxp/mcuxpressoide_10.0.2_411/ide/tools/bin/../lib/gcc/arm-none-eabi/5.4.1/../../../../arm-none-eabi/lib/armv7-m\libc.a(lib_a-findfp.o)
                0x00006248                __sfp_lock_acquire
 .text.__sfp_lock_release
                0x0000624c        0x4 c:/nxp/mcuxpressoide_10.0.2_411/ide/tools/bin/../lib/gcc/arm-none-eabi/5.4.1/../../../../arm-none-eabi/lib/armv7-m\libc.a(lib_a-findfp.o)
                0x0000624c                __sfp_lock_release
 .text._malloc_trim_r
                0x00006250       0x9c c:/nxp/mcuxpressoide_10.0.2_411/ide/tools/bin/../lib/gcc/arm-none-eabi/5.4.1/../../../../arm-none-eabi/lib/armv7-m\libc.a(lib_a-freer.o)
                0x00006250                _malloc_trim_r
 .text._free_r  0x000062ec      0x1d0 c:/nxp/mcuxpressoide_10.0.2_411/ide/tools/bin/../lib/gcc/arm-none-eabi/5.4.1/../../../../arm-none-eabi/lib/armv7-m\libc.a(lib_a-freer.o)
                0x000062ec                _free_r
 .text._fwalk_reent
                0x000064bc       0x50 c:/nxp/mcuxpressoide_10.0.2_411/ide/tools/bin/../lib/gcc/arm-none-eabi/5.4.1/../../../../arm-none-eabi/lib/armv7-m\libc.a(lib_a-fwalk.o)
                0x000064bc                _fwalk_reent
 .text._localeconv_r
                0x0000650c       0x1c c:/nxp/mcuxpressoide_10.0.2_411/ide/tools/bin/../lib/gcc/arm-none-eabi/5.4.1/../../../../arm-none-eabi/lib/armv7-m\libc.a(lib_a-localeconv.o)
                0x0000650c                _localeconv_r
 .text.__swhatbuf_r
                0x00006528       0x60 c:/nxp/mcuxpressoide_10.0.2_411/ide/tools/bin/../lib/gcc/arm-none-eabi/5.4.1/../../../../arm-none-eabi/lib/armv7-m\libc.a(lib_a-makebuf.o)
                0x00006528                __swhatbuf_r
 .text.__smakebuf_r
                0x00006588       0x88 c:/nxp/mcuxpressoide_10.0.2_411/ide/tools/bin/../lib/gcc/arm-none-eabi/5.4.1/../../../../arm-none-eabi/lib/armv7-m\libc.a(lib_a-makebuf.o)
                0x00006588                __smakebuf_r
 .text.memchr   0x00006610       0x8c c:/nxp/mcuxpressoide_10.0.2_411/ide/tools/bin/../lib/gcc/arm-none-eabi/5.4.1/../../../../arm-none-eabi/lib/armv7-m\libc.a(lib_a-memchr-stub.o)
                0x00006610                memchr
 .text._Balloc  0x0000669c       0x50 c:/nxp/mcuxpressoide_10.0.2_411/ide/tools/bin/../lib/gcc/arm-none-eabi/5.4.1/../../../../arm-none-eabi/lib/armv7-m\libc.a(lib_a-mprec.o)
                0x0000669c                _Balloc
 .text._Bfree   0x000066ec       0x14 c:/nxp/mcuxpressoide_10.0.2_411/ide/tools/bin/../lib/gcc/arm-none-eabi/5.4.1/../../../../arm-none-eabi/lib/armv7-m\libc.a(lib_a-mprec.o)
                0x000066ec                _Bfree
 .text.__multadd
                0x00006700       0x80 c:/nxp/mcuxpressoide_10.0.2_411/ide/tools/bin/../lib/gcc/arm-none-eabi/5.4.1/../../../../arm-none-eabi/lib/armv7-m\libc.a(lib_a-mprec.o)
                0x00006700                __multadd
 .text.__hi0bits
                0x00006780       0x40 c:/nxp/mcuxpressoide_10.0.2_411/ide/tools/bin/../lib/gcc/arm-none-eabi/5.4.1/../../../../arm-none-eabi/lib/armv7-m\libc.a(lib_a-mprec.o)
                0x00006780                __hi0bits
 .text.__lo0bits
                0x000067c0       0x5c c:/nxp/mcuxpressoide_10.0.2_411/ide/tools/bin/../lib/gcc/arm-none-eabi/5.4.1/../../../../arm-none-eabi/lib/armv7-m\libc.a(lib_a-mprec.o)
                0x000067c0                __lo0bits
 .text.__i2b    0x0000681c       0x14 c:/nxp/mcuxpressoide_10.0.2_411/ide/tools/bin/../lib/gcc/arm-none-eabi/5.4.1/../../../../arm-none-eabi/lib/armv7-m\libc.a(lib_a-mprec.o)
                0x0000681c                __i2b
 .text.__multiply
                0x00006830      0x13c c:/nxp/mcuxpressoide_10.0.2_411/ide/tools/bin/../lib/gcc/arm-none-eabi/5.4.1/../../../../arm-none-eabi/lib/armv7-m\libc.a(lib_a-mprec.o)
                0x00006830                __multiply
 .text.__pow5mult
                0x0000696c       0xa0 c:/nxp/mcuxpressoide_10.0.2_411/ide/tools/bin/../lib/gcc/arm-none-eabi/5.4.1/../../../../arm-none-eabi/lib/armv7-m\libc.a(lib_a-mprec.o)
                0x0000696c                __pow5mult
 .text.__lshift
                0x00006a0c       0xac c:/nxp/mcuxpressoide_10.0.2_411/ide/tools/bin/../lib/gcc/arm-none-eabi/5.4.1/../../../../arm-none-eabi/lib/armv7-m\libc.a(lib_a-mprec.o)
                0x00006a0c                __lshift
 .text.__mcmp   0x00006ab8       0x40 c:/nxp/mcuxpressoide_10.0.2_411/ide/tools/bin/../lib/gcc/arm-none-eabi/5.4.1/../../../../arm-none-eabi/lib/armv7-m\libc.a(lib_a-mprec.o)
                0x00006ab8                __mcmp
 .text.__mdiff  0x00006af8      0x128 c:/nxp/mcuxpressoide_10.0.2_411/ide/tools/bin/../lib/gcc/arm-none-eabi/5.4.1/../../../../arm-none-eabi/lib/armv7-m\libc.a(lib_a-mprec.o)
                0x00006af8                __mdiff
 .text.__d2b    0x00006c20       0xa8 c:/nxp/mcuxpressoide_10.0.2_411/ide/tools/bin/../lib/gcc/arm-none-eabi/5.4.1/../../../../arm-none-eabi/lib/armv7-m\libc.a(lib_a-mprec.o)
                0x00006c20                __d2b
 .text.__sread  0x00006cc8       0x24 c:/nxp/mcuxpressoide_10.0.2_411/ide/tools/bin/../lib/gcc/arm-none-eabi/5.4.1/../../../../arm-none-eabi/lib/armv7-m\libc.a(lib_a-stdio.o)
                0x00006cc8                __sread
 .text.__swrite
                0x00006cec       0x3c c:/nxp/mcuxpressoide_10.0.2_411/ide/tools/bin/../lib/gcc/arm-none-eabi/5.4.1/../../../../arm-none-eabi/lib/armv7-m\libc.a(lib_a-stdio.o)
                0x00006cec                __swrite
 .text.__sseek  0x00006d28       0x20 c:/nxp/mcuxpressoide_10.0.2_411/ide/tools/bin/../lib/gcc/arm-none-eabi/5.4.1/../../../../arm-none-eabi/lib/armv7-m\libc.a(lib_a-stdio.o)
                0x00006d28                __sseek
 .text.__sclose
                0x00006d48        0x8 c:/nxp/mcuxpressoide_10.0.2_411/ide/tools/bin/../lib/gcc/arm-none-eabi/5.4.1/../../../../arm-none-eabi/lib/armv7-m\libc.a(lib_a-stdio.o)
                0x00006d48                __sclose
 .text.strlen   0x00006d50       0x5c c:/nxp/mcuxpressoide_10.0.2_411/ide/tools/bin/../lib/gcc/arm-none-eabi/5.4.1/../../../../arm-none-eabi/lib/armv7-m\libc.a(lib_a-strlen-stub.o)
                0x00006d50                strlen
 .text.__sprint_r.part.0
                0x00006dac       0x78 c:/nxp/mcuxpressoide_10.0.2_411/ide/tools/bin/../lib/gcc/arm-none-eabi/5.4.1/../../../../arm-none-eabi/lib/armv7-m\libc.a(lib_a-vfiprintf.o)
 .text.__sprint_r
                0x00006e24       0x14 c:/nxp/mcuxpressoide_10.0.2_411/ide/tools/bin/../lib/gcc/arm-none-eabi/5.4.1/../../../../arm-none-eabi/lib/armv7-m\libc.a(lib_a-vfiprintf.o)
                0x00006e24                __sprint_r
 .text._write_r
                0x00006e38       0x2c c:/nxp/mcuxpressoide_10.0.2_411/ide/tools/bin/../lib/gcc/arm-none-eabi/5.4.1/../../../../arm-none-eabi/lib/armv7-m\libc.a(lib_a-writer.o)
                0x00006e38                _write_r
 .text._calloc_r
                0x00006e64       0x60 c:/nxp/mcuxpressoide_10.0.2_411/ide/tools/bin/../lib/gcc/arm-none-eabi/5.4.1/../../../../arm-none-eabi/lib/armv7-m\libc.a(lib_a-callocr.o)
                0x00006e64                _calloc_r
 .text._close_r
                0x00006ec4       0x24 c:/nxp/mcuxpressoide_10.0.2_411/ide/tools/bin/../lib/gcc/arm-none-eabi/5.4.1/../../../../arm-none-eabi/lib/armv7-m\libc.a(lib_a-closer.o)
                0x00006ec4                _close_r
 .text._fclose_r
                0x00006ee8       0x84 c:/nxp/mcuxpressoide_10.0.2_411/ide/tools/bin/../lib/gcc/arm-none-eabi/5.4.1/../../../../arm-none-eabi/lib/armv7-m\libc.a(lib_a-fclose.o)
                0x00006ee8                _fclose_r
 .text.__fputwc
                0x00006f6c       0x94 c:/nxp/mcuxpressoide_10.0.2_411/ide/tools/bin/../lib/gcc/arm-none-eabi/5.4.1/../../../../arm-none-eabi/lib/armv7-m\libc.a(lib_a-fputwc.o)
                0x00006f6c                __fputwc
 .text._fputwc_r
                0x00007000       0x24 c:/nxp/mcuxpressoide_10.0.2_411/ide/tools/bin/../lib/gcc/arm-none-eabi/5.4.1/../../../../arm-none-eabi/lib/armv7-m\libc.a(lib_a-fputwc.o)
                0x00007000                _fputwc_r
 .text._fstat_r
                0x00007024       0x28 c:/nxp/mcuxpressoide_10.0.2_411/ide/tools/bin/../lib/gcc/arm-none-eabi/5.4.1/../../../../arm-none-eabi/lib/armv7-m\libc.a(lib_a-fstatr.o)
                0x00007024                _fstat_r
 .text.__sfvwrite_r
                0x0000704c      0x308 c:/nxp/mcuxpressoide_10.0.2_411/ide/tools/bin/../lib/gcc/arm-none-eabi/5.4.1/../../../../arm-none-eabi/lib/armv7-m\libc.a(lib_a-fvwrite.o)
                0x0000704c                __sfvwrite_r
 .text._isatty_r
                0x00007354       0x24 c:/nxp/mcuxpressoide_10.0.2_411/ide/tools/bin/../lib/gcc/arm-none-eabi/5.4.1/../../../../arm-none-eabi/lib/armv7-m\libc.a(lib_a-isattyr.o)
                0x00007354                _isatty_r
 .text.__locale_mb_cur_max
                0x00007378       0x1c c:/nxp/mcuxpressoide_10.0.2_411/ide/tools/bin/../lib/gcc/arm-none-eabi/5.4.1/../../../../arm-none-eabi/lib/armv7-m\libc.a(lib_a-locale.o)
                0x00007378                __locale_mb_cur_max
 .text._lseek_r
                0x00007394       0x2c c:/nxp/mcuxpressoide_10.0.2_411/ide/tools/bin/../lib/gcc/arm-none-eabi/5.4.1/../../../../arm-none-eabi/lib/armv7-m\libc.a(lib_a-lseekr.o)
                0x00007394                _lseek_r
 .text.__ascii_mbtowc
                0x000073c0       0x2c c:/nxp/mcuxpressoide_10.0.2_411/ide/tools/bin/../lib/gcc/arm-none-eabi/5.4.1/../../../../arm-none-eabi/lib/armv7-m\libc.a(lib_a-mbtowc_r.o)
                0x000073c0                __ascii_mbtowc
 .text.memmove  0x000073ec       0xc8 c:/nxp/mcuxpressoide_10.0.2_411/ide/tools/bin/../lib/gcc/arm-none-eabi/5.4.1/../../../../arm-none-eabi/lib/armv7-m\libc.a(lib_a-memmove.o)
                0x000073ec                memmove
 .text._read_r  0x000074b4       0x2c c:/nxp/mcuxpressoide_10.0.2_411/ide/tools/bin/../lib/gcc/arm-none-eabi/5.4.1/../../../../arm-none-eabi/lib/armv7-m\libc.a(lib_a-readr.o)
                0x000074b4                _read_r
 .text._realloc_r
                0x000074e0      0x3d4 c:/nxp/mcuxpressoide_10.0.2_411/ide/tools/bin/../lib/gcc/arm-none-eabi/5.4.1/../../../../arm-none-eabi/lib/armv7-m\libc.a(lib_a-reallocr.o)
                0x000074e0                _realloc_r
 .text.__swbuf_r
                0x000078b4       0xac c:/nxp/mcuxpressoide_10.0.2_411/ide/tools/bin/../lib/gcc/arm-none-eabi/5.4.1/../../../../arm-none-eabi/lib/armv7-m\libc.a(lib_a-wbuf.o)
                0x000078b4                __swbuf_r
 .text._wcrtomb_r
                0x00007960       0x54 c:/nxp/mcuxpressoide_10.0.2_411/ide/tools/bin/../lib/gcc/arm-none-eabi/5.4.1/../../../../arm-none-eabi/lib/armv7-m\libc.a(lib_a-wcrtomb.o)
                0x00007960                _wcrtomb_r
 .text.__ascii_wctomb
                0x000079b4       0x1c c:/nxp/mcuxpressoide_10.0.2_411/ide/tools/bin/../lib/gcc/arm-none-eabi/5.4.1/../../../../arm-none-eabi/lib/armv7-m\libc.a(lib_a-wctomb_r.o)
                0x000079b4                __ascii_wctomb
 .text._sbrk    0x000079d0       0x3c c:/nxp/mcuxpressoide_10.0.2_411/ide/tools/bin/../lib/gcc/arm-none-eabi/5.4.1/../../../../arm-none-eabi/lib/armv7-m\libcr_newlib_nohost.a(_cr_sbrk.o)
                0x000079d0                _sbrk
 .text._close   0x00007a0c       0x10 c:/nxp/mcuxpressoide_10.0.2_411/ide/tools/bin/../lib/gcc/arm-none-eabi/5.4.1/../../../../arm-none-eabi/lib/armv7-m\libcr_newlib_nohost.a(close.o)
                0x00007a0c                _close
 .text._fstat   0x00007a1c       0x10 c:/nxp/mcuxpressoide_10.0.2_411/ide/tools/bin/../lib/gcc/arm-none-eabi/5.4.1/../../../../arm-none-eabi/lib/armv7-m\libcr_newlib_nohost.a(fstat.o)
                0x00007a1c                _fstat
 .text._isatty  0x00007a2c       0x10 c:/nxp/mcuxpressoide_10.0.2_411/ide/tools/bin/../lib/gcc/arm-none-eabi/5.4.1/../../../../arm-none-eabi/lib/armv7-m\libcr_newlib_nohost.a(isatty.o)
                0x00007a2c                _isatty
 .text._lseek   0x00007a3c       0x10 c:/nxp/mcuxpressoide_10.0.2_411/ide/tools/bin/../lib/gcc/arm-none-eabi/5.4.1/../../../../arm-none-eabi/lib/armv7-m\libcr_newlib_nohost.a(lseek.o)
                0x00007a3c                _lseek
 .text.__check_heap_overflow
                0x00007a4c       0x18 c:/nxp/mcuxpressoide_10.0.2_411/ide/tools/bin/../lib/gcc/arm-none-eabi/5.4.1/../../../../arm-none-eabi/lib/armv7-m\libcr_newlib_nohost.a(_cr_check_heap.o)
                0x00007a4c                __check_heap_overflow
 .text          0x00007a64       0x5c c:/nxp/mcuxpressoide_10.0.2_411/ide/tools/bin/../lib/gcc/arm-none-eabi/5.4.1/armv7-m\crtbegin.o
 .text          0x00007ac0      0x370 c:/nxp/mcuxpressoide_10.0.2_411/ide/tools/bin/../lib/gcc/arm-none-eabi/5.4.1/armv7-m\libgcc.a(_arm_addsubdf3.o)
                0x00007ac0                __aeabi_drsub
                0x00007ac8                __aeabi_dsub
                0x00007ac8                __subdf3
                0x00007acc                __aeabi_dadd
                0x00007acc                __adddf3
                0x00007d44                __floatunsidf
                0x00007d44                __aeabi_ui2d
                0x00007d64                __floatsidf
                0x00007d64                __aeabi_i2d
                0x00007d88                __aeabi_f2d
                0x00007d88                __extendsfdf2
                0x00007dc4                __floatundidf
                0x00007dc4                __aeabi_ul2d
                0x00007dd4                __floatdidf
                0x00007dd4                __aeabi_l2d
 .text          0x00007e30      0x424 c:/nxp/mcuxpressoide_10.0.2_411/ide/tools/bin/../lib/gcc/arm-none-eabi/5.4.1/armv7-m\libgcc.a(_arm_muldivdf3.o)
                0x00007e30                __aeabi_dmul
                0x00007e30                __muldf3
                0x00008084                __divdf3
                0x00008084                __aeabi_ddiv
 .text          0x00008254      0x110 c:/nxp/mcuxpressoide_10.0.2_411/ide/tools/bin/../lib/gcc/arm-none-eabi/5.4.1/armv7-m\libgcc.a(_arm_cmpdf2.o)
                0x00008254                __gtdf2
                0x00008254                __gedf2
                0x0000825c                __ltdf2
                0x0000825c                __ledf2
                0x00008264                __nedf2
                0x00008264                __eqdf2
                0x00008264                __cmpdf2
                0x000082e0                __aeabi_cdrcmple
                0x000082f0                __aeabi_cdcmpeq
                0x000082f0                __aeabi_cdcmple
                0x00008300                __aeabi_dcmpeq
                0x00008314                __aeabi_dcmplt
                0x00008328                __aeabi_dcmple
                0x0000833c                __aeabi_dcmpge
                0x00008350                __aeabi_dcmpgt
 .text          0x00008364       0x2c c:/nxp/mcuxpressoide_10.0.2_411/ide/tools/bin/../lib/gcc/arm-none-eabi/5.4.1/armv7-m\libgcc.a(_arm_unorddf2.o)
                0x00008364                __unorddf2
                0x00008364                __aeabi_dcmpun
 .text          0x00008390       0x50 c:/nxp/mcuxpressoide_10.0.2_411/ide/tools/bin/../lib/gcc/arm-none-eabi/5.4.1/armv7-m\libgcc.a(_arm_fixdfsi.o)
                0x00008390                __aeabi_d2iz
                0x00008390                __fixdfsi
 .text.__errno  0x000083e0        0xc c:/nxp/mcuxpressoide_10.0.2_411/ide/tools/bin/../lib/gcc/arm-none-eabi/5.4.1/../../../../arm-none-eabi/lib/armv7-m\libc.a(lib_a-errno.o)
                0x000083e0                __errno
 *(.rodata .rodata.* .constdata .constdata.*)
 .rodata._ZTV12DigitalIoPin
                0x000083ec       0x14 ./src/DigitalIoPin.o
                0x000083ec                vtable for DigitalIoPin
 .rodata        0x00008400       0x3b ./src/lab3e1.o
 *fill*         0x0000843b        0x1 ff
 .rodata.OscRateIn
                0x0000843c        0x4 C:\Users\Administrator\Documents\MCUXpressoIDE_10.0.2_411\workspace\lpc_board_nxp_lpcxpresso_1549\Debug\liblpc_board_nxp_lpcxpresso_1549.a(board.o)
                0x0000843c                OscRateIn
 .rodata.RTCOscRateIn
                0x00008440        0x4 C:\Users\Administrator\Documents\MCUXpressoIDE_10.0.2_411\workspace\lpc_board_nxp_lpcxpresso_1549\Debug\liblpc_board_nxp_lpcxpresso_1549.a(board.o)
                0x00008440                RTCOscRateIn
 .rodata.ledpins
                0x00008444        0x3 C:\Users\Administrator\Documents\MCUXpressoIDE_10.0.2_411\workspace\lpc_board_nxp_lpcxpresso_1549\Debug\liblpc_board_nxp_lpcxpresso_1549.a(board.o)
 *fill*         0x00008447        0x1 ff
 .rodata.ledports
                0x00008448        0x3 C:\Users\Administrator\Documents\MCUXpressoIDE_10.0.2_411\workspace\lpc_board_nxp_lpcxpresso_1549\Debug\liblpc_board_nxp_lpcxpresso_1549.a(board.o)
 *fill*         0x0000844b        0x1 ff
 .rodata.ioconSetup
                0x0000844c       0x74 C:\Users\Administrator\Documents\MCUXpressoIDE_10.0.2_411\workspace\lpc_board_nxp_lpcxpresso_1549\Debug\liblpc_board_nxp_lpcxpresso_1549.a(board_sysinit.o)
 .rodata.swmSetup
                0x000084c0        0x6 C:\Users\Administrator\Documents\MCUXpressoIDE_10.0.2_411\workspace\lpc_board_nxp_lpcxpresso_1549\Debug\liblpc_board_nxp_lpcxpresso_1549.a(board_sysinit.o)
 *fill*         0x000084c6        0x2 ff
 .rodata        0x000084c8       0x18 C:\Users\Administrator\Documents\MCUXpressoIDE_10.0.2_411\workspace\freertos\Debug\libfreertos.a(tasks.o)
                0x000084d0                FreeRTOSDebugConfig
 .rodata.ucExpectedStackBytes.9838
                0x000084e0       0x14 C:\Users\Administrator\Documents\MCUXpressoIDE_10.0.2_411\workspace\freertos\Debug\libfreertos.a(tasks.o)
 .rodata.zeroes.7271
                0x000084f4       0x10 c:/nxp/mcuxpressoide_10.0.2_411/ide/tools/bin/../lib/gcc/arm-none-eabi/5.4.1/../../../../arm-none-eabi/lib/armv7-m\libc.a(lib_a-vfprintf.o)
 .rodata.str1.4
                0x00008504       0x42 c:/nxp/mcuxpressoide_10.0.2_411/ide/tools/bin/../lib/gcc/arm-none-eabi/5.4.1/../../../../arm-none-eabi/lib/armv7-m\libc.a(lib_a-vfprintf.o)
 *fill*         0x00008546        0x2 ff
 .rodata.blanks.7270
                0x00008548       0x10 c:/nxp/mcuxpressoide_10.0.2_411/ide/tools/bin/../lib/gcc/arm-none-eabi/5.4.1/../../../../arm-none-eabi/lib/armv7-m\libc.a(lib_a-vfprintf.o)
 .rodata.str1.4
                0x00008558       0x10 c:/nxp/mcuxpressoide_10.0.2_411/ide/tools/bin/../lib/gcc/arm-none-eabi/5.4.1/../../../../arm-none-eabi/lib/armv7-m\libc.a(lib_a-dtoa.o)
                                 0x12 (size before relaxing)
 .rodata.__mprec_tens
                0x00008568       0xc8 c:/nxp/mcuxpressoide_10.0.2_411/ide/tools/bin/../lib/gcc/arm-none-eabi/5.4.1/../../../../arm-none-eabi/lib/armv7-m\libc.a(lib_a-mprec.o)
                0x00008568                __mprec_tens
 .rodata.p05.6085
                0x00008630        0xc c:/nxp/mcuxpressoide_10.0.2_411/ide/tools/bin/../lib/gcc/arm-none-eabi/5.4.1/../../../../arm-none-eabi/lib/armv7-m\libc.a(lib_a-mprec.o)
 *fill*         0x0000863c        0x4 ff
 .rodata.__mprec_bigtens
                0x00008640       0x28 c:/nxp/mcuxpressoide_10.0.2_411/ide/tools/bin/../lib/gcc/arm-none-eabi/5.4.1/../../../../arm-none-eabi/lib/armv7-m\libc.a(lib_a-mprec.o)
                0x00008640                __mprec_bigtens
 .rodata.str1.4
                0x00008668       0x10 c:/nxp/mcuxpressoide_10.0.2_411/ide/tools/bin/../lib/gcc/arm-none-eabi/5.4.1/../../../../arm-none-eabi/lib/armv7-m\libc.a(lib_a-locale.o)
                                 0x12 (size before relaxing)
 .rodata._ctype_
                0x00008678      0x101 c:/nxp/mcuxpressoide_10.0.2_411/ide/tools/bin/../lib/gcc/arm-none-eabi/5.4.1/../../../../arm-none-eabi/lib/armv7-m\libc.a(lib_a-ctype_.o)
                0x00008678                _ctype_
                0x0000877c                . = ALIGN (0x4)
 *fill*         0x00008779        0x3 ff
                0x0000877c                . = ALIGN (0x4)
 *(.init)
 .init          0x0000877c        0x4 c:/nxp/mcuxpressoide_10.0.2_411/ide/tools/bin/../lib/gcc/arm-none-eabi/5.4.1/armv7-m\crti.o
                0x0000877c                _init
 .init          0x00008780        0x8 c:/nxp/mcuxpressoide_10.0.2_411/ide/tools/bin/../lib/gcc/arm-none-eabi/5.4.1/armv7-m\crtn.o
                0x00008788                . = ALIGN (0x4)
                0x00008788                __preinit_array_start = .
 *(.preinit_array)
                0x00008788                __preinit_array_end = .
                0x00008788                . = ALIGN (0x4)
                0x00008788                __init_array_start = .
 *(SORT(.init_array.*))
 *(.init_array)
 .init_array    0x00008788        0x4 ./src/lab3e1.o
 .init_array    0x0000878c        0x4 c:/nxp/mcuxpressoide_10.0.2_411/ide/tools/bin/../lib/gcc/arm-none-eabi/5.4.1/armv7-m\crtbegin.o
                0x00008790                __init_array_end = .
 *(.fini)
 .fini          0x00008790        0x4 c:/nxp/mcuxpressoide_10.0.2_411/ide/tools/bin/../lib/gcc/arm-none-eabi/5.4.1/armv7-m\crti.o
                0x00008790                _fini
 .fini          0x00008794        0x8 c:/nxp/mcuxpressoide_10.0.2_411/ide/tools/bin/../lib/gcc/arm-none-eabi/5.4.1/armv7-m\crtn.o
                0x0000879c                . = ALIGN (0x4)
 *crtbegin.o(.ctors)
 *(EXCLUDE_FILE(*crtend.o) .ctors)
 *(SORT(.ctors.*))
 *crtend.o(.ctors)
                0x0000879c                . = ALIGN (0x4)
 *crtbegin.o(.dtors)
 *(EXCLUDE_FILE(*crtend.o) .dtors)
 *(SORT(.dtors.*))
 *crtend.o(.dtors)
                0x0000879c                . = ALIGN (0x4)

.glue_7         0x0000879c        0x0
 .glue_7        0x0000879c        0x0 linker stubs

.glue_7t        0x0000879c        0x0
 .glue_7t       0x0000879c        0x0 linker stubs

.vfp11_veneer   0x0000879c        0x0
 .vfp11_veneer  0x0000879c        0x0 linker stubs

.v4_bx          0x0000879c        0x0
 .v4_bx         0x0000879c        0x0 linker stubs

.iplt           0x0000879c        0x0
 .iplt          0x0000879c        0x0 ./src/DigitalIoPin.o

.ARM.extab
 *(.ARM.extab* .gnu.linkonce.armextab.*)
                0x0000879c                __exidx_start = .

.ARM.exidx      0x0000879c        0x8
 *(.ARM.exidx* .gnu.linkonce.armexidx.*)
 .ARM.exidx     0x0000879c        0x8 c:/nxp/mcuxpressoide_10.0.2_411/ide/tools/bin/../lib/gcc/arm-none-eabi/5.4.1/armv7-m\libgcc.a(_udivmoddi4.o)
                0x000087a4                __exidx_end = .
                0x000087a4                _etext = .

.rel.dyn        0x000087a4        0x0
 .rel.iplt      0x000087a4        0x0 ./src/DigitalIoPin.o

.eh_frame       0x000087a4        0x0
 .eh_frame      0x000087a4        0x0 c:/nxp/mcuxpressoide_10.0.2_411/ide/tools/bin/../lib/gcc/arm-none-eabi/5.4.1/armv7-m\crtbegin.o

.data_RAM2      0x02008000        0x0 load address 0x000087a4
 FILL mask 0xff
                [!provide]                PROVIDE (__start_data_RAM2, .)
 *(.ramfunc.$RAM2)
 *(.ramfunc.$Ram2_4)
 *(.data.$RAM2*)
 *(.data.$Ram2_4*)
                0x02008000                . = ALIGN (0x4)
                [!provide]                PROVIDE (__end_data_RAM2, .)

.uninit_RESERVED
                0x02000000        0x0
 *(.bss.$RESERVED*)
                0x02000000                . = ALIGN (0x4)
                0x02000000                _end_uninit_RESERVED = .

.data           0x02000000      0x9b0 load address 0x000087a4
 FILL mask 0xff
                0x02000000                _data = .
 *(vtable)
 *(.ramfunc*)
 *(.data*)
 .data.xNextTaskUnblockTime
                0x02000000        0x4 C:\Users\Administrator\Documents\MCUXpressoIDE_10.0.2_411\workspace\freertos\Debug\libfreertos.a(tasks.o)
 .data.uxCriticalNesting
                0x02000004        0x4 C:\Users\Administrator\Documents\MCUXpressoIDE_10.0.2_411\workspace\freertos\Debug\libfreertos.a(port.o)
 .data.impure_data
                0x02000008      0x428 c:/nxp/mcuxpressoide_10.0.2_411/ide/tools/bin/../lib/gcc/arm-none-eabi/5.4.1/../../../../arm-none-eabi/lib/armv7-m\libc.a(lib_a-impure.o)
 .data._impure_ptr
                0x02000430        0x4 c:/nxp/mcuxpressoide_10.0.2_411/ide/tools/bin/../lib/gcc/arm-none-eabi/5.4.1/../../../../arm-none-eabi/lib/armv7-m\libc.a(lib_a-impure.o)
                0x02000430                _impure_ptr
 .data.__malloc_av_
                0x02000434      0x408 c:/nxp/mcuxpressoide_10.0.2_411/ide/tools/bin/../lib/gcc/arm-none-eabi/5.4.1/../../../../arm-none-eabi/lib/armv7-m\libc.a(lib_a-mallocr.o)
                0x02000434                __malloc_av_
 .data.__malloc_trim_threshold
                0x0200083c        0x4 c:/nxp/mcuxpressoide_10.0.2_411/ide/tools/bin/../lib/gcc/arm-none-eabi/5.4.1/../../../../arm-none-eabi/lib/armv7-m\libc.a(lib_a-mallocr.o)
                0x0200083c                __malloc_trim_threshold
 .data.__malloc_sbrk_base
                0x02000840        0x4 c:/nxp/mcuxpressoide_10.0.2_411/ide/tools/bin/../lib/gcc/arm-none-eabi/5.4.1/../../../../arm-none-eabi/lib/armv7-m\libc.a(lib_a-mallocr.o)
                0x02000840                __malloc_sbrk_base
 .data.__global_locale
                0x02000844      0x16c c:/nxp/mcuxpressoide_10.0.2_411/ide/tools/bin/../lib/gcc/arm-none-eabi/5.4.1/../../../../arm-none-eabi/lib/armv7-m\libc.a(lib_a-locale.o)
                0x02000844                __global_locale
                0x020009b0                . = ALIGN (0x4)
                0x020009b0                _edata = .

.igot.plt       0x020009b0        0x0 load address 0x00009154
 .igot.plt      0x020009b0        0x0 ./src/DigitalIoPin.o

.jcr            0x020009b0        0x0 load address 0x00009154
 .jcr           0x020009b0        0x0 c:/nxp/mcuxpressoide_10.0.2_411/ide/tools/bin/../lib/gcc/arm-none-eabi/5.4.1/armv7-m\crtbegin.o

.bss_RAM2       0x02008000        0x0
                [!provide]                PROVIDE (__start_bss_RAM2, .)
 *(.bss.$RAM2*)
 *(.bss.$Ram2_4*)
                0x02008000                . = ALIGN ((. != 0x0)?0x4:0x1)
                [!provide]                PROVIDE (__end_bss_RAM2, .)

.bss            0x020009b0      0x198
                0x020009b0                _bss = .
 *(.bss*)
 .bss.queue     0x020009b0        0x4 ./src/lab3e1.o
                0x020009b0                queue
 .bss.pxCurrentTCB
                0x020009b4        0x4 C:\Users\Administrator\Documents\MCUXpressoIDE_10.0.2_411\workspace\freertos\Debug\libfreertos.a(tasks.o)
                0x020009b4                pxCurrentTCB
 .bss.pxReadyTasksLists
                0x020009b8       0xa0 C:\Users\Administrator\Documents\MCUXpressoIDE_10.0.2_411\workspace\freertos\Debug\libfreertos.a(tasks.o)
 .bss.xDelayedTaskList1
                0x02000a58       0x14 C:\Users\Administrator\Documents\MCUXpressoIDE_10.0.2_411\workspace\freertos\Debug\libfreertos.a(tasks.o)
 .bss.xDelayedTaskList2
                0x02000a6c       0x14 C:\Users\Administrator\Documents\MCUXpressoIDE_10.0.2_411\workspace\freertos\Debug\libfreertos.a(tasks.o)
 .bss.pxDelayedTaskList
                0x02000a80        0x4 C:\Users\Administrator\Documents\MCUXpressoIDE_10.0.2_411\workspace\freertos\Debug\libfreertos.a(tasks.o)
 .bss.pxOverflowDelayedTaskList
                0x02000a84        0x4 C:\Users\Administrator\Documents\MCUXpressoIDE_10.0.2_411\workspace\freertos\Debug\libfreertos.a(tasks.o)
 .bss.xPendingReadyList
                0x02000a88       0x14 C:\Users\Administrator\Documents\MCUXpressoIDE_10.0.2_411\workspace\freertos\Debug\libfreertos.a(tasks.o)
 .bss.xTasksWaitingTermination
                0x02000a9c       0x14 C:\Users\Administrator\Documents\MCUXpressoIDE_10.0.2_411\workspace\freertos\Debug\libfreertos.a(tasks.o)
 .bss.uxTasksDeleted
                0x02000ab0        0x4 C:\Users\Administrator\Documents\MCUXpressoIDE_10.0.2_411\workspace\freertos\Debug\libfreertos.a(tasks.o)
 .bss.xSuspendedTaskList
                0x02000ab4       0x14 C:\Users\Administrator\Documents\MCUXpressoIDE_10.0.2_411\workspace\freertos\Debug\libfreertos.a(tasks.o)
 .bss.uxCurrentNumberOfTasks
                0x02000ac8        0x4 C:\Users\Administrator\Documents\MCUXpressoIDE_10.0.2_411\workspace\freertos\Debug\libfreertos.a(tasks.o)
 .bss.xTickCount
                0x02000acc        0x4 C:\Users\Administrator\Documents\MCUXpressoIDE_10.0.2_411\workspace\freertos\Debug\libfreertos.a(tasks.o)
 .bss.uxTopReadyPriority
                0x02000ad0        0x4 C:\Users\Administrator\Documents\MCUXpressoIDE_10.0.2_411\workspace\freertos\Debug\libfreertos.a(tasks.o)
 .bss.xSchedulerRunning
                0x02000ad4        0x4 C:\Users\Administrator\Documents\MCUXpressoIDE_10.0.2_411\workspace\freertos\Debug\libfreertos.a(tasks.o)
 .bss.uxPendedTicks
                0x02000ad8        0x4 C:\Users\Administrator\Documents\MCUXpressoIDE_10.0.2_411\workspace\freertos\Debug\libfreertos.a(tasks.o)
 .bss.xYieldPending
                0x02000adc        0x4 C:\Users\Administrator\Documents\MCUXpressoIDE_10.0.2_411\workspace\freertos\Debug\libfreertos.a(tasks.o)
 .bss.xNumOfOverflows
                0x02000ae0        0x4 C:\Users\Administrator\Documents\MCUXpressoIDE_10.0.2_411\workspace\freertos\Debug\libfreertos.a(tasks.o)
 .bss.uxTaskNumber
                0x02000ae4        0x4 C:\Users\Administrator\Documents\MCUXpressoIDE_10.0.2_411\workspace\freertos\Debug\libfreertos.a(tasks.o)
 .bss.uxSchedulerSuspended
                0x02000ae8        0x4 C:\Users\Administrator\Documents\MCUXpressoIDE_10.0.2_411\workspace\freertos\Debug\libfreertos.a(tasks.o)
 .bss.__malloc_max_total_mem
                0x02000aec        0x4 c:/nxp/mcuxpressoide_10.0.2_411/ide/tools/bin/../lib/gcc/arm-none-eabi/5.4.1/../../../../arm-none-eabi/lib/armv7-m\libc.a(lib_a-mallocr.o)
                0x02000aec                __malloc_max_total_mem
 .bss.__malloc_max_sbrked_mem
                0x02000af0        0x4 c:/nxp/mcuxpressoide_10.0.2_411/ide/tools/bin/../lib/gcc/arm-none-eabi/5.4.1/../../../../arm-none-eabi/lib/armv7-m\libc.a(lib_a-mallocr.o)
                0x02000af0                __malloc_max_sbrked_mem
 .bss.__malloc_top_pad
                0x02000af4        0x4 c:/nxp/mcuxpressoide_10.0.2_411/ide/tools/bin/../lib/gcc/arm-none-eabi/5.4.1/../../../../arm-none-eabi/lib/armv7-m\libc.a(lib_a-mallocr.o)
                0x02000af4                __malloc_top_pad
 .bss.__malloc_current_mallinfo
                0x02000af8       0x28 c:/nxp/mcuxpressoide_10.0.2_411/ide/tools/bin/../lib/gcc/arm-none-eabi/5.4.1/../../../../arm-none-eabi/lib/armv7-m\libc.a(lib_a-mallocr.o)
                0x02000af8                __malloc_current_mallinfo
 .bss.__end_of_heap
                0x02000b20        0x4 c:/nxp/mcuxpressoide_10.0.2_411/ide/tools/bin/../lib/gcc/arm-none-eabi/5.4.1/../../../../arm-none-eabi/lib/armv7-m\libcr_newlib_nohost.a(_cr_sbrk.o)
                0x02000b20                __end_of_heap
 .bss           0x02000b24       0x1c c:/nxp/mcuxpressoide_10.0.2_411/ide/tools/bin/../lib/gcc/arm-none-eabi/5.4.1/armv7-m\crtbegin.o
 *(COMMON)
 COMMON         0x02000b40        0x4 C:\Users\Administrator\Documents\MCUXpressoIDE_10.0.2_411\workspace\lpc_chip_15xx\Debug\liblpc_chip_15xx.a(chip_15xx.o)
                0x02000b40                SystemCoreClock
 COMMON         0x02000b44        0x4 c:/nxp/mcuxpressoide_10.0.2_411/ide/tools/bin/../lib/gcc/arm-none-eabi/5.4.1/../../../../arm-none-eabi/lib/armv7-m\libc.a(lib_a-reent.o)
                0x02000b44                errno
                0x02000b48                . = ALIGN (0x4)
                0x02000b48                _ebss = .
                [!provide]                PROVIDE (end, .)

.noinit_RAM2    0x02008000        0x0
 *(.noinit.$RAM2*)
 *(.noinit.$Ram2_4*)
                0x02008000                . = ALIGN (0x4)

.noinit         0x02000b48        0x0
                0x02000b48                _noinit = .
 *(.noinit*)
                0x02000b48                . = ALIGN (0x4)
                0x02000b48                _end_noinit = .
                0x02000b48                PROVIDE (_pvHeapStart, DEFINED (__user_heap_base)?__user_heap_base:.)
                0x02008000                PROVIDE (_vStackTop, DEFINED (__user_stack_top)?__user_stack_top:(__top_Ram0_16_32 - 0x0))
                0xfdff732e                PROVIDE (__valid_user_code_checksum, (0x0 - ((((((_vStackTop + (ResetISR + 0x1)) + (NMI_Handler + 0x1)) + (HardFault_Handler + 0x1)) + (DEFINED (MemManage_Handler)?MemManage_Handler:0x0 + 0x1)) + (DEFINED (BusFault_Handler)?BusFault_Handler:0x0 + 0x1)) + (DEFINED (UsageFault_Handler)?UsageFault_Handler:0x0 + 0x1))))
OUTPUT(lab3e1.axf elf32-littlearm)

.debug_info     0x00000000     0xb7f1
 .debug_info    0x00000000      0x652 ./src/DigitalIoPin.o
 .debug_info    0x00000652      0x1b6 ./src/cr_cpp_config.o
 .debug_info    0x00000808      0x281 ./src/cr_startup_lpc15xx.o
 .debug_info    0x00000a89     0x154c ./src/lab3e1.o
 .debug_info    0x00001fd5       0xee ./src/sysinit.o
 .debug_info    0x000020c3      0xb0d C:\Users\Administrator\Documents\MCUXpressoIDE_10.0.2_411\workspace\lpc_board_nxp_lpcxpresso_1549\Debug\liblpc_board_nxp_lpcxpresso_1549.a(board.o)
 .debug_info    0x00002bd0      0xcbc C:\Users\Administrator\Documents\MCUXpressoIDE_10.0.2_411\workspace\lpc_board_nxp_lpcxpresso_1549\Debug\liblpc_board_nxp_lpcxpresso_1549.a(board_sysinit.o)
 .debug_info    0x0000388c      0x9ae C:\Users\Administrator\Documents\MCUXpressoIDE_10.0.2_411\workspace\lpc_chip_15xx\Debug\liblpc_chip_15xx.a(chip_15xx.o)
 .debug_info    0x0000423a      0xd6a C:\Users\Administrator\Documents\MCUXpressoIDE_10.0.2_411\workspace\lpc_chip_15xx\Debug\liblpc_chip_15xx.a(clock_15xx.o)
 .debug_info    0x00004fa4      0x645 C:\Users\Administrator\Documents\MCUXpressoIDE_10.0.2_411\workspace\lpc_chip_15xx\Debug\liblpc_chip_15xx.a(gpio_15xx.o)
 .debug_info    0x000055e9      0x21a C:\Users\Administrator\Documents\MCUXpressoIDE_10.0.2_411\workspace\lpc_chip_15xx\Debug\liblpc_chip_15xx.a(iocon_15xx.o)
 .debug_info    0x00005803      0xa58 C:\Users\Administrator\Documents\MCUXpressoIDE_10.0.2_411\workspace\lpc_chip_15xx\Debug\liblpc_chip_15xx.a(sct_15xx.o)
 .debug_info    0x0000625b      0x60b C:\Users\Administrator\Documents\MCUXpressoIDE_10.0.2_411\workspace\lpc_chip_15xx\Debug\liblpc_chip_15xx.a(swm_15xx.o)
 .debug_info    0x00006866      0x76d C:\Users\Administrator\Documents\MCUXpressoIDE_10.0.2_411\workspace\lpc_chip_15xx\Debug\liblpc_chip_15xx.a(sysctl_15xx.o)
 .debug_info    0x00006fd3      0x748 C:\Users\Administrator\Documents\MCUXpressoIDE_10.0.2_411\workspace\lpc_chip_15xx\Debug\liblpc_chip_15xx.a(sysinit_15xx.o)
 .debug_info    0x0000771b      0x8f4 C:\Users\Administrator\Documents\MCUXpressoIDE_10.0.2_411\workspace\lpc_chip_15xx\Debug\liblpc_chip_15xx.a(uart_15xx.o)
 .debug_info    0x0000800f      0xcb2 C:\Users\Administrator\Documents\MCUXpressoIDE_10.0.2_411\workspace\freertos\Debug\libfreertos.a(queue.o)
 .debug_info    0x00008cc1     0x1b63 C:\Users\Administrator\Documents\MCUXpressoIDE_10.0.2_411\workspace\freertos\Debug\libfreertos.a(tasks.o)
 .debug_info    0x0000a824      0x1ae C:\Users\Administrator\Documents\MCUXpressoIDE_10.0.2_411\workspace\freertos\Debug\libfreertos.a(FreeRTOSCommonHooks.o)
 .debug_info    0x0000a9d2      0x143 C:\Users\Administrator\Documents\MCUXpressoIDE_10.0.2_411\workspace\freertos\Debug\libfreertos.a(heap_3.o)
 .debug_info    0x0000ab15      0x2ee C:\Users\Administrator\Documents\MCUXpressoIDE_10.0.2_411\workspace\freertos\Debug\libfreertos.a(list.o)
 .debug_info    0x0000ae03      0x38e C:\Users\Administrator\Documents\MCUXpressoIDE_10.0.2_411\workspace\freertos\Debug\libfreertos.a(port.o)
 .debug_info    0x0000b191      0x124 c:/nxp/mcuxpressoide_10.0.2_411/ide/tools/bin/../lib/gcc/arm-none-eabi/5.4.1/../../../../arm-none-eabi/lib/armv7-m\libcr_newlib_nohost.a(_cr_sbrk.o)
 .debug_info    0x0000b2b5       0xb5 c:/nxp/mcuxpressoide_10.0.2_411/ide/tools/bin/../lib/gcc/arm-none-eabi/5.4.1/../../../../arm-none-eabi/lib/armv7-m\libcr_newlib_nohost.a(close.o)
 .debug_info    0x0000b36a      0x297 c:/nxp/mcuxpressoide_10.0.2_411/ide/tools/bin/../lib/gcc/arm-none-eabi/5.4.1/../../../../arm-none-eabi/lib/armv7-m\libcr_newlib_nohost.a(fstat.o)
 .debug_info    0x0000b601       0xb5 c:/nxp/mcuxpressoide_10.0.2_411/ide/tools/bin/../lib/gcc/arm-none-eabi/5.4.1/../../../../arm-none-eabi/lib/armv7-m\libcr_newlib_nohost.a(isatty.o)
 .debug_info    0x0000b6b6       0xd1 c:/nxp/mcuxpressoide_10.0.2_411/ide/tools/bin/../lib/gcc/arm-none-eabi/5.4.1/../../../../arm-none-eabi/lib/armv7-m\libcr_newlib_nohost.a(lseek.o)
 .debug_info    0x0000b787       0x6a c:/nxp/mcuxpressoide_10.0.2_411/ide/tools/bin/../lib/gcc/arm-none-eabi/5.4.1/../../../../arm-none-eabi/lib/armv7-m\libcr_newlib_nohost.a(_cr_check_heap.o)

.debug_abbrev   0x00000000     0x2771
 .debug_abbrev  0x00000000      0x29b ./src/DigitalIoPin.o
 .debug_abbrev  0x0000029b       0xfb ./src/cr_cpp_config.o
 .debug_abbrev  0x00000396       0xe7 ./src/cr_startup_lpc15xx.o
 .debug_abbrev  0x0000047d      0x26b ./src/lab3e1.o
 .debug_abbrev  0x000006e8       0x82 ./src/sysinit.o
 .debug_abbrev  0x0000076a      0x240 C:\Users\Administrator\Documents\MCUXpressoIDE_10.0.2_411\workspace\lpc_board_nxp_lpcxpresso_1549\Debug\liblpc_board_nxp_lpcxpresso_1549.a(board.o)
 .debug_abbrev  0x000009aa      0x208 C:\Users\Administrator\Documents\MCUXpressoIDE_10.0.2_411\workspace\lpc_board_nxp_lpcxpresso_1549\Debug\liblpc_board_nxp_lpcxpresso_1549.a(board_sysinit.o)
 .debug_abbrev  0x00000bb2      0x1b3 C:\Users\Administrator\Documents\MCUXpressoIDE_10.0.2_411\workspace\lpc_chip_15xx\Debug\liblpc_chip_15xx.a(chip_15xx.o)
 .debug_abbrev  0x00000d65      0x285 C:\Users\Administrator\Documents\MCUXpressoIDE_10.0.2_411\workspace\lpc_chip_15xx\Debug\liblpc_chip_15xx.a(clock_15xx.o)
 .debug_abbrev  0x00000fea      0x16a C:\Users\Administrator\Documents\MCUXpressoIDE_10.0.2_411\workspace\lpc_chip_15xx\Debug\liblpc_chip_15xx.a(gpio_15xx.o)
 .debug_abbrev  0x00001154      0x137 C:\Users\Administrator\Documents\MCUXpressoIDE_10.0.2_411\workspace\lpc_chip_15xx\Debug\liblpc_chip_15xx.a(iocon_15xx.o)
 .debug_abbrev  0x0000128b      0x200 C:\Users\Administrator\Documents\MCUXpressoIDE_10.0.2_411\workspace\lpc_chip_15xx\Debug\liblpc_chip_15xx.a(sct_15xx.o)
 .debug_abbrev  0x0000148b      0x13e C:\Users\Administrator\Documents\MCUXpressoIDE_10.0.2_411\workspace\lpc_chip_15xx\Debug\liblpc_chip_15xx.a(swm_15xx.o)
 .debug_abbrev  0x000015c9      0x12b C:\Users\Administrator\Documents\MCUXpressoIDE_10.0.2_411\workspace\lpc_chip_15xx\Debug\liblpc_chip_15xx.a(sysctl_15xx.o)
 .debug_abbrev  0x000016f4      0x18c C:\Users\Administrator\Documents\MCUXpressoIDE_10.0.2_411\workspace\lpc_chip_15xx\Debug\liblpc_chip_15xx.a(sysinit_15xx.o)
 .debug_abbrev  0x00001880      0x1e6 C:\Users\Administrator\Documents\MCUXpressoIDE_10.0.2_411\workspace\lpc_chip_15xx\Debug\liblpc_chip_15xx.a(uart_15xx.o)
 .debug_abbrev  0x00001a66      0x1f7 C:\Users\Administrator\Documents\MCUXpressoIDE_10.0.2_411\workspace\freertos\Debug\libfreertos.a(queue.o)
 .debug_abbrev  0x00001c5d      0x342 C:\Users\Administrator\Documents\MCUXpressoIDE_10.0.2_411\workspace\freertos\Debug\libfreertos.a(tasks.o)
 .debug_abbrev  0x00001f9f      0x129 C:\Users\Administrator\Documents\MCUXpressoIDE_10.0.2_411\workspace\freertos\Debug\libfreertos.a(FreeRTOSCommonHooks.o)
 .debug_abbrev  0x000020c8       0xd4 C:\Users\Administrator\Documents\MCUXpressoIDE_10.0.2_411\workspace\freertos\Debug\libfreertos.a(heap_3.o)
 .debug_abbrev  0x0000219c       0xec C:\Users\Administrator\Documents\MCUXpressoIDE_10.0.2_411\workspace\freertos\Debug\libfreertos.a(list.o)
 .debug_abbrev  0x00002288      0x1ad C:\Users\Administrator\Documents\MCUXpressoIDE_10.0.2_411\workspace\freertos\Debug\libfreertos.a(port.o)
 .debug_abbrev  0x00002435       0xcf c:/nxp/mcuxpressoide_10.0.2_411/ide/tools/bin/../lib/gcc/arm-none-eabi/5.4.1/../../../../arm-none-eabi/lib/armv7-m\libcr_newlib_nohost.a(_cr_sbrk.o)
 .debug_abbrev  0x00002504       0x66 c:/nxp/mcuxpressoide_10.0.2_411/ide/tools/bin/../lib/gcc/arm-none-eabi/5.4.1/../../../../arm-none-eabi/lib/armv7-m\libcr_newlib_nohost.a(close.o)
 .debug_abbrev  0x0000256a       0xbb c:/nxp/mcuxpressoide_10.0.2_411/ide/tools/bin/../lib/gcc/arm-none-eabi/5.4.1/../../../../arm-none-eabi/lib/armv7-m\libcr_newlib_nohost.a(fstat.o)
 .debug_abbrev  0x00002625       0x66 c:/nxp/mcuxpressoide_10.0.2_411/ide/tools/bin/../lib/gcc/arm-none-eabi/5.4.1/../../../../arm-none-eabi/lib/armv7-m\libcr_newlib_nohost.a(isatty.o)
 .debug_abbrev  0x0000268b       0x84 c:/nxp/mcuxpressoide_10.0.2_411/ide/tools/bin/../lib/gcc/arm-none-eabi/5.4.1/../../../../arm-none-eabi/lib/armv7-m\libcr_newlib_nohost.a(lseek.o)
 .debug_abbrev  0x0000270f       0x62 c:/nxp/mcuxpressoide_10.0.2_411/ide/tools/bin/../lib/gcc/arm-none-eabi/5.4.1/../../../../arm-none-eabi/lib/armv7-m\libcr_newlib_nohost.a(_cr_check_heap.o)

.debug_aranges  0x00000000      0xb48
 .debug_aranges
                0x00000000       0x68 ./src/DigitalIoPin.o
 .debug_aranges
                0x00000068       0x48 ./src/cr_cpp_config.o
 .debug_aranges
                0x000000b0       0x80 ./src/cr_startup_lpc15xx.o
 .debug_aranges
                0x00000130       0x58 ./src/lab3e1.o
 .debug_aranges
                0x00000188       0x20 ./src/sysinit.o
 .debug_aranges
                0x000001a8       0xd0 C:\Users\Administrator\Documents\MCUXpressoIDE_10.0.2_411\workspace\lpc_board_nxp_lpcxpresso_1549\Debug\liblpc_board_nxp_lpcxpresso_1549.a(board.o)
 .debug_aranges
                0x00000278       0x60 C:\Users\Administrator\Documents\MCUXpressoIDE_10.0.2_411\workspace\lpc_board_nxp_lpcxpresso_1549\Debug\liblpc_board_nxp_lpcxpresso_1549.a(board_sysinit.o)
 .debug_aranges
                0x000002d8       0x50 C:\Users\Administrator\Documents\MCUXpressoIDE_10.0.2_411\workspace\lpc_chip_15xx\Debug\liblpc_chip_15xx.a(chip_15xx.o)
 .debug_aranges
                0x00000328      0x128 C:\Users\Administrator\Documents\MCUXpressoIDE_10.0.2_411\workspace\lpc_chip_15xx\Debug\liblpc_chip_15xx.a(clock_15xx.o)
 .debug_aranges
                0x00000450       0x70 C:\Users\Administrator\Documents\MCUXpressoIDE_10.0.2_411\workspace\lpc_chip_15xx\Debug\liblpc_chip_15xx.a(gpio_15xx.o)
 .debug_aranges
                0x000004c0       0x28 C:\Users\Administrator\Documents\MCUXpressoIDE_10.0.2_411\workspace\lpc_chip_15xx\Debug\liblpc_chip_15xx.a(iocon_15xx.o)
 .debug_aranges
                0x000004e8       0x50 C:\Users\Administrator\Documents\MCUXpressoIDE_10.0.2_411\workspace\lpc_chip_15xx\Debug\liblpc_chip_15xx.a(sct_15xx.o)
 .debug_aranges
                0x00000538       0x40 C:\Users\Administrator\Documents\MCUXpressoIDE_10.0.2_411\workspace\lpc_chip_15xx\Debug\liblpc_chip_15xx.a(swm_15xx.o)
 .debug_aranges
                0x00000578       0x50 C:\Users\Administrator\Documents\MCUXpressoIDE_10.0.2_411\workspace\lpc_chip_15xx\Debug\liblpc_chip_15xx.a(sysctl_15xx.o)
 .debug_aranges
                0x000005c8       0x58 C:\Users\Administrator\Documents\MCUXpressoIDE_10.0.2_411\workspace\lpc_chip_15xx\Debug\liblpc_chip_15xx.a(sysinit_15xx.o)
 .debug_aranges
                0x00000620       0xc8 C:\Users\Administrator\Documents\MCUXpressoIDE_10.0.2_411\workspace\lpc_chip_15xx\Debug\liblpc_chip_15xx.a(uart_15xx.o)
 .debug_aranges
                0x000006e8       0xf0 C:\Users\Administrator\Documents\MCUXpressoIDE_10.0.2_411\workspace\freertos\Debug\libfreertos.a(queue.o)
 .debug_aranges
                0x000007d8      0x180 C:\Users\Administrator\Documents\MCUXpressoIDE_10.0.2_411\workspace\freertos\Debug\libfreertos.a(tasks.o)
 .debug_aranges
                0x00000958       0x40 C:\Users\Administrator\Documents\MCUXpressoIDE_10.0.2_411\workspace\freertos\Debug\libfreertos.a(FreeRTOSCommonHooks.o)
 .debug_aranges
                0x00000998       0x28 C:\Users\Administrator\Documents\MCUXpressoIDE_10.0.2_411\workspace\freertos\Debug\libfreertos.a(heap_3.o)
 .debug_aranges
                0x000009c0       0x40 C:\Users\Administrator\Documents\MCUXpressoIDE_10.0.2_411\workspace\freertos\Debug\libfreertos.a(list.o)
 .debug_aranges
                0x00000a00       0x88 C:\Users\Administrator\Documents\MCUXpressoIDE_10.0.2_411\workspace\freertos\Debug\libfreertos.a(port.o)
 .debug_aranges
                0x00000a88       0x20 c:/nxp/mcuxpressoide_10.0.2_411/ide/tools/bin/../lib/gcc/arm-none-eabi/5.4.1/../../../../arm-none-eabi/lib/armv7-m\libcr_newlib_nohost.a(_cr_sbrk.o)
 .debug_aranges
                0x00000aa8       0x20 c:/nxp/mcuxpressoide_10.0.2_411/ide/tools/bin/../lib/gcc/arm-none-eabi/5.4.1/../../../../arm-none-eabi/lib/armv7-m\libcr_newlib_nohost.a(close.o)
 .debug_aranges
                0x00000ac8       0x20 c:/nxp/mcuxpressoide_10.0.2_411/ide/tools/bin/../lib/gcc/arm-none-eabi/5.4.1/../../../../arm-none-eabi/lib/armv7-m\libcr_newlib_nohost.a(fstat.o)
 .debug_aranges
                0x00000ae8       0x20 c:/nxp/mcuxpressoide_10.0.2_411/ide/tools/bin/../lib/gcc/arm-none-eabi/5.4.1/../../../../arm-none-eabi/lib/armv7-m\libcr_newlib_nohost.a(isatty.o)
 .debug_aranges
                0x00000b08       0x20 c:/nxp/mcuxpressoide_10.0.2_411/ide/tools/bin/../lib/gcc/arm-none-eabi/5.4.1/../../../../arm-none-eabi/lib/armv7-m\libcr_newlib_nohost.a(lseek.o)
 .debug_aranges
                0x00000b28       0x20 c:/nxp/mcuxpressoide_10.0.2_411/ide/tools/bin/../lib/gcc/arm-none-eabi/5.4.1/../../../../arm-none-eabi/lib/armv7-m\libcr_newlib_nohost.a(_cr_check_heap.o)

.debug_ranges   0x00000000      0x9a0
 .debug_ranges  0x00000000       0x58 ./src/DigitalIoPin.o
 .debug_ranges  0x00000058       0x38 ./src/cr_cpp_config.o
 .debug_ranges  0x00000090       0x70 ./src/cr_startup_lpc15xx.o
 .debug_ranges  0x00000100       0x48 ./src/lab3e1.o
 .debug_ranges  0x00000148       0x10 ./src/sysinit.o
 .debug_ranges  0x00000158       0xd8 C:\Users\Administrator\Documents\MCUXpressoIDE_10.0.2_411\workspace\lpc_board_nxp_lpcxpresso_1549\Debug\liblpc_board_nxp_lpcxpresso_1549.a(board.o)
 .debug_ranges  0x00000230       0x50 C:\Users\Administrator\Documents\MCUXpressoIDE_10.0.2_411\workspace\lpc_board_nxp_lpcxpresso_1549\Debug\liblpc_board_nxp_lpcxpresso_1549.a(board_sysinit.o)
 .debug_ranges  0x00000280       0x40 C:\Users\Administrator\Documents\MCUXpressoIDE_10.0.2_411\workspace\lpc_chip_15xx\Debug\liblpc_chip_15xx.a(chip_15xx.o)
 .debug_ranges  0x000002c0      0x118 C:\Users\Administrator\Documents\MCUXpressoIDE_10.0.2_411\workspace\lpc_chip_15xx\Debug\liblpc_chip_15xx.a(clock_15xx.o)
 .debug_ranges  0x000003d8       0x60 C:\Users\Administrator\Documents\MCUXpressoIDE_10.0.2_411\workspace\lpc_chip_15xx\Debug\liblpc_chip_15xx.a(gpio_15xx.o)
 .debug_ranges  0x00000438       0x18 C:\Users\Administrator\Documents\MCUXpressoIDE_10.0.2_411\workspace\lpc_chip_15xx\Debug\liblpc_chip_15xx.a(iocon_15xx.o)
 .debug_ranges  0x00000450       0x40 C:\Users\Administrator\Documents\MCUXpressoIDE_10.0.2_411\workspace\lpc_chip_15xx\Debug\liblpc_chip_15xx.a(sct_15xx.o)
 .debug_ranges  0x00000490       0x30 C:\Users\Administrator\Documents\MCUXpressoIDE_10.0.2_411\workspace\lpc_chip_15xx\Debug\liblpc_chip_15xx.a(swm_15xx.o)
 .debug_ranges  0x000004c0       0x40 C:\Users\Administrator\Documents\MCUXpressoIDE_10.0.2_411\workspace\lpc_chip_15xx\Debug\liblpc_chip_15xx.a(sysctl_15xx.o)
 .debug_ranges  0x00000500       0x48 C:\Users\Administrator\Documents\MCUXpressoIDE_10.0.2_411\workspace\lpc_chip_15xx\Debug\liblpc_chip_15xx.a(sysinit_15xx.o)
 .debug_ranges  0x00000548       0xb8 C:\Users\Administrator\Documents\MCUXpressoIDE_10.0.2_411\workspace\lpc_chip_15xx\Debug\liblpc_chip_15xx.a(uart_15xx.o)
 .debug_ranges  0x00000600       0xe0 C:\Users\Administrator\Documents\MCUXpressoIDE_10.0.2_411\workspace\freertos\Debug\libfreertos.a(queue.o)
 .debug_ranges  0x000006e0      0x170 C:\Users\Administrator\Documents\MCUXpressoIDE_10.0.2_411\workspace\freertos\Debug\libfreertos.a(tasks.o)
 .debug_ranges  0x00000850       0x30 C:\Users\Administrator\Documents\MCUXpressoIDE_10.0.2_411\workspace\freertos\Debug\libfreertos.a(FreeRTOSCommonHooks.o)
 .debug_ranges  0x00000880       0x18 C:\Users\Administrator\Documents\MCUXpressoIDE_10.0.2_411\workspace\freertos\Debug\libfreertos.a(heap_3.o)
 .debug_ranges  0x00000898       0x30 C:\Users\Administrator\Documents\MCUXpressoIDE_10.0.2_411\workspace\freertos\Debug\libfreertos.a(list.o)
 .debug_ranges  0x000008c8       0x78 C:\Users\Administrator\Documents\MCUXpressoIDE_10.0.2_411\workspace\freertos\Debug\libfreertos.a(port.o)
 .debug_ranges  0x00000940       0x10 c:/nxp/mcuxpressoide_10.0.2_411/ide/tools/bin/../lib/gcc/arm-none-eabi/5.4.1/../../../../arm-none-eabi/lib/armv7-m\libcr_newlib_nohost.a(_cr_sbrk.o)
 .debug_ranges  0x00000950       0x10 c:/nxp/mcuxpressoide_10.0.2_411/ide/tools/bin/../lib/gcc/arm-none-eabi/5.4.1/../../../../arm-none-eabi/lib/armv7-m\libcr_newlib_nohost.a(close.o)
 .debug_ranges  0x00000960       0x10 c:/nxp/mcuxpressoide_10.0.2_411/ide/tools/bin/../lib/gcc/arm-none-eabi/5.4.1/../../../../arm-none-eabi/lib/armv7-m\libcr_newlib_nohost.a(fstat.o)
 .debug_ranges  0x00000970       0x10 c:/nxp/mcuxpressoide_10.0.2_411/ide/tools/bin/../lib/gcc/arm-none-eabi/5.4.1/../../../../arm-none-eabi/lib/armv7-m\libcr_newlib_nohost.a(isatty.o)
 .debug_ranges  0x00000980       0x10 c:/nxp/mcuxpressoide_10.0.2_411/ide/tools/bin/../lib/gcc/arm-none-eabi/5.4.1/../../../../arm-none-eabi/lib/armv7-m\libcr_newlib_nohost.a(lseek.o)
 .debug_ranges  0x00000990       0x10 c:/nxp/mcuxpressoide_10.0.2_411/ide/tools/bin/../lib/gcc/arm-none-eabi/5.4.1/../../../../arm-none-eabi/lib/armv7-m\libcr_newlib_nohost.a(_cr_check_heap.o)

.debug_macro    0x00000000     0xb1bb
 .debug_macro   0x00000000      0x26f ./src/DigitalIoPin.o
 .debug_macro   0x0000026f      0x934 ./src/DigitalIoPin.o
 .debug_macro   0x00000ba3       0x1c ./src/DigitalIoPin.o
 .debug_macro   0x00000bbf       0x22 ./src/DigitalIoPin.o
 .debug_macro   0x00000be1       0x4f ./src/DigitalIoPin.o
 .debug_macro   0x00000c30       0x44 ./src/DigitalIoPin.o
 .debug_macro   0x00000c74       0xfd ./src/DigitalIoPin.o
 .debug_macro   0x00000d71       0x5e ./src/DigitalIoPin.o
 .debug_macro   0x00000dcf      0x1df ./src/DigitalIoPin.o
 .debug_macro   0x00000fae       0x16 ./src/DigitalIoPin.o
 .debug_macro   0x00000fc4       0x7b ./src/DigitalIoPin.o
 .debug_macro   0x0000103f       0x10 ./src/DigitalIoPin.o
 .debug_macro   0x0000104f       0x2d ./src/DigitalIoPin.o
 .debug_macro   0x0000107c       0x3a ./src/DigitalIoPin.o
 .debug_macro   0x000010b6       0x2d ./src/DigitalIoPin.o